<html>
<body>
<pre>
<h1>礦ision Build Log</h1>
<h2>Tool Versions:</h2>
IDE-Version: μVision V5.20.0.0
Copyright (C) 2016 ARM Ltd and ARM Germany GmbH. All rights reserved.
License Information: lu haifeng, 太原工业学院, LIC=KRMW3-AHK28-MML9I-TMH65-IMF3U-FU94B
 
Tool Versions:
Toolchain:       MDK-ARM Plus  Version: 5.20
Toolchain Path:  C:\keil\MDK\ARM\ARMCC\Bin
C Compiler:      Armcc.exe V5.06 update 2 (build 183)
Assembler:       Armasm.exe V5.06 update 2 (build 183)
Linker/Locator:  ArmLink.exe V5.06 update 2 (build 183)
Library Manager: ArmAr.exe V5.06 update 2 (build 183)
Hex Converter:   FromElf.exe V5.06 update 2 (build 183)
CPU DLL:         SARMCM3.DLL V5.20
Dialog DLL:      DCM.DLL V1.13.7.0
Target DLL:      Segger\JL2CM3.dll V2.99.20.0
Dialog DLL:      TCM.DLL V1.14.9.0
 
<h2>Project:</h2>
D:\CH207\CH32F20xEVT\EVT\EXAM\FreeRTOS\FreeRTOS_Core\FreeRTOS_Core.uvprojx
Project File Date:  08/08/2023

<h2>Output:</h2>
*** Using Compiler 'V5.06 update 2 (build 183)', folder: 'C:\keil\MDK\ARM\ARMCC\Bin'
Build target 'CH32F20x'
compiling Main.c...
linking...
Program Size: Code=34128 RO-data=716 RW-data=480 ZI-data=37440  
FromELF: creating hex file...
".\obj\CH32F20x.axf" - 0 Error(s), 0 Warning(s).

<h2>Collection of Component include folders:</h2>
  D:\CH207\CH32F20xEVT\EVT\EXAM\FreeRTOS\FreeRTOS_Core\RTE
  C:\keil\MDK\ARM\PACK\Keil\WCH32F2xx_DFP\1.0.2\Device\Include

<h2>Collection of Component Files used:</h2>
Build Time Elapsed:  00:00:01
</pre>
</body>
</html>
