<!doctype html public "-//w3c//dtd html 4.0 transitional//en">
<html><head>
<title>Static Call Graph - [.\obj\CH32F20x.axf]</title></head>
<body><HR>
<H1>Static Call Graph for image .\obj\CH32F20x.axf</H1><HR>
<BR><P>#&#060CALLGRAPH&#062# ARM Linker, 5060183: Last Updated: Wed Dec 20 13:13:20 2023
<BR><P>
<H3>Maximum Stack Usage =        604 bytes + Unknown(Functions without stacksize, Cycles, Untraceable Function Pointers)</H3><H3>
Call chain for Maximum Stack Depth:</H3>
__rt_entry_main &rArr; main &rArr; ETH_LibInit &rArr; WCHNET_Init &rArr; wch_ethernetif_init &rArr; netif_add &rArr; netif_set_addr &rArr; netif_set_ipaddr &rArr; tcp_abandon &rArr; LwipRemoveTcpPcb &rArr; WCHScokedIntHandle &rArr; tcp_close &rArr;  LwipRemoveTcpPcb (Cycle)
<P>
<H3>
Functions with no stack information
</H3><UL>
 <LI><a href="#[99]">__user_initial_stackheap</a>
</UL>
</UL>
<P>
<H3>
Mutually Recursive functions
</H3> <LI><a href="#[5]">HardFault_Handler</a>&nbsp;&nbsp;&nbsp;&rArr;&nbsp;&nbsp;&nbsp;<a href="#[5]">HardFault_Handler</a><BR>
 <LI><a href="#[1f]">ADC1_2_IRQHandler</a>&nbsp;&nbsp;&nbsp;&rArr;&nbsp;&nbsp;&nbsp;<a href="#[1f]">ADC1_2_IRQHandler</a><BR>
 <LI><a href="#[10b]">tcp_close</a>&nbsp;&nbsp;&nbsp;&rArr;&nbsp;&nbsp;&nbsp;<a href="#[c8]">LwipRemoveTcpPcb</a><BR>
</UL>
<P>
<H3>
Function Pointers
</H3><UL>
 <LI><a href="#[1f]">ADC1_2_IRQHandler</a> from startup_ch32f20x_d8c.o(.text) referenced from startup_ch32f20x_d8c.o(RESET)
 <LI><a href="#[7]">BusFault_Handler</a> from ch32f20x_it.o(i.BusFault_Handler) referenced from startup_ch32f20x_d8c.o(RESET)
 <LI><a href="#[22]">CAN1_RX1_IRQHandler</a> from startup_ch32f20x_d8c.o(.text) referenced from startup_ch32f20x_d8c.o(RESET)
 <LI><a href="#[23]">CAN1_SCE_IRQHandler</a> from startup_ch32f20x_d8c.o(.text) referenced from startup_ch32f20x_d8c.o(RESET)
 <LI><a href="#[4c]">CAN2_RX0_IRQHandler</a> from startup_ch32f20x_d8c.o(.text) referenced from startup_ch32f20x_d8c.o(RESET)
 <LI><a href="#[4d]">CAN2_RX1_IRQHandler</a> from startup_ch32f20x_d8c.o(.text) referenced from startup_ch32f20x_d8c.o(RESET)
 <LI><a href="#[4e]">CAN2_SCE_IRQHandler</a> from startup_ch32f20x_d8c.o(.text) referenced from startup_ch32f20x_d8c.o(RESET)
 <LI><a href="#[4b]">CAN2_TX_IRQHandler</a> from startup_ch32f20x_d8c.o(.text) referenced from startup_ch32f20x_d8c.o(RESET)
 <LI><a href="#[18]">DMA1_Channel1_IRQHandler</a> from startup_ch32f20x_d8c.o(.text) referenced from startup_ch32f20x_d8c.o(RESET)
 <LI><a href="#[19]">DMA1_Channel2_IRQHandler</a> from startup_ch32f20x_d8c.o(.text) referenced from startup_ch32f20x_d8c.o(RESET)
 <LI><a href="#[1a]">DMA1_Channel3_IRQHandler</a> from startup_ch32f20x_d8c.o(.text) referenced from startup_ch32f20x_d8c.o(RESET)
 <LI><a href="#[1b]">DMA1_Channel4_IRQHandler</a> from startup_ch32f20x_d8c.o(.text) referenced from startup_ch32f20x_d8c.o(RESET)
 <LI><a href="#[1c]">DMA1_Channel5_IRQHandler</a> from startup_ch32f20x_d8c.o(.text) referenced from startup_ch32f20x_d8c.o(RESET)
 <LI><a href="#[1d]">DMA1_Channel6_IRQHandler</a> from startup_ch32f20x_d8c.o(.text) referenced from startup_ch32f20x_d8c.o(RESET)
 <LI><a href="#[1e]">DMA1_Channel7_IRQHandler</a> from startup_ch32f20x_d8c.o(.text) referenced from startup_ch32f20x_d8c.o(RESET)
 <LI><a href="#[62]">DMA2_Channel10_IRQHandler</a> from startup_ch32f20x_d8c.o(.text) referenced from startup_ch32f20x_d8c.o(RESET)
 <LI><a href="#[63]">DMA2_Channel11_IRQHandler</a> from startup_ch32f20x_d8c.o(.text) referenced from startup_ch32f20x_d8c.o(RESET)
 <LI><a href="#[44]">DMA2_Channel1_IRQHandler</a> from startup_ch32f20x_d8c.o(.text) referenced from startup_ch32f20x_d8c.o(RESET)
 <LI><a href="#[45]">DMA2_Channel2_IRQHandler</a> from startup_ch32f20x_d8c.o(.text) referenced from startup_ch32f20x_d8c.o(RESET)
 <LI><a href="#[46]">DMA2_Channel3_IRQHandler</a> from startup_ch32f20x_d8c.o(.text) referenced from startup_ch32f20x_d8c.o(RESET)
 <LI><a href="#[47]">DMA2_Channel4_IRQHandler</a> from startup_ch32f20x_d8c.o(.text) referenced from startup_ch32f20x_d8c.o(RESET)
 <LI><a href="#[48]">DMA2_Channel5_IRQHandler</a> from startup_ch32f20x_d8c.o(.text) referenced from startup_ch32f20x_d8c.o(RESET)
 <LI><a href="#[5e]">DMA2_Channel6_IRQHandler</a> from startup_ch32f20x_d8c.o(.text) referenced from startup_ch32f20x_d8c.o(RESET)
 <LI><a href="#[5f]">DMA2_Channel7_IRQHandler</a> from startup_ch32f20x_d8c.o(.text) referenced from startup_ch32f20x_d8c.o(RESET)
 <LI><a href="#[60]">DMA2_Channel8_IRQHandler</a> from startup_ch32f20x_d8c.o(.text) referenced from startup_ch32f20x_d8c.o(RESET)
 <LI><a href="#[61]">DMA2_Channel9_IRQHandler</a> from startup_ch32f20x_d8c.o(.text) referenced from startup_ch32f20x_d8c.o(RESET)
 <LI><a href="#[52]">DVP_IRQHandler</a> from startup_ch32f20x_d8c.o(.text) referenced from startup_ch32f20x_d8c.o(RESET)
 <LI><a href="#[a]">DebugMon_Handler</a> from ch32f20x_it.o(i.DebugMon_Handler) referenced from startup_ch32f20x_d8c.o(RESET)
 <LI><a href="#[49]">ETH_IRQHandler</a> from ch32f20x_it.o(i.ETH_IRQHandler) referenced from startup_ch32f20x_d8c.o(RESET)
 <LI><a href="#[69]">ETH_LedDataSet</a> from eth_driver_d8c_10m.o(i.ETH_LedDataSet) referenced from eth_driver_d8c_10m.o(i.ETH_LibInit)
 <LI><a href="#[68]">ETH_LedLinkSet</a> from eth_driver_d8c_10m.o(i.ETH_LedLinkSet) referenced from eth_driver_d8c_10m.o(i.ETH_LibInit)
 <LI><a href="#[6a]">ETH_TxPktChainMode</a> from eth_driver_d8c_10m.o(i.ETH_TxPktChainMode) referenced from eth_driver_d8c_10m.o(i.ETH_LibInit)
 <LI><a href="#[4a]">ETH_WKUP_IRQHandler</a> from startup_ch32f20x_d8c.o(.text) referenced from startup_ch32f20x_d8c.o(RESET)
 <LI><a href="#[13]">EXTI0_IRQHandler</a> from startup_ch32f20x_d8c.o(.text) referenced from startup_ch32f20x_d8c.o(RESET)
 <LI><a href="#[35]">EXTI15_10_IRQHandler</a> from startup_ch32f20x_d8c.o(.text) referenced from startup_ch32f20x_d8c.o(RESET)
 <LI><a href="#[14]">EXTI1_IRQHandler</a> from startup_ch32f20x_d8c.o(.text) referenced from startup_ch32f20x_d8c.o(RESET)
 <LI><a href="#[15]">EXTI2_IRQHandler</a> from startup_ch32f20x_d8c.o(.text) referenced from startup_ch32f20x_d8c.o(RESET)
 <LI><a href="#[16]">EXTI3_IRQHandler</a> from startup_ch32f20x_d8c.o(.text) referenced from startup_ch32f20x_d8c.o(RESET)
 <LI><a href="#[17]">EXTI4_IRQHandler</a> from startup_ch32f20x_d8c.o(.text) referenced from startup_ch32f20x_d8c.o(RESET)
 <LI><a href="#[24]">EXTI9_5_IRQHandler</a> from ch32f20x_it.o(i.EXTI9_5_IRQHandler) referenced from startup_ch32f20x_d8c.o(RESET)
 <LI><a href="#[11]">FLASH_IRQHandler</a> from startup_ch32f20x_d8c.o(.text) referenced from startup_ch32f20x_d8c.o(RESET)
 <LI><a href="#[3c]">FSMC_IRQHandler</a> from startup_ch32f20x_d8c.o(.text) referenced from startup_ch32f20x_d8c.o(RESET)
 <LI><a href="#[5]">HardFault_Handler</a> from startup_ch32f20x_d8c.o(.text) referenced from startup_ch32f20x_d8c.o(RESET)
 <LI><a href="#[2d]">I2C1_ER_IRQHandler</a> from startup_ch32f20x_d8c.o(.text) referenced from startup_ch32f20x_d8c.o(RESET)
 <LI><a href="#[2c]">I2C1_EV_IRQHandler</a> from startup_ch32f20x_d8c.o(.text) referenced from startup_ch32f20x_d8c.o(RESET)
 <LI><a href="#[2f]">I2C2_ER_IRQHandler</a> from startup_ch32f20x_d8c.o(.text) referenced from startup_ch32f20x_d8c.o(RESET)
 <LI><a href="#[2e]">I2C2_EV_IRQHandler</a> from startup_ch32f20x_d8c.o(.text) referenced from startup_ch32f20x_d8c.o(RESET)
 <LI><a href="#[6]">MemManage_Handler</a> from ch32f20x_it.o(i.MemManage_Handler) referenced from startup_ch32f20x_d8c.o(RESET)
 <LI><a href="#[6e]">NET_TCPError</a> from socket.o(i.NET_TCPError) referenced from socket.o(i.WCHNET_SocketCreat)
 <LI><a href="#[4]">NMI_Handler</a> from ch32f20x_it.o(i.NMI_Handler) referenced from startup_ch32f20x_d8c.o(RESET)
 <LI><a href="#[4f]">OTG_FS_IRQHandler</a> from startup_ch32f20x_d8c.o(.text) referenced from startup_ch32f20x_d8c.o(RESET)
 <LI><a href="#[e]">PVD_IRQHandler</a> from startup_ch32f20x_d8c.o(.text) referenced from startup_ch32f20x_d8c.o(RESET)
 <LI><a href="#[b]">PendSV_Handler</a> from port.o(.emb_text) referenced from startup_ch32f20x_d8c.o(RESET)
 <LI><a href="#[12]">RCC_IRQHandler</a> from startup_ch32f20x_d8c.o(.text) referenced from startup_ch32f20x_d8c.o(RESET)
 <LI><a href="#[3b]">RNG_IRQHandler</a> from startup_ch32f20x_d8c.o(.text) referenced from startup_ch32f20x_d8c.o(RESET)
 <LI><a href="#[36]">RTCAlarm_IRQHandler</a> from startup_ch32f20x_d8c.o(.text) referenced from startup_ch32f20x_d8c.o(RESET)
 <LI><a href="#[10]">RTC_IRQHandler</a> from startup_ch32f20x_d8c.o(.text) referenced from startup_ch32f20x_d8c.o(RESET)
 <LI><a href="#[3]">Reset_Handler</a> from startup_ch32f20x_d8c.o(.text) referenced from startup_ch32f20x_d8c.o(RESET)
 <LI><a href="#[3d]">SDIO_IRQHandler</a> from startup_ch32f20x_d8c.o(.text) referenced from startup_ch32f20x_d8c.o(RESET)
 <LI><a href="#[30]">SPI1_IRQHandler</a> from startup_ch32f20x_d8c.o(.text) referenced from startup_ch32f20x_d8c.o(RESET)
 <LI><a href="#[31]">SPI2_IRQHandler</a> from startup_ch32f20x_d8c.o(.text) referenced from startup_ch32f20x_d8c.o(RESET)
 <LI><a href="#[3f]">SPI3_IRQHandler</a> from startup_ch32f20x_d8c.o(.text) referenced from startup_ch32f20x_d8c.o(RESET)
 <LI><a href="#[9]">SVC_Handler</a> from port.o(.emb_text) referenced from startup_ch32f20x_d8c.o(RESET)
 <LI><a href="#[6c]">SocketIPRAWReceive</a> from socket.o(i.SocketIPRAWReceive) referenced from socket.o(i.WCHNET_SocketCreat)
 <LI><a href="#[6d]">SocketUdpReceive</a> from socket.o(i.SocketUdpReceive) referenced from socket.o(i.WCHNET_SocketCreat)
 <LI><a href="#[c]">SysTick_Handler</a> from port.o(i.SysTick_Handler) referenced from startup_ch32f20x_d8c.o(RESET)
 <LI><a href="#[64]">SystemInit</a> from system_ch32f20x.o(i.SystemInit) referenced from startup_ch32f20x_d8c.o(.text)
 <LI><a href="#[f]">TAMPER_IRQHandler</a> from startup_ch32f20x_d8c.o(.text) referenced from startup_ch32f20x_d8c.o(RESET)
 <LI><a href="#[5a]">TIM10_BRK_IRQHandler</a> from startup_ch32f20x_d8c.o(.text) referenced from startup_ch32f20x_d8c.o(RESET)
 <LI><a href="#[5d]">TIM10_CC_IRQHandler</a> from startup_ch32f20x_d8c.o(.text) referenced from startup_ch32f20x_d8c.o(RESET)
 <LI><a href="#[5c]">TIM10_TRG_COM_IRQHandler</a> from startup_ch32f20x_d8c.o(.text) referenced from startup_ch32f20x_d8c.o(RESET)
 <LI><a href="#[5b]">TIM10_UP_IRQHandler</a> from startup_ch32f20x_d8c.o(.text) referenced from startup_ch32f20x_d8c.o(RESET)
 <LI><a href="#[25]">TIM1_BRK_IRQHandler</a> from startup_ch32f20x_d8c.o(.text) referenced from startup_ch32f20x_d8c.o(RESET)
 <LI><a href="#[28]">TIM1_CC_IRQHandler</a> from startup_ch32f20x_d8c.o(.text) referenced from startup_ch32f20x_d8c.o(RESET)
 <LI><a href="#[27]">TIM1_TRG_COM_IRQHandler</a> from startup_ch32f20x_d8c.o(.text) referenced from startup_ch32f20x_d8c.o(RESET)
 <LI><a href="#[26]">TIM1_UP_IRQHandler</a> from startup_ch32f20x_d8c.o(.text) referenced from startup_ch32f20x_d8c.o(RESET)
 <LI><a href="#[29]">TIM2_IRQHandler</a> from startup_ch32f20x_d8c.o(.text) referenced from startup_ch32f20x_d8c.o(RESET)
 <LI><a href="#[2a]">TIM3_IRQHandler</a> from startup_ch32f20x_d8c.o(.text) referenced from startup_ch32f20x_d8c.o(RESET)
 <LI><a href="#[2b]">TIM4_IRQHandler</a> from startup_ch32f20x_d8c.o(.text) referenced from startup_ch32f20x_d8c.o(RESET)
 <LI><a href="#[3e]">TIM5_IRQHandler</a> from startup_ch32f20x_d8c.o(.text) referenced from startup_ch32f20x_d8c.o(RESET)
 <LI><a href="#[42]">TIM6_IRQHandler</a> from startup_ch32f20x_d8c.o(.text) referenced from startup_ch32f20x_d8c.o(RESET)
 <LI><a href="#[43]">TIM7_IRQHandler</a> from startup_ch32f20x_d8c.o(.text) referenced from startup_ch32f20x_d8c.o(RESET)
 <LI><a href="#[37]">TIM8_BRK_IRQHandler</a> from startup_ch32f20x_d8c.o(.text) referenced from startup_ch32f20x_d8c.o(RESET)
 <LI><a href="#[3a]">TIM8_CC_IRQHandler</a> from startup_ch32f20x_d8c.o(.text) referenced from startup_ch32f20x_d8c.o(RESET)
 <LI><a href="#[39]">TIM8_TRG_COM_IRQHandler</a> from startup_ch32f20x_d8c.o(.text) referenced from startup_ch32f20x_d8c.o(RESET)
 <LI><a href="#[38]">TIM8_UP_IRQHandler</a> from startup_ch32f20x_d8c.o(.text) referenced from startup_ch32f20x_d8c.o(RESET)
 <LI><a href="#[56]">TIM9_BRK_IRQHandler</a> from startup_ch32f20x_d8c.o(.text) referenced from startup_ch32f20x_d8c.o(RESET)
 <LI><a href="#[59]">TIM9_CC_IRQHandler</a> from startup_ch32f20x_d8c.o(.text) referenced from startup_ch32f20x_d8c.o(RESET)
 <LI><a href="#[58]">TIM9_TRG_COM_IRQHandler</a> from startup_ch32f20x_d8c.o(.text) referenced from startup_ch32f20x_d8c.o(RESET)
 <LI><a href="#[57]">TIM9_UP_IRQHandler</a> from startup_ch32f20x_d8c.o(.text) referenced from startup_ch32f20x_d8c.o(RESET)
 <LI><a href="#[40]">UART4_IRQHandler</a> from startup_ch32f20x_d8c.o(.text) referenced from startup_ch32f20x_d8c.o(RESET)
 <LI><a href="#[41]">UART5_IRQHandler</a> from startup_ch32f20x_d8c.o(.text) referenced from startup_ch32f20x_d8c.o(RESET)
 <LI><a href="#[53]">UART6_IRQHandler</a> from startup_ch32f20x_d8c.o(.text) referenced from startup_ch32f20x_d8c.o(RESET)
 <LI><a href="#[54]">UART7_IRQHandler</a> from startup_ch32f20x_d8c.o(.text) referenced from startup_ch32f20x_d8c.o(RESET)
 <LI><a href="#[55]">UART8_IRQHandler</a> from startup_ch32f20x_d8c.o(.text) referenced from startup_ch32f20x_d8c.o(RESET)
 <LI><a href="#[32]">USART1_IRQHandler</a> from startup_ch32f20x_d8c.o(.text) referenced from startup_ch32f20x_d8c.o(RESET)
 <LI><a href="#[33]">USART2_IRQHandler</a> from startup_ch32f20x_d8c.o(.text) referenced from startup_ch32f20x_d8c.o(RESET)
 <LI><a href="#[34]">USART3_IRQHandler</a> from startup_ch32f20x_d8c.o(.text) referenced from startup_ch32f20x_d8c.o(RESET)
 <LI><a href="#[50]">USBHSWakeup_IRQHandler</a> from startup_ch32f20x_d8c.o(.text) referenced from startup_ch32f20x_d8c.o(RESET)
 <LI><a href="#[51]">USBHS_IRQHandler</a> from startup_ch32f20x_d8c.o(.text) referenced from startup_ch32f20x_d8c.o(RESET)
 <LI><a href="#[20]">USB_HP_CAN1_TX_IRQHandler</a> from startup_ch32f20x_d8c.o(.text) referenced from startup_ch32f20x_d8c.o(RESET)
 <LI><a href="#[21]">USB_LP_CAN1_RX0_IRQHandler</a> from startup_ch32f20x_d8c.o(.text) referenced from startup_ch32f20x_d8c.o(RESET)
 <LI><a href="#[8]">UsageFault_Handler</a> from ch32f20x_it.o(i.UsageFault_Handler) referenced from startup_ch32f20x_d8c.o(RESET)
 <LI><a href="#[6b]">WCHNET_Rx</a> from eth_api.o(i.WCHNET_Rx) referenced from socket.o(i.WCHNET_ConfigLIB)
 <LI><a href="#[d]">WWDG_IRQHandler</a> from startup_ch32f20x_d8c.o(.text) referenced from startup_ch32f20x_d8c.o(RESET)
 <LI><a href="#[78]">__main</a> from __main.o(!!!main) referenced from startup_ch32f20x_d8c.o(.text)
 <LI><a href="#[67]">_printf_input_char</a> from _printf_char_common.o(.text) referenced from _printf_char_common.o(.text)
 <LI><a href="#[6f]">etharp_output</a> from etharp.o(i.etharp_output) referenced from ethernetif.o(i.ethernetif_init)
 <LI><a href="#[76]">ethernet_input</a> from etharp.o(i.ethernet_input) referenced from ethernetif.o(i.wch_ethernetif_init)
 <LI><a href="#[77]">ethernetif_init</a> from ethernetif.o(i.ethernetif_init) referenced from ethernetif.o(i.wch_ethernetif_init)
 <LI><a href="#[66]">fputc</a> from debug.o(i.fputc) referenced from _printf_char_file.o(.text)
 <LI><a href="#[70]">low_level_output</a> from ethernetif.o(i.low_level_output) referenced from ethernetif.o(i.ethernetif_init)
 <LI><a href="#[75]">prvIdleTask</a> from tasks.o(i.prvIdleTask) referenced from tasks.o(i.vTaskStartScheduler)
 <LI><a href="#[73]">prvTaskExitError</a> from port.o(i.prvTaskExitError) referenced from port.o(i.pxPortInitialiseStack)
 <LI><a href="#[72]">task1_task</a> from main.o(i.task1_task) referenced from main.o(i.main)
 <LI><a href="#[71]">task2_task</a> from main.o(i.task2_task) referenced from main.o(i.main)
 <LI><a href="#[74]">tcp_recv_null</a> from tcp.o(i.tcp_recv_null) referenced from tcp.o(i.tcp_alloc)
</UL>
<P>
<H3>
Global Symbols
</H3>
<P><STRONG><a name="[78]"></a>__main</STRONG> (Thumb, 8 bytes, Stack size 0 bytes, __main.o(!!!main))
<BR><BR>[Calls]<UL><LI><a href="#[79]">&gt;&gt;</a>&nbsp;&nbsp;&nbsp;__scatterload
<LI><a href="#[7a]">&gt;&gt;</a>&nbsp;&nbsp;&nbsp;__rt_entry
</UL>

<P><STRONG><a name="[79]"></a>__scatterload</STRONG> (Thumb, 0 bytes, Stack size unknown bytes, __scatter.o(!!!scatter))
<BR><BR>[Called By]<UL><LI><a href="#[78]">&gt;&gt;</a>&nbsp;&nbsp;&nbsp;__main
</UL>

<P><STRONG><a name="[7b]"></a>__scatterload_rt2</STRONG> (Thumb, 44 bytes, Stack size unknown bytes, __scatter.o(!!!scatter), UNUSED)
<BR><BR>[Calls]<UL><LI><a href="#[7a]">&gt;&gt;</a>&nbsp;&nbsp;&nbsp;__rt_entry
</UL>

<P><STRONG><a name="[192]"></a>__scatterload_rt2_thumb_only</STRONG> (Thumb, 0 bytes, Stack size unknown bytes, __scatter.o(!!!scatter), UNUSED)

<P><STRONG><a name="[193]"></a>__scatterload_null</STRONG> (Thumb, 0 bytes, Stack size unknown bytes, __scatter.o(!!!scatter), UNUSED)

<P><STRONG><a name="[194]"></a>__decompress</STRONG> (Thumb, 90 bytes, Stack size unknown bytes, __dczerorl2.o(!!dczerorl2), UNUSED)

<P><STRONG><a name="[195]"></a>__decompress1</STRONG> (Thumb, 0 bytes, Stack size unknown bytes, __dczerorl2.o(!!dczerorl2), UNUSED)

<P><STRONG><a name="[196]"></a>__scatterload_zeroinit</STRONG> (Thumb, 28 bytes, Stack size unknown bytes, __scatter_zi.o(!!handler_zi), UNUSED)

<P><STRONG><a name="[7c]"></a>_printf_d</STRONG> (Thumb, 0 bytes, Stack size unknown bytes, _printf_d.o(.ARM.Collect$$_printf_percent$$00000009))
<BR><BR>[Stack]<UL><LI>Max Depth = 72 + Unknown Stack Size
<LI>Call Chain = _printf_d &rArr; _printf_int_dec &rArr; _printf_int_common &rArr; _printf_post_padding
</UL>
<BR>[Calls]<UL><LI><a href="#[7d]">&gt;&gt;</a>&nbsp;&nbsp;&nbsp;_printf_int_dec
</UL>

<P><STRONG><a name="[91]"></a>_printf_percent</STRONG> (Thumb, 0 bytes, Stack size unknown bytes, _printf_percent.o(.ARM.Collect$$_printf_percent$$00000000))
<BR><BR>[Called By]<UL><LI><a href="#[8f]">&gt;&gt;</a>&nbsp;&nbsp;&nbsp;__printf
</UL>

<P><STRONG><a name="[7e]"></a>_printf_x</STRONG> (Thumb, 0 bytes, Stack size unknown bytes, _printf_x.o(.ARM.Collect$$_printf_percent$$0000000C))
<BR><BR>[Stack]<UL><LI>Max Depth = 64 + Unknown Stack Size
<LI>Call Chain = _printf_x &rArr; _printf_int_hex &rArr; _printf_int_common &rArr; _printf_post_padding
</UL>
<BR>[Calls]<UL><LI><a href="#[7f]">&gt;&gt;</a>&nbsp;&nbsp;&nbsp;_printf_int_hex
</UL>

<P><STRONG><a name="[197]"></a>_printf_percent_end</STRONG> (Thumb, 0 bytes, Stack size unknown bytes, _printf_percent_end.o(.ARM.Collect$$_printf_percent$$00000017))

<P><STRONG><a name="[83]"></a>__rt_lib_init</STRONG> (Thumb, 0 bytes, Stack size unknown bytes, libinit.o(.ARM.Collect$$libinit$$00000000))
<BR><BR>[Called By]<UL><LI><a href="#[82]">&gt;&gt;</a>&nbsp;&nbsp;&nbsp;__rt_entry_li
</UL>

<P><STRONG><a name="[198]"></a>__rt_lib_init_alloca_1</STRONG> (Thumb, 0 bytes, Stack size unknown bytes, libinit2.o(.ARM.Collect$$libinit$$0000002E))

<P><STRONG><a name="[199]"></a>__rt_lib_init_argv_1</STRONG> (Thumb, 0 bytes, Stack size unknown bytes, libinit2.o(.ARM.Collect$$libinit$$0000002C))

<P><STRONG><a name="[19a]"></a>__rt_lib_init_atexit_1</STRONG> (Thumb, 0 bytes, Stack size unknown bytes, libinit2.o(.ARM.Collect$$libinit$$0000001B))

<P><STRONG><a name="[19b]"></a>__rt_lib_init_clock_1</STRONG> (Thumb, 0 bytes, Stack size unknown bytes, libinit2.o(.ARM.Collect$$libinit$$00000021))

<P><STRONG><a name="[19c]"></a>__rt_lib_init_cpp_1</STRONG> (Thumb, 0 bytes, Stack size unknown bytes, libinit2.o(.ARM.Collect$$libinit$$00000032))

<P><STRONG><a name="[19d]"></a>__rt_lib_init_exceptions_1</STRONG> (Thumb, 0 bytes, Stack size unknown bytes, libinit2.o(.ARM.Collect$$libinit$$00000030))

<P><STRONG><a name="[19e]"></a>__rt_lib_init_fp_1</STRONG> (Thumb, 0 bytes, Stack size unknown bytes, libinit2.o(.ARM.Collect$$libinit$$00000002))

<P><STRONG><a name="[19f]"></a>__rt_lib_init_fp_trap_1</STRONG> (Thumb, 0 bytes, Stack size unknown bytes, libinit2.o(.ARM.Collect$$libinit$$0000001F))

<P><STRONG><a name="[1a0]"></a>__rt_lib_init_getenv_1</STRONG> (Thumb, 0 bytes, Stack size unknown bytes, libinit2.o(.ARM.Collect$$libinit$$00000023))

<P><STRONG><a name="[1a1]"></a>__rt_lib_init_heap_1</STRONG> (Thumb, 0 bytes, Stack size unknown bytes, libinit2.o(.ARM.Collect$$libinit$$0000000A))

<P><STRONG><a name="[1a2]"></a>__rt_lib_init_lc_collate_1</STRONG> (Thumb, 0 bytes, Stack size unknown bytes, libinit2.o(.ARM.Collect$$libinit$$00000011))

<P><STRONG><a name="[1a3]"></a>__rt_lib_init_lc_ctype_1</STRONG> (Thumb, 0 bytes, Stack size unknown bytes, libinit2.o(.ARM.Collect$$libinit$$00000013))

<P><STRONG><a name="[1a4]"></a>__rt_lib_init_lc_monetary_1</STRONG> (Thumb, 0 bytes, Stack size unknown bytes, libinit2.o(.ARM.Collect$$libinit$$00000015))

<P><STRONG><a name="[1a5]"></a>__rt_lib_init_lc_numeric_1</STRONG> (Thumb, 0 bytes, Stack size unknown bytes, libinit2.o(.ARM.Collect$$libinit$$00000017))

<P><STRONG><a name="[1a6]"></a>__rt_lib_init_lc_time_1</STRONG> (Thumb, 0 bytes, Stack size unknown bytes, libinit2.o(.ARM.Collect$$libinit$$00000019))

<P><STRONG><a name="[1a7]"></a>__rt_lib_init_preinit_1</STRONG> (Thumb, 0 bytes, Stack size unknown bytes, libinit2.o(.ARM.Collect$$libinit$$00000004))

<P><STRONG><a name="[1a8]"></a>__rt_lib_init_rand_1</STRONG> (Thumb, 0 bytes, Stack size unknown bytes, libinit2.o(.ARM.Collect$$libinit$$0000000E))

<P><STRONG><a name="[1a9]"></a>__rt_lib_init_return</STRONG> (Thumb, 0 bytes, Stack size unknown bytes, libinit2.o(.ARM.Collect$$libinit$$00000033))

<P><STRONG><a name="[1aa]"></a>__rt_lib_init_signal_1</STRONG> (Thumb, 0 bytes, Stack size unknown bytes, libinit2.o(.ARM.Collect$$libinit$$0000001D))

<P><STRONG><a name="[1ab]"></a>__rt_lib_init_stdio_1</STRONG> (Thumb, 0 bytes, Stack size unknown bytes, libinit2.o(.ARM.Collect$$libinit$$00000025))

<P><STRONG><a name="[1ac]"></a>__rt_lib_init_user_alloc_1</STRONG> (Thumb, 0 bytes, Stack size unknown bytes, libinit2.o(.ARM.Collect$$libinit$$0000000C))

<P><STRONG><a name="[88]"></a>__rt_lib_shutdown</STRONG> (Thumb, 0 bytes, Stack size unknown bytes, libshutdown.o(.ARM.Collect$$libshutdown$$00000000))
<BR><BR>[Called By]<UL><LI><a href="#[87]">&gt;&gt;</a>&nbsp;&nbsp;&nbsp;__rt_exit_ls
</UL>

<P><STRONG><a name="[1ad]"></a>__rt_lib_shutdown_cpp_1</STRONG> (Thumb, 0 bytes, Stack size unknown bytes, libshutdown2.o(.ARM.Collect$$libshutdown$$00000002))

<P><STRONG><a name="[1ae]"></a>__rt_lib_shutdown_fp_trap_1</STRONG> (Thumb, 0 bytes, Stack size unknown bytes, libshutdown2.o(.ARM.Collect$$libshutdown$$00000007))

<P><STRONG><a name="[1af]"></a>__rt_lib_shutdown_heap_1</STRONG> (Thumb, 0 bytes, Stack size unknown bytes, libshutdown2.o(.ARM.Collect$$libshutdown$$0000000F))

<P><STRONG><a name="[1b0]"></a>__rt_lib_shutdown_return</STRONG> (Thumb, 0 bytes, Stack size unknown bytes, libshutdown2.o(.ARM.Collect$$libshutdown$$00000010))

<P><STRONG><a name="[1b1]"></a>__rt_lib_shutdown_signal_1</STRONG> (Thumb, 0 bytes, Stack size unknown bytes, libshutdown2.o(.ARM.Collect$$libshutdown$$0000000A))

<P><STRONG><a name="[1b2]"></a>__rt_lib_shutdown_stdio_1</STRONG> (Thumb, 0 bytes, Stack size unknown bytes, libshutdown2.o(.ARM.Collect$$libshutdown$$00000004))

<P><STRONG><a name="[1b3]"></a>__rt_lib_shutdown_user_alloc_1</STRONG> (Thumb, 0 bytes, Stack size unknown bytes, libshutdown2.o(.ARM.Collect$$libshutdown$$0000000C))

<P><STRONG><a name="[7a]"></a>__rt_entry</STRONG> (Thumb, 0 bytes, Stack size unknown bytes, __rtentry.o(.ARM.Collect$$rtentry$$00000000))
<BR><BR>[Called By]<UL><LI><a href="#[7b]">&gt;&gt;</a>&nbsp;&nbsp;&nbsp;__scatterload_rt2
<LI><a href="#[78]">&gt;&gt;</a>&nbsp;&nbsp;&nbsp;__main
</UL>

<P><STRONG><a name="[1b4]"></a>__rt_entry_presh_1</STRONG> (Thumb, 0 bytes, Stack size unknown bytes, __rtentry2.o(.ARM.Collect$$rtentry$$00000002))

<P><STRONG><a name="[80]"></a>__rt_entry_sh</STRONG> (Thumb, 0 bytes, Stack size unknown bytes, __rtentry4.o(.ARM.Collect$$rtentry$$00000004))
<BR><BR>[Stack]<UL><LI>Max Depth = 8 + Unknown Stack Size
<LI>Call Chain = __rt_entry_sh &rArr; __user_setup_stackheap
</UL>
<BR>[Calls]<UL><LI><a href="#[81]">&gt;&gt;</a>&nbsp;&nbsp;&nbsp;__user_setup_stackheap
</UL>

<P><STRONG><a name="[82]"></a>__rt_entry_li</STRONG> (Thumb, 0 bytes, Stack size unknown bytes, __rtentry2.o(.ARM.Collect$$rtentry$$0000000A))
<BR><BR>[Calls]<UL><LI><a href="#[83]">&gt;&gt;</a>&nbsp;&nbsp;&nbsp;__rt_lib_init
</UL>

<P><STRONG><a name="[1b5]"></a>__rt_entry_postsh_1</STRONG> (Thumb, 0 bytes, Stack size unknown bytes, __rtentry2.o(.ARM.Collect$$rtentry$$00000009))

<P><STRONG><a name="[84]"></a>__rt_entry_main</STRONG> (Thumb, 0 bytes, Stack size unknown bytes, __rtentry2.o(.ARM.Collect$$rtentry$$0000000D))
<BR><BR>[Stack]<UL><LI>Max Depth = 604 + Unknown Stack Size
<LI>Call Chain = __rt_entry_main &rArr; main &rArr; ETH_LibInit &rArr; WCHNET_Init &rArr; wch_ethernetif_init &rArr; netif_add &rArr; netif_set_addr &rArr; netif_set_ipaddr &rArr; tcp_abandon &rArr; LwipRemoveTcpPcb &rArr; WCHScokedIntHandle &rArr; tcp_close &rArr;  LwipRemoveTcpPcb (Cycle)
</UL>
<BR>[Calls]<UL><LI><a href="#[85]">&gt;&gt;</a>&nbsp;&nbsp;&nbsp;main
<LI><a href="#[86]">&gt;&gt;</a>&nbsp;&nbsp;&nbsp;exit
</UL>

<P><STRONG><a name="[1b6]"></a>__rt_entry_postli_1</STRONG> (Thumb, 0 bytes, Stack size unknown bytes, __rtentry2.o(.ARM.Collect$$rtentry$$0000000C))

<P><STRONG><a name="[9a]"></a>__rt_exit</STRONG> (Thumb, 0 bytes, Stack size unknown bytes, rtexit.o(.ARM.Collect$$rtexit$$00000000))
<BR><BR>[Called By]<UL><LI><a href="#[86]">&gt;&gt;</a>&nbsp;&nbsp;&nbsp;exit
</UL>

<P><STRONG><a name="[87]"></a>__rt_exit_ls</STRONG> (Thumb, 0 bytes, Stack size unknown bytes, rtexit2.o(.ARM.Collect$$rtexit$$00000003))
<BR><BR>[Calls]<UL><LI><a href="#[88]">&gt;&gt;</a>&nbsp;&nbsp;&nbsp;__rt_lib_shutdown
</UL>

<P><STRONG><a name="[1b7]"></a>__rt_exit_prels_1</STRONG> (Thumb, 0 bytes, Stack size unknown bytes, rtexit2.o(.ARM.Collect$$rtexit$$00000002))

<P><STRONG><a name="[89]"></a>__rt_exit_exit</STRONG> (Thumb, 0 bytes, Stack size unknown bytes, rtexit2.o(.ARM.Collect$$rtexit$$00000004))
<BR><BR>[Calls]<UL><LI><a href="#[8a]">&gt;&gt;</a>&nbsp;&nbsp;&nbsp;_sys_exit
</UL>

<P><STRONG><a name="[9]"></a>SVC_Handler</STRONG> (Thumb, 32 bytes, Stack size 0 bytes, port.o(.emb_text))
<BR>[Address Reference Count : 1]<UL><LI> startup_ch32f20x_d8c.o(RESET)
</UL>
<P><STRONG><a name="[190]"></a>__asm___6_port_c_39a90d8d__prvStartFirstTask</STRONG> (Thumb, 28 bytes, Stack size 0 bytes, port.o(.emb_text))
<BR><BR>[Called By]<UL><LI><a href="#[18d]">&gt;&gt;</a>&nbsp;&nbsp;&nbsp;xPortStartScheduler
</UL>

<P><STRONG><a name="[b]"></a>PendSV_Handler</STRONG> (Thumb, 72 bytes, Stack size 0 bytes, port.o(.emb_text))
<BR><BR>[Calls]<UL><LI><a href="#[8b]">&gt;&gt;</a>&nbsp;&nbsp;&nbsp;vTaskSwitchContext
</UL>
<BR>[Address Reference Count : 1]<UL><LI> startup_ch32f20x_d8c.o(RESET)
</UL>
<P><STRONG><a name="[1b8]"></a>vPortGetIPSR</STRONG> (Thumb, 6 bytes, Stack size 0 bytes, port.o(.emb_text), UNUSED)

<P><STRONG><a name="[3]"></a>Reset_Handler</STRONG> (Thumb, 8 bytes, Stack size 0 bytes, startup_ch32f20x_d8c.o(.text))
<BR>[Address Reference Count : 1]<UL><LI> startup_ch32f20x_d8c.o(RESET)
</UL>
<P><STRONG><a name="[5]"></a>HardFault_Handler</STRONG> (Thumb, 2 bytes, Stack size 0 bytes, startup_ch32f20x_d8c.o(.text))
<BR><BR>[Calls]<UL><LI><a href="#[5]">&gt;&gt;</a>&nbsp;&nbsp;&nbsp;HardFault_Handler
</UL>
<BR>[Called By]<UL><LI><a href="#[5]">&gt;&gt;</a>&nbsp;&nbsp;&nbsp;HardFault_Handler
</UL>
<BR>[Address Reference Count : 1]<UL><LI> startup_ch32f20x_d8c.o(RESET)
</UL>
<P><STRONG><a name="[1f]"></a>ADC1_2_IRQHandler</STRONG> (Thumb, 0 bytes, Stack size 0 bytes, startup_ch32f20x_d8c.o(.text))
<BR><BR>[Calls]<UL><LI><a href="#[1f]">&gt;&gt;</a>&nbsp;&nbsp;&nbsp;ADC1_2_IRQHandler
</UL>
<BR>[Called By]<UL><LI><a href="#[1f]">&gt;&gt;</a>&nbsp;&nbsp;&nbsp;ADC1_2_IRQHandler
</UL>
<BR>[Address Reference Count : 1]<UL><LI> startup_ch32f20x_d8c.o(RESET)
</UL>
<P><STRONG><a name="[22]"></a>CAN1_RX1_IRQHandler</STRONG> (Thumb, 0 bytes, Stack size 0 bytes, startup_ch32f20x_d8c.o(.text))
<BR>[Address Reference Count : 1]<UL><LI> startup_ch32f20x_d8c.o(RESET)
</UL>
<P><STRONG><a name="[23]"></a>CAN1_SCE_IRQHandler</STRONG> (Thumb, 0 bytes, Stack size 0 bytes, startup_ch32f20x_d8c.o(.text))
<BR>[Address Reference Count : 1]<UL><LI> startup_ch32f20x_d8c.o(RESET)
</UL>
<P><STRONG><a name="[4c]"></a>CAN2_RX0_IRQHandler</STRONG> (Thumb, 0 bytes, Stack size 0 bytes, startup_ch32f20x_d8c.o(.text))
<BR>[Address Reference Count : 1]<UL><LI> startup_ch32f20x_d8c.o(RESET)
</UL>
<P><STRONG><a name="[4d]"></a>CAN2_RX1_IRQHandler</STRONG> (Thumb, 0 bytes, Stack size 0 bytes, startup_ch32f20x_d8c.o(.text))
<BR>[Address Reference Count : 1]<UL><LI> startup_ch32f20x_d8c.o(RESET)
</UL>
<P><STRONG><a name="[4e]"></a>CAN2_SCE_IRQHandler</STRONG> (Thumb, 0 bytes, Stack size 0 bytes, startup_ch32f20x_d8c.o(.text))
<BR>[Address Reference Count : 1]<UL><LI> startup_ch32f20x_d8c.o(RESET)
</UL>
<P><STRONG><a name="[4b]"></a>CAN2_TX_IRQHandler</STRONG> (Thumb, 0 bytes, Stack size 0 bytes, startup_ch32f20x_d8c.o(.text))
<BR>[Address Reference Count : 1]<UL><LI> startup_ch32f20x_d8c.o(RESET)
</UL>
<P><STRONG><a name="[18]"></a>DMA1_Channel1_IRQHandler</STRONG> (Thumb, 0 bytes, Stack size 0 bytes, startup_ch32f20x_d8c.o(.text))
<BR>[Address Reference Count : 1]<UL><LI> startup_ch32f20x_d8c.o(RESET)
</UL>
<P><STRONG><a name="[19]"></a>DMA1_Channel2_IRQHandler</STRONG> (Thumb, 0 bytes, Stack size 0 bytes, startup_ch32f20x_d8c.o(.text))
<BR>[Address Reference Count : 1]<UL><LI> startup_ch32f20x_d8c.o(RESET)
</UL>
<P><STRONG><a name="[1a]"></a>DMA1_Channel3_IRQHandler</STRONG> (Thumb, 0 bytes, Stack size 0 bytes, startup_ch32f20x_d8c.o(.text))
<BR>[Address Reference Count : 1]<UL><LI> startup_ch32f20x_d8c.o(RESET)
</UL>
<P><STRONG><a name="[1b]"></a>DMA1_Channel4_IRQHandler</STRONG> (Thumb, 0 bytes, Stack size 0 bytes, startup_ch32f20x_d8c.o(.text))
<BR>[Address Reference Count : 1]<UL><LI> startup_ch32f20x_d8c.o(RESET)
</UL>
<P><STRONG><a name="[1c]"></a>DMA1_Channel5_IRQHandler</STRONG> (Thumb, 0 bytes, Stack size 0 bytes, startup_ch32f20x_d8c.o(.text))
<BR>[Address Reference Count : 1]<UL><LI> startup_ch32f20x_d8c.o(RESET)
</UL>
<P><STRONG><a name="[1d]"></a>DMA1_Channel6_IRQHandler</STRONG> (Thumb, 0 bytes, Stack size 0 bytes, startup_ch32f20x_d8c.o(.text))
<BR>[Address Reference Count : 1]<UL><LI> startup_ch32f20x_d8c.o(RESET)
</UL>
<P><STRONG><a name="[1e]"></a>DMA1_Channel7_IRQHandler</STRONG> (Thumb, 0 bytes, Stack size 0 bytes, startup_ch32f20x_d8c.o(.text))
<BR>[Address Reference Count : 1]<UL><LI> startup_ch32f20x_d8c.o(RESET)
</UL>
<P><STRONG><a name="[62]"></a>DMA2_Channel10_IRQHandler</STRONG> (Thumb, 0 bytes, Stack size 0 bytes, startup_ch32f20x_d8c.o(.text))
<BR>[Address Reference Count : 1]<UL><LI> startup_ch32f20x_d8c.o(RESET)
</UL>
<P><STRONG><a name="[63]"></a>DMA2_Channel11_IRQHandler</STRONG> (Thumb, 0 bytes, Stack size 0 bytes, startup_ch32f20x_d8c.o(.text))
<BR>[Address Reference Count : 1]<UL><LI> startup_ch32f20x_d8c.o(RESET)
</UL>
<P><STRONG><a name="[44]"></a>DMA2_Channel1_IRQHandler</STRONG> (Thumb, 0 bytes, Stack size 0 bytes, startup_ch32f20x_d8c.o(.text))
<BR>[Address Reference Count : 1]<UL><LI> startup_ch32f20x_d8c.o(RESET)
</UL>
<P><STRONG><a name="[45]"></a>DMA2_Channel2_IRQHandler</STRONG> (Thumb, 0 bytes, Stack size 0 bytes, startup_ch32f20x_d8c.o(.text))
<BR>[Address Reference Count : 1]<UL><LI> startup_ch32f20x_d8c.o(RESET)
</UL>
<P><STRONG><a name="[46]"></a>DMA2_Channel3_IRQHandler</STRONG> (Thumb, 0 bytes, Stack size 0 bytes, startup_ch32f20x_d8c.o(.text))
<BR>[Address Reference Count : 1]<UL><LI> startup_ch32f20x_d8c.o(RESET)
</UL>
<P><STRONG><a name="[47]"></a>DMA2_Channel4_IRQHandler</STRONG> (Thumb, 0 bytes, Stack size 0 bytes, startup_ch32f20x_d8c.o(.text))
<BR>[Address Reference Count : 1]<UL><LI> startup_ch32f20x_d8c.o(RESET)
</UL>
<P><STRONG><a name="[48]"></a>DMA2_Channel5_IRQHandler</STRONG> (Thumb, 0 bytes, Stack size 0 bytes, startup_ch32f20x_d8c.o(.text))
<BR>[Address Reference Count : 1]<UL><LI> startup_ch32f20x_d8c.o(RESET)
</UL>
<P><STRONG><a name="[5e]"></a>DMA2_Channel6_IRQHandler</STRONG> (Thumb, 0 bytes, Stack size 0 bytes, startup_ch32f20x_d8c.o(.text))
<BR>[Address Reference Count : 1]<UL><LI> startup_ch32f20x_d8c.o(RESET)
</UL>
<P><STRONG><a name="[5f]"></a>DMA2_Channel7_IRQHandler</STRONG> (Thumb, 0 bytes, Stack size 0 bytes, startup_ch32f20x_d8c.o(.text))
<BR>[Address Reference Count : 1]<UL><LI> startup_ch32f20x_d8c.o(RESET)
</UL>
<P><STRONG><a name="[60]"></a>DMA2_Channel8_IRQHandler</STRONG> (Thumb, 0 bytes, Stack size 0 bytes, startup_ch32f20x_d8c.o(.text))
<BR>[Address Reference Count : 1]<UL><LI> startup_ch32f20x_d8c.o(RESET)
</UL>
<P><STRONG><a name="[61]"></a>DMA2_Channel9_IRQHandler</STRONG> (Thumb, 0 bytes, Stack size 0 bytes, startup_ch32f20x_d8c.o(.text))
<BR>[Address Reference Count : 1]<UL><LI> startup_ch32f20x_d8c.o(RESET)
</UL>
<P><STRONG><a name="[52]"></a>DVP_IRQHandler</STRONG> (Thumb, 0 bytes, Stack size 0 bytes, startup_ch32f20x_d8c.o(.text))
<BR>[Address Reference Count : 1]<UL><LI> startup_ch32f20x_d8c.o(RESET)
</UL>
<P><STRONG><a name="[4a]"></a>ETH_WKUP_IRQHandler</STRONG> (Thumb, 0 bytes, Stack size 0 bytes, startup_ch32f20x_d8c.o(.text))
<BR>[Address Reference Count : 1]<UL><LI> startup_ch32f20x_d8c.o(RESET)
</UL>
<P><STRONG><a name="[13]"></a>EXTI0_IRQHandler</STRONG> (Thumb, 0 bytes, Stack size 0 bytes, startup_ch32f20x_d8c.o(.text))
<BR>[Address Reference Count : 1]<UL><LI> startup_ch32f20x_d8c.o(RESET)
</UL>
<P><STRONG><a name="[35]"></a>EXTI15_10_IRQHandler</STRONG> (Thumb, 0 bytes, Stack size 0 bytes, startup_ch32f20x_d8c.o(.text))
<BR>[Address Reference Count : 1]<UL><LI> startup_ch32f20x_d8c.o(RESET)
</UL>
<P><STRONG><a name="[14]"></a>EXTI1_IRQHandler</STRONG> (Thumb, 0 bytes, Stack size 0 bytes, startup_ch32f20x_d8c.o(.text))
<BR>[Address Reference Count : 1]<UL><LI> startup_ch32f20x_d8c.o(RESET)
</UL>
<P><STRONG><a name="[15]"></a>EXTI2_IRQHandler</STRONG> (Thumb, 0 bytes, Stack size 0 bytes, startup_ch32f20x_d8c.o(.text))
<BR>[Address Reference Count : 1]<UL><LI> startup_ch32f20x_d8c.o(RESET)
</UL>
<P><STRONG><a name="[16]"></a>EXTI3_IRQHandler</STRONG> (Thumb, 0 bytes, Stack size 0 bytes, startup_ch32f20x_d8c.o(.text))
<BR>[Address Reference Count : 1]<UL><LI> startup_ch32f20x_d8c.o(RESET)
</UL>
<P><STRONG><a name="[17]"></a>EXTI4_IRQHandler</STRONG> (Thumb, 0 bytes, Stack size 0 bytes, startup_ch32f20x_d8c.o(.text))
<BR>[Address Reference Count : 1]<UL><LI> startup_ch32f20x_d8c.o(RESET)
</UL>
<P><STRONG><a name="[11]"></a>FLASH_IRQHandler</STRONG> (Thumb, 0 bytes, Stack size 0 bytes, startup_ch32f20x_d8c.o(.text))
<BR>[Address Reference Count : 1]<UL><LI> startup_ch32f20x_d8c.o(RESET)
</UL>
<P><STRONG><a name="[3c]"></a>FSMC_IRQHandler</STRONG> (Thumb, 0 bytes, Stack size 0 bytes, startup_ch32f20x_d8c.o(.text))
<BR>[Address Reference Count : 1]<UL><LI> startup_ch32f20x_d8c.o(RESET)
</UL>
<P><STRONG><a name="[2d]"></a>I2C1_ER_IRQHandler</STRONG> (Thumb, 0 bytes, Stack size 0 bytes, startup_ch32f20x_d8c.o(.text))
<BR>[Address Reference Count : 1]<UL><LI> startup_ch32f20x_d8c.o(RESET)
</UL>
<P><STRONG><a name="[2c]"></a>I2C1_EV_IRQHandler</STRONG> (Thumb, 0 bytes, Stack size 0 bytes, startup_ch32f20x_d8c.o(.text))
<BR>[Address Reference Count : 1]<UL><LI> startup_ch32f20x_d8c.o(RESET)
</UL>
<P><STRONG><a name="[2f]"></a>I2C2_ER_IRQHandler</STRONG> (Thumb, 0 bytes, Stack size 0 bytes, startup_ch32f20x_d8c.o(.text))
<BR>[Address Reference Count : 1]<UL><LI> startup_ch32f20x_d8c.o(RESET)
</UL>
<P><STRONG><a name="[2e]"></a>I2C2_EV_IRQHandler</STRONG> (Thumb, 0 bytes, Stack size 0 bytes, startup_ch32f20x_d8c.o(.text))
<BR>[Address Reference Count : 1]<UL><LI> startup_ch32f20x_d8c.o(RESET)
</UL>
<P><STRONG><a name="[4f]"></a>OTG_FS_IRQHandler</STRONG> (Thumb, 0 bytes, Stack size 0 bytes, startup_ch32f20x_d8c.o(.text))
<BR>[Address Reference Count : 1]<UL><LI> startup_ch32f20x_d8c.o(RESET)
</UL>
<P><STRONG><a name="[e]"></a>PVD_IRQHandler</STRONG> (Thumb, 0 bytes, Stack size 0 bytes, startup_ch32f20x_d8c.o(.text))
<BR>[Address Reference Count : 1]<UL><LI> startup_ch32f20x_d8c.o(RESET)
</UL>
<P><STRONG><a name="[12]"></a>RCC_IRQHandler</STRONG> (Thumb, 0 bytes, Stack size 0 bytes, startup_ch32f20x_d8c.o(.text))
<BR>[Address Reference Count : 1]<UL><LI> startup_ch32f20x_d8c.o(RESET)
</UL>
<P><STRONG><a name="[3b]"></a>RNG_IRQHandler</STRONG> (Thumb, 0 bytes, Stack size 0 bytes, startup_ch32f20x_d8c.o(.text))
<BR>[Address Reference Count : 1]<UL><LI> startup_ch32f20x_d8c.o(RESET)
</UL>
<P><STRONG><a name="[36]"></a>RTCAlarm_IRQHandler</STRONG> (Thumb, 0 bytes, Stack size 0 bytes, startup_ch32f20x_d8c.o(.text))
<BR>[Address Reference Count : 1]<UL><LI> startup_ch32f20x_d8c.o(RESET)
</UL>
<P><STRONG><a name="[10]"></a>RTC_IRQHandler</STRONG> (Thumb, 0 bytes, Stack size 0 bytes, startup_ch32f20x_d8c.o(.text))
<BR>[Address Reference Count : 1]<UL><LI> startup_ch32f20x_d8c.o(RESET)
</UL>
<P><STRONG><a name="[3d]"></a>SDIO_IRQHandler</STRONG> (Thumb, 0 bytes, Stack size 0 bytes, startup_ch32f20x_d8c.o(.text))
<BR>[Address Reference Count : 1]<UL><LI> startup_ch32f20x_d8c.o(RESET)
</UL>
<P><STRONG><a name="[30]"></a>SPI1_IRQHandler</STRONG> (Thumb, 0 bytes, Stack size 0 bytes, startup_ch32f20x_d8c.o(.text))
<BR>[Address Reference Count : 1]<UL><LI> startup_ch32f20x_d8c.o(RESET)
</UL>
<P><STRONG><a name="[31]"></a>SPI2_IRQHandler</STRONG> (Thumb, 0 bytes, Stack size 0 bytes, startup_ch32f20x_d8c.o(.text))
<BR>[Address Reference Count : 1]<UL><LI> startup_ch32f20x_d8c.o(RESET)
</UL>
<P><STRONG><a name="[3f]"></a>SPI3_IRQHandler</STRONG> (Thumb, 0 bytes, Stack size 0 bytes, startup_ch32f20x_d8c.o(.text))
<BR>[Address Reference Count : 1]<UL><LI> startup_ch32f20x_d8c.o(RESET)
</UL>
<P><STRONG><a name="[f]"></a>TAMPER_IRQHandler</STRONG> (Thumb, 0 bytes, Stack size 0 bytes, startup_ch32f20x_d8c.o(.text))
<BR>[Address Reference Count : 1]<UL><LI> startup_ch32f20x_d8c.o(RESET)
</UL>
<P><STRONG><a name="[5a]"></a>TIM10_BRK_IRQHandler</STRONG> (Thumb, 0 bytes, Stack size 0 bytes, startup_ch32f20x_d8c.o(.text))
<BR>[Address Reference Count : 1]<UL><LI> startup_ch32f20x_d8c.o(RESET)
</UL>
<P><STRONG><a name="[5d]"></a>TIM10_CC_IRQHandler</STRONG> (Thumb, 0 bytes, Stack size 0 bytes, startup_ch32f20x_d8c.o(.text))
<BR>[Address Reference Count : 1]<UL><LI> startup_ch32f20x_d8c.o(RESET)
</UL>
<P><STRONG><a name="[5c]"></a>TIM10_TRG_COM_IRQHandler</STRONG> (Thumb, 0 bytes, Stack size 0 bytes, startup_ch32f20x_d8c.o(.text))
<BR>[Address Reference Count : 1]<UL><LI> startup_ch32f20x_d8c.o(RESET)
</UL>
<P><STRONG><a name="[5b]"></a>TIM10_UP_IRQHandler</STRONG> (Thumb, 0 bytes, Stack size 0 bytes, startup_ch32f20x_d8c.o(.text))
<BR>[Address Reference Count : 1]<UL><LI> startup_ch32f20x_d8c.o(RESET)
</UL>
<P><STRONG><a name="[25]"></a>TIM1_BRK_IRQHandler</STRONG> (Thumb, 0 bytes, Stack size 0 bytes, startup_ch32f20x_d8c.o(.text))
<BR>[Address Reference Count : 1]<UL><LI> startup_ch32f20x_d8c.o(RESET)
</UL>
<P><STRONG><a name="[28]"></a>TIM1_CC_IRQHandler</STRONG> (Thumb, 0 bytes, Stack size 0 bytes, startup_ch32f20x_d8c.o(.text))
<BR>[Address Reference Count : 1]<UL><LI> startup_ch32f20x_d8c.o(RESET)
</UL>
<P><STRONG><a name="[27]"></a>TIM1_TRG_COM_IRQHandler</STRONG> (Thumb, 0 bytes, Stack size 0 bytes, startup_ch32f20x_d8c.o(.text))
<BR>[Address Reference Count : 1]<UL><LI> startup_ch32f20x_d8c.o(RESET)
</UL>
<P><STRONG><a name="[26]"></a>TIM1_UP_IRQHandler</STRONG> (Thumb, 0 bytes, Stack size 0 bytes, startup_ch32f20x_d8c.o(.text))
<BR>[Address Reference Count : 1]<UL><LI> startup_ch32f20x_d8c.o(RESET)
</UL>
<P><STRONG><a name="[29]"></a>TIM2_IRQHandler</STRONG> (Thumb, 0 bytes, Stack size 0 bytes, startup_ch32f20x_d8c.o(.text))
<BR>[Address Reference Count : 1]<UL><LI> startup_ch32f20x_d8c.o(RESET)
</UL>
<P><STRONG><a name="[2a]"></a>TIM3_IRQHandler</STRONG> (Thumb, 0 bytes, Stack size 0 bytes, startup_ch32f20x_d8c.o(.text))
<BR>[Address Reference Count : 1]<UL><LI> startup_ch32f20x_d8c.o(RESET)
</UL>
<P><STRONG><a name="[2b]"></a>TIM4_IRQHandler</STRONG> (Thumb, 0 bytes, Stack size 0 bytes, startup_ch32f20x_d8c.o(.text))
<BR>[Address Reference Count : 1]<UL><LI> startup_ch32f20x_d8c.o(RESET)
</UL>
<P><STRONG><a name="[3e]"></a>TIM5_IRQHandler</STRONG> (Thumb, 0 bytes, Stack size 0 bytes, startup_ch32f20x_d8c.o(.text))
<BR>[Address Reference Count : 1]<UL><LI> startup_ch32f20x_d8c.o(RESET)
</UL>
<P><STRONG><a name="[42]"></a>TIM6_IRQHandler</STRONG> (Thumb, 0 bytes, Stack size 0 bytes, startup_ch32f20x_d8c.o(.text))
<BR>[Address Reference Count : 1]<UL><LI> startup_ch32f20x_d8c.o(RESET)
</UL>
<P><STRONG><a name="[43]"></a>TIM7_IRQHandler</STRONG> (Thumb, 0 bytes, Stack size 0 bytes, startup_ch32f20x_d8c.o(.text))
<BR>[Address Reference Count : 1]<UL><LI> startup_ch32f20x_d8c.o(RESET)
</UL>
<P><STRONG><a name="[37]"></a>TIM8_BRK_IRQHandler</STRONG> (Thumb, 0 bytes, Stack size 0 bytes, startup_ch32f20x_d8c.o(.text))
<BR>[Address Reference Count : 1]<UL><LI> startup_ch32f20x_d8c.o(RESET)
</UL>
<P><STRONG><a name="[3a]"></a>TIM8_CC_IRQHandler</STRONG> (Thumb, 0 bytes, Stack size 0 bytes, startup_ch32f20x_d8c.o(.text))
<BR>[Address Reference Count : 1]<UL><LI> startup_ch32f20x_d8c.o(RESET)
</UL>
<P><STRONG><a name="[39]"></a>TIM8_TRG_COM_IRQHandler</STRONG> (Thumb, 0 bytes, Stack size 0 bytes, startup_ch32f20x_d8c.o(.text))
<BR>[Address Reference Count : 1]<UL><LI> startup_ch32f20x_d8c.o(RESET)
</UL>
<P><STRONG><a name="[38]"></a>TIM8_UP_IRQHandler</STRONG> (Thumb, 0 bytes, Stack size 0 bytes, startup_ch32f20x_d8c.o(.text))
<BR>[Address Reference Count : 1]<UL><LI> startup_ch32f20x_d8c.o(RESET)
</UL>
<P><STRONG><a name="[56]"></a>TIM9_BRK_IRQHandler</STRONG> (Thumb, 0 bytes, Stack size 0 bytes, startup_ch32f20x_d8c.o(.text))
<BR>[Address Reference Count : 1]<UL><LI> startup_ch32f20x_d8c.o(RESET)
</UL>
<P><STRONG><a name="[59]"></a>TIM9_CC_IRQHandler</STRONG> (Thumb, 0 bytes, Stack size 0 bytes, startup_ch32f20x_d8c.o(.text))
<BR>[Address Reference Count : 1]<UL><LI> startup_ch32f20x_d8c.o(RESET)
</UL>
<P><STRONG><a name="[58]"></a>TIM9_TRG_COM_IRQHandler</STRONG> (Thumb, 0 bytes, Stack size 0 bytes, startup_ch32f20x_d8c.o(.text))
<BR>[Address Reference Count : 1]<UL><LI> startup_ch32f20x_d8c.o(RESET)
</UL>
<P><STRONG><a name="[57]"></a>TIM9_UP_IRQHandler</STRONG> (Thumb, 0 bytes, Stack size 0 bytes, startup_ch32f20x_d8c.o(.text))
<BR>[Address Reference Count : 1]<UL><LI> startup_ch32f20x_d8c.o(RESET)
</UL>
<P><STRONG><a name="[40]"></a>UART4_IRQHandler</STRONG> (Thumb, 0 bytes, Stack size 0 bytes, startup_ch32f20x_d8c.o(.text))
<BR>[Address Reference Count : 1]<UL><LI> startup_ch32f20x_d8c.o(RESET)
</UL>
<P><STRONG><a name="[41]"></a>UART5_IRQHandler</STRONG> (Thumb, 0 bytes, Stack size 0 bytes, startup_ch32f20x_d8c.o(.text))
<BR>[Address Reference Count : 1]<UL><LI> startup_ch32f20x_d8c.o(RESET)
</UL>
<P><STRONG><a name="[53]"></a>UART6_IRQHandler</STRONG> (Thumb, 0 bytes, Stack size 0 bytes, startup_ch32f20x_d8c.o(.text))
<BR>[Address Reference Count : 1]<UL><LI> startup_ch32f20x_d8c.o(RESET)
</UL>
<P><STRONG><a name="[54]"></a>UART7_IRQHandler</STRONG> (Thumb, 0 bytes, Stack size 0 bytes, startup_ch32f20x_d8c.o(.text))
<BR>[Address Reference Count : 1]<UL><LI> startup_ch32f20x_d8c.o(RESET)
</UL>
<P><STRONG><a name="[55]"></a>UART8_IRQHandler</STRONG> (Thumb, 0 bytes, Stack size 0 bytes, startup_ch32f20x_d8c.o(.text))
<BR>[Address Reference Count : 1]<UL><LI> startup_ch32f20x_d8c.o(RESET)
</UL>
<P><STRONG><a name="[32]"></a>USART1_IRQHandler</STRONG> (Thumb, 0 bytes, Stack size 0 bytes, startup_ch32f20x_d8c.o(.text))
<BR>[Address Reference Count : 1]<UL><LI> startup_ch32f20x_d8c.o(RESET)
</UL>
<P><STRONG><a name="[33]"></a>USART2_IRQHandler</STRONG> (Thumb, 0 bytes, Stack size 0 bytes, startup_ch32f20x_d8c.o(.text))
<BR>[Address Reference Count : 1]<UL><LI> startup_ch32f20x_d8c.o(RESET)
</UL>
<P><STRONG><a name="[34]"></a>USART3_IRQHandler</STRONG> (Thumb, 0 bytes, Stack size 0 bytes, startup_ch32f20x_d8c.o(.text))
<BR>[Address Reference Count : 1]<UL><LI> startup_ch32f20x_d8c.o(RESET)
</UL>
<P><STRONG><a name="[50]"></a>USBHSWakeup_IRQHandler</STRONG> (Thumb, 0 bytes, Stack size 0 bytes, startup_ch32f20x_d8c.o(.text))
<BR>[Address Reference Count : 1]<UL><LI> startup_ch32f20x_d8c.o(RESET)
</UL>
<P><STRONG><a name="[51]"></a>USBHS_IRQHandler</STRONG> (Thumb, 0 bytes, Stack size 0 bytes, startup_ch32f20x_d8c.o(.text))
<BR>[Address Reference Count : 1]<UL><LI> startup_ch32f20x_d8c.o(RESET)
</UL>
<P><STRONG><a name="[20]"></a>USB_HP_CAN1_TX_IRQHandler</STRONG> (Thumb, 0 bytes, Stack size 0 bytes, startup_ch32f20x_d8c.o(.text))
<BR>[Address Reference Count : 1]<UL><LI> startup_ch32f20x_d8c.o(RESET)
</UL>
<P><STRONG><a name="[21]"></a>USB_LP_CAN1_RX0_IRQHandler</STRONG> (Thumb, 0 bytes, Stack size 0 bytes, startup_ch32f20x_d8c.o(.text))
<BR>[Address Reference Count : 1]<UL><LI> startup_ch32f20x_d8c.o(RESET)
</UL>
<P><STRONG><a name="[d]"></a>WWDG_IRQHandler</STRONG> (Thumb, 0 bytes, Stack size 0 bytes, startup_ch32f20x_d8c.o(.text))
<BR>[Address Reference Count : 1]<UL><LI> startup_ch32f20x_d8c.o(RESET)
</UL>
<P><STRONG><a name="[99]"></a>__user_initial_stackheap</STRONG> (Thumb, 0 bytes, Stack size unknown bytes, startup_ch32f20x_d8c.o(.text))
<BR><BR>[Called By]<UL><LI><a href="#[81]">&gt;&gt;</a>&nbsp;&nbsp;&nbsp;__user_setup_stackheap
</UL>

<P><STRONG><a name="[8c]"></a>__2printf</STRONG> (Thumb, 20 bytes, Stack size 24 bytes, noretval__2printf.o(.text))
<BR><BR>[Stack]<UL><LI>Max Depth = 144 + Unknown Stack Size
<LI>Call Chain = __2printf &rArr; _printf_char_file &rArr; _printf_char_common &rArr; __printf
</UL>
<BR>[Calls]<UL><LI><a href="#[8d]">&gt;&gt;</a>&nbsp;&nbsp;&nbsp;_printf_char_file
</UL>
<BR>[Called By]<UL><LI><a href="#[72]">&gt;&gt;</a>&nbsp;&nbsp;&nbsp;task1_task
<LI><a href="#[85]">&gt;&gt;</a>&nbsp;&nbsp;&nbsp;main
<LI><a href="#[e7]">&gt;&gt;</a>&nbsp;&nbsp;&nbsp;mStopIfError
<LI><a href="#[f1]">&gt;&gt;</a>&nbsp;&nbsp;&nbsp;WCHNET_HandleSockInt
<LI><a href="#[ee]">&gt;&gt;</a>&nbsp;&nbsp;&nbsp;WCHNET_HandleGlobalInt
<LI><a href="#[e5]">&gt;&gt;</a>&nbsp;&nbsp;&nbsp;WCHNET_CreateUdpSocket
</UL>

<P><STRONG><a name="[94]"></a>_printf_pre_padding</STRONG> (Thumb, 44 bytes, Stack size 16 bytes, _printf_pad.o(.text))
<BR><BR>[Stack]<UL><LI>Max Depth = 16<LI>Call Chain = _printf_pre_padding
</UL>
<BR>[Called By]<UL><LI><a href="#[8e]">&gt;&gt;</a>&nbsp;&nbsp;&nbsp;_printf_int_common
</UL>

<P><STRONG><a name="[95]"></a>_printf_post_padding</STRONG> (Thumb, 34 bytes, Stack size 16 bytes, _printf_pad.o(.text))
<BR><BR>[Stack]<UL><LI>Max Depth = 16<LI>Call Chain = _printf_post_padding
</UL>
<BR>[Called By]<UL><LI><a href="#[8e]">&gt;&gt;</a>&nbsp;&nbsp;&nbsp;_printf_int_common
</UL>

<P><STRONG><a name="[7d]"></a>_printf_int_dec</STRONG> (Thumb, 104 bytes, Stack size 24 bytes, _printf_dec.o(.text))
<BR><BR>[Stack]<UL><LI>Max Depth = 72<LI>Call Chain = _printf_int_dec &rArr; _printf_int_common &rArr; _printf_post_padding
</UL>
<BR>[Calls]<UL><LI><a href="#[8e]">&gt;&gt;</a>&nbsp;&nbsp;&nbsp;_printf_int_common
</UL>
<BR>[Called By]<UL><LI><a href="#[7c]">&gt;&gt;</a>&nbsp;&nbsp;&nbsp;_printf_d
</UL>

<P><STRONG><a name="[7f]"></a>_printf_int_hex</STRONG> (Thumb, 84 bytes, Stack size 16 bytes, _printf_hex_int.o(.text))
<BR><BR>[Stack]<UL><LI>Max Depth = 64<LI>Call Chain = _printf_int_hex &rArr; _printf_int_common &rArr; _printf_post_padding
</UL>
<BR>[Calls]<UL><LI><a href="#[8e]">&gt;&gt;</a>&nbsp;&nbsp;&nbsp;_printf_int_common
</UL>
<BR>[Called By]<UL><LI><a href="#[7e]">&gt;&gt;</a>&nbsp;&nbsp;&nbsp;_printf_x
</UL>

<P><STRONG><a name="[1b9]"></a>_printf_longlong_hex</STRONG> (Thumb, 0 bytes, Stack size 16 bytes, _printf_hex_int.o(.text), UNUSED)

<P><STRONG><a name="[8f]"></a>__printf</STRONG> (Thumb, 308 bytes, Stack size 40 bytes, __printf_flags_wp.o(.text))
<BR><BR>[Stack]<UL><LI>Max Depth = 40 + Unknown Stack Size
<LI>Call Chain = __printf
</UL>
<BR>[Calls]<UL><LI><a href="#[91]">&gt;&gt;</a>&nbsp;&nbsp;&nbsp;_printf_percent
<LI><a href="#[90]">&gt;&gt;</a>&nbsp;&nbsp;&nbsp;_is_digit
</UL>
<BR>[Called By]<UL><LI><a href="#[96]">&gt;&gt;</a>&nbsp;&nbsp;&nbsp;_printf_char_common
</UL>

<P><STRONG><a name="[d5]"></a>__aeabi_memcpy</STRONG> (Thumb, 0 bytes, Stack size 0 bytes, rt_memcpy_v6.o(.text))
<BR><BR>[Called By]<UL><LI><a href="#[ea]">&gt;&gt;</a>&nbsp;&nbsp;&nbsp;WCHNET_SocketRecv
<LI><a href="#[12a]">&gt;&gt;</a>&nbsp;&nbsp;&nbsp;icmp_send_response
<LI><a href="#[77]">&gt;&gt;</a>&nbsp;&nbsp;&nbsp;ethernetif_init
<LI><a href="#[70]">&gt;&gt;</a>&nbsp;&nbsp;&nbsp;low_level_output
<LI><a href="#[126]">&gt;&gt;</a>&nbsp;&nbsp;&nbsp;low_level_input
<LI><a href="#[139]">&gt;&gt;</a>&nbsp;&nbsp;&nbsp;ip_reass
<LI><a href="#[136]">&gt;&gt;</a>&nbsp;&nbsp;&nbsp;ip_frag
<LI><a href="#[142]">&gt;&gt;</a>&nbsp;&nbsp;&nbsp;ip_reass_free_complete_datagram
<LI><a href="#[177]">&gt;&gt;</a>&nbsp;&nbsp;&nbsp;tcp_enqueue
<LI><a href="#[12f]">&gt;&gt;</a>&nbsp;&nbsp;&nbsp;pbuf_copy
<LI><a href="#[de]">&gt;&gt;</a>&nbsp;&nbsp;&nbsp;SocketUdpSend
<LI><a href="#[6d]">&gt;&gt;</a>&nbsp;&nbsp;&nbsp;SocketUdpReceive
<LI><a href="#[d6]">&gt;&gt;</a>&nbsp;&nbsp;&nbsp;SocketIPRawSend
<LI><a href="#[6c]">&gt;&gt;</a>&nbsp;&nbsp;&nbsp;SocketIPRAWReceive
</UL>

<P><STRONG><a name="[92]"></a>__rt_memcpy</STRONG> (Thumb, 138 bytes, Stack size 0 bytes, rt_memcpy_v6.o(.text), UNUSED)
<BR><BR>[Calls]<UL><LI><a href="#[93]">&gt;&gt;</a>&nbsp;&nbsp;&nbsp;__aeabi_memcpy4
</UL>

<P><STRONG><a name="[1ba]"></a>_memcpy_lastbytes</STRONG> (Thumb, 0 bytes, Stack size unknown bytes, rt_memcpy_v6.o(.text), UNUSED)

<P><STRONG><a name="[93]"></a>__aeabi_memcpy4</STRONG> (Thumb, 0 bytes, Stack size 8 bytes, rt_memcpy_w.o(.text))
<BR><BR>[Stack]<UL><LI>Max Depth = 8<LI>Call Chain = __aeabi_memcpy4
</UL>
<BR>[Called By]<UL><LI><a href="#[187]">&gt;&gt;</a>&nbsp;&nbsp;&nbsp;tcp_seg_copy
<LI><a href="#[f5]">&gt;&gt;</a>&nbsp;&nbsp;&nbsp;WCHSocketInit
<LI><a href="#[b2]">&gt;&gt;</a>&nbsp;&nbsp;&nbsp;WCHNET_ConfigLIB
<LI><a href="#[92]">&gt;&gt;</a>&nbsp;&nbsp;&nbsp;__rt_memcpy
</UL>

<P><STRONG><a name="[1bb]"></a>__aeabi_memcpy8</STRONG> (Thumb, 0 bytes, Stack size 8 bytes, rt_memcpy_w.o(.text), UNUSED)

<P><STRONG><a name="[1bc]"></a>__rt_memcpy_w</STRONG> (Thumb, 100 bytes, Stack size 8 bytes, rt_memcpy_w.o(.text), UNUSED)

<P><STRONG><a name="[1bd]"></a>_memcpy_lastbytes_aligned</STRONG> (Thumb, 0 bytes, Stack size unknown bytes, rt_memcpy_w.o(.text), UNUSED)

<P><STRONG><a name="[b1]"></a>__aeabi_memclr4</STRONG> (Thumb, 0 bytes, Stack size 4 bytes, rt_memclr_w.o(.text))
<BR><BR>[Stack]<UL><LI>Max Depth = 4<LI>Call Chain = __aeabi_memclr4
</UL>
<BR>[Called By]<UL><LI><a href="#[b0]">&gt;&gt;</a>&nbsp;&nbsp;&nbsp;ETH_LibInit
<LI><a href="#[e5]">&gt;&gt;</a>&nbsp;&nbsp;&nbsp;WCHNET_CreateUdpSocket
<LI><a href="#[139]">&gt;&gt;</a>&nbsp;&nbsp;&nbsp;ip_reass
<LI><a href="#[172]">&gt;&gt;</a>&nbsp;&nbsp;&nbsp;tcp_alloc
<LI><a href="#[103]">&gt;&gt;</a>&nbsp;&nbsp;&nbsp;udp_new
<LI><a href="#[ff]">&gt;&gt;</a>&nbsp;&nbsp;&nbsp;raw_new
<LI><a href="#[f5]">&gt;&gt;</a>&nbsp;&nbsp;&nbsp;WCHSocketInit
<LI><a href="#[b3]">&gt;&gt;</a>&nbsp;&nbsp;&nbsp;WCHNET_Init
<LI><a href="#[b2]">&gt;&gt;</a>&nbsp;&nbsp;&nbsp;WCHNET_ConfigLIB
</UL>

<P><STRONG><a name="[1be]"></a>__aeabi_memclr8</STRONG> (Thumb, 0 bytes, Stack size 4 bytes, rt_memclr_w.o(.text), UNUSED)

<P><STRONG><a name="[1bf]"></a>__rt_memclr_w</STRONG> (Thumb, 78 bytes, Stack size 4 bytes, rt_memclr_w.o(.text), UNUSED)

<P><STRONG><a name="[1c0]"></a>_memset_w</STRONG> (Thumb, 0 bytes, Stack size unknown bytes, rt_memclr_w.o(.text), UNUSED)

<P><STRONG><a name="[1c1]"></a>__use_two_region_memory</STRONG> (Thumb, 2 bytes, Stack size 0 bytes, heapauxi.o(.text), UNUSED)

<P><STRONG><a name="[1c2]"></a>__rt_heap_escrow$2region</STRONG> (Thumb, 2 bytes, Stack size 0 bytes, heapauxi.o(.text), UNUSED)

<P><STRONG><a name="[1c3]"></a>__rt_heap_expand$2region</STRONG> (Thumb, 2 bytes, Stack size 0 bytes, heapauxi.o(.text), UNUSED)

<P><STRONG><a name="[8e]"></a>_printf_int_common</STRONG> (Thumb, 178 bytes, Stack size 32 bytes, _printf_intcommon.o(.text))
<BR><BR>[Stack]<UL><LI>Max Depth = 48<LI>Call Chain = _printf_int_common &rArr; _printf_post_padding
</UL>
<BR>[Calls]<UL><LI><a href="#[95]">&gt;&gt;</a>&nbsp;&nbsp;&nbsp;_printf_post_padding
<LI><a href="#[94]">&gt;&gt;</a>&nbsp;&nbsp;&nbsp;_printf_pre_padding
</UL>
<BR>[Called By]<UL><LI><a href="#[7f]">&gt;&gt;</a>&nbsp;&nbsp;&nbsp;_printf_int_hex
<LI><a href="#[7d]">&gt;&gt;</a>&nbsp;&nbsp;&nbsp;_printf_int_dec
</UL>

<P><STRONG><a name="[8d]"></a>_printf_char_file</STRONG> (Thumb, 32 bytes, Stack size 16 bytes, _printf_char_file.o(.text))
<BR><BR>[Stack]<UL><LI>Max Depth = 120 + Unknown Stack Size
<LI>Call Chain = _printf_char_file &rArr; _printf_char_common &rArr; __printf
</UL>
<BR>[Calls]<UL><LI><a href="#[97]">&gt;&gt;</a>&nbsp;&nbsp;&nbsp;ferror
<LI><a href="#[96]">&gt;&gt;</a>&nbsp;&nbsp;&nbsp;_printf_char_common
</UL>
<BR>[Called By]<UL><LI><a href="#[8c]">&gt;&gt;</a>&nbsp;&nbsp;&nbsp;__2printf
</UL>

<P><STRONG><a name="[96]"></a>_printf_char_common</STRONG> (Thumb, 32 bytes, Stack size 64 bytes, _printf_char_common.o(.text))
<BR><BR>[Stack]<UL><LI>Max Depth = 104 + Unknown Stack Size
<LI>Call Chain = _printf_char_common &rArr; __printf
</UL>
<BR>[Calls]<UL><LI><a href="#[8f]">&gt;&gt;</a>&nbsp;&nbsp;&nbsp;__printf
</UL>
<BR>[Called By]<UL><LI><a href="#[8d]">&gt;&gt;</a>&nbsp;&nbsp;&nbsp;_printf_char_file
</UL>

<P><STRONG><a name="[97]"></a>ferror</STRONG> (Thumb, 8 bytes, Stack size 0 bytes, ferror.o(.text))
<BR><BR>[Called By]<UL><LI><a href="#[8d]">&gt;&gt;</a>&nbsp;&nbsp;&nbsp;_printf_char_file
</UL>

<P><STRONG><a name="[81]"></a>__user_setup_stackheap</STRONG> (Thumb, 74 bytes, Stack size 8 bytes, sys_stackheap_outer.o(.text))
<BR><BR>[Stack]<UL><LI>Max Depth = 8 + Unknown Stack Size
<LI>Call Chain = __user_setup_stackheap
</UL>
<BR>[Calls]<UL><LI><a href="#[99]">&gt;&gt;</a>&nbsp;&nbsp;&nbsp;__user_initial_stackheap
<LI><a href="#[98]">&gt;&gt;</a>&nbsp;&nbsp;&nbsp;__user_perproc_libspace
</UL>
<BR>[Called By]<UL><LI><a href="#[80]">&gt;&gt;</a>&nbsp;&nbsp;&nbsp;__rt_entry_sh
</UL>

<P><STRONG><a name="[86]"></a>exit</STRONG> (Thumb, 18 bytes, Stack size 8 bytes, exit.o(.text))
<BR><BR>[Stack]<UL><LI>Max Depth = 8 + Unknown Stack Size
<LI>Call Chain = exit
</UL>
<BR>[Calls]<UL><LI><a href="#[9a]">&gt;&gt;</a>&nbsp;&nbsp;&nbsp;__rt_exit
</UL>
<BR>[Called By]<UL><LI><a href="#[84]">&gt;&gt;</a>&nbsp;&nbsp;&nbsp;__rt_entry_main
</UL>

<P><STRONG><a name="[1c4]"></a>__user_libspace</STRONG> (Thumb, 8 bytes, Stack size 0 bytes, libspace.o(.text), UNUSED)

<P><STRONG><a name="[98]"></a>__user_perproc_libspace</STRONG> (Thumb, 0 bytes, Stack size 0 bytes, libspace.o(.text))
<BR><BR>[Called By]<UL><LI><a href="#[81]">&gt;&gt;</a>&nbsp;&nbsp;&nbsp;__user_setup_stackheap
</UL>

<P><STRONG><a name="[1c5]"></a>__user_perthread_libspace</STRONG> (Thumb, 0 bytes, Stack size 0 bytes, libspace.o(.text), UNUSED)

<P><STRONG><a name="[8a]"></a>_sys_exit</STRONG> (Thumb, 8 bytes, Stack size 0 bytes, sys_exit.o(.text))
<BR><BR>[Called By]<UL><LI><a href="#[89]">&gt;&gt;</a>&nbsp;&nbsp;&nbsp;__rt_exit_exit
</UL>

<P><STRONG><a name="[1c6]"></a>__I$use$semihosting</STRONG> (Thumb, 0 bytes, Stack size 0 bytes, use_no_semi.o(.text), UNUSED)

<P><STRONG><a name="[1c7]"></a>__use_no_semihosting_swi</STRONG> (Thumb, 2 bytes, Stack size 0 bytes, use_no_semi.o(.text), UNUSED)

<P><STRONG><a name="[7]"></a>BusFault_Handler</STRONG> (Thumb, 4 bytes, Stack size 0 bytes, ch32f20x_it.o(i.BusFault_Handler))
<BR>[Address Reference Count : 1]<UL><LI> startup_ch32f20x_d8c.o(RESET)
</UL>
<P><STRONG><a name="[1c8]"></a>__semihosting_library_function</STRONG> (Thumb, 0 bytes, Stack size 0 bytes, indicate_semi.o(.text), UNUSED)

<P><STRONG><a name="[a8]"></a>DBGMCU_GetCHIPID</STRONG> (Thumb, 6 bytes, Stack size 0 bytes, ch32f20x_dbgmcu.o(i.DBGMCU_GetCHIPID))
<BR><BR>[Called By]<UL><LI><a href="#[a6]">&gt;&gt;</a>&nbsp;&nbsp;&nbsp;ETH_Init
</UL>

<P><STRONG><a name="[a]"></a>DebugMon_Handler</STRONG> (Thumb, 4 bytes, Stack size 0 bytes, ch32f20x_it.o(i.DebugMon_Handler))
<BR>[Address Reference Count : 1]<UL><LI> startup_ch32f20x_d8c.o(RESET)
</UL>
<P><STRONG><a name="[a7]"></a>Delay_Ms</STRONG> (Thumb, 12 bytes, Stack size 0 bytes, debug.o(i.Delay_Ms))
<BR><BR>[Called By]<UL><LI><a href="#[a6]">&gt;&gt;</a>&nbsp;&nbsp;&nbsp;ETH_Init
</UL>

<P><STRONG><a name="[a0]"></a>Delay_Us</STRONG> (Thumb, 12 bytes, Stack size 0 bytes, debug.o(i.Delay_Us))
<BR><BR>[Called By]<UL><LI><a href="#[cb]">&gt;&gt;</a>&nbsp;&nbsp;&nbsp;ReInitMACReg
<LI><a href="#[9b]">&gt;&gt;</a>&nbsp;&nbsp;&nbsp;ETH_Configuration
</UL>

<P><STRONG><a name="[9b]"></a>ETH_Configuration</STRONG> (Thumb, 224 bytes, Stack size 200 bytes, eth_driver_d8c_10m.o(i.ETH_Configuration))
<BR><BR>[Stack]<UL><LI>Max Depth = 232<LI>Call Chain = ETH_Configuration &rArr; ETH_RegInit &rArr; ETH_WritePHYRegister
</UL>
<BR>[Calls]<UL><LI><a href="#[a0]">&gt;&gt;</a>&nbsp;&nbsp;&nbsp;Delay_Us
<LI><a href="#[9c]">&gt;&gt;</a>&nbsp;&nbsp;&nbsp;RCC_AHBPeriphClockCmd
<LI><a href="#[a1]">&gt;&gt;</a>&nbsp;&nbsp;&nbsp;ETH_StructInit
<LI><a href="#[9f]">&gt;&gt;</a>&nbsp;&nbsp;&nbsp;ETH_SoftwareReset
<LI><a href="#[9e]">&gt;&gt;</a>&nbsp;&nbsp;&nbsp;ETH_DeInit
<LI><a href="#[a3]">&gt;&gt;</a>&nbsp;&nbsp;&nbsp;ETH_DMAITConfig
<LI><a href="#[9d]">&gt;&gt;</a>&nbsp;&nbsp;&nbsp;ETH_SetClock
<LI><a href="#[a2]">&gt;&gt;</a>&nbsp;&nbsp;&nbsp;ETH_RegInit
</UL>
<BR>[Called By]<UL><LI><a href="#[a6]">&gt;&gt;</a>&nbsp;&nbsp;&nbsp;ETH_Init
</UL>

<P><STRONG><a name="[eb]"></a>ETH_DMAClearITPendingBit</STRONG> (Thumb, 6 bytes, Stack size 0 bytes, ch32f20x_eth.o(i.ETH_DMAClearITPendingBit))
<BR><BR>[Called By]<UL><LI><a href="#[a5]">&gt;&gt;</a>&nbsp;&nbsp;&nbsp;WCHNET_ETHIsr
</UL>

<P><STRONG><a name="[a3]"></a>ETH_DMAITConfig</STRONG> (Thumb, 26 bytes, Stack size 0 bytes, ch32f20x_eth.o(i.ETH_DMAITConfig))
<BR><BR>[Called By]<UL><LI><a href="#[cb]">&gt;&gt;</a>&nbsp;&nbsp;&nbsp;ReInitMACReg
<LI><a href="#[9b]">&gt;&gt;</a>&nbsp;&nbsp;&nbsp;ETH_Configuration
</UL>

<P><STRONG><a name="[c1]"></a>ETH_DMAReceptionCmd</STRONG> (Thumb, 30 bytes, Stack size 0 bytes, ch32f20x_eth.o(i.ETH_DMAReceptionCmd))
<BR><BR>[Called By]<UL><LI><a href="#[b7]">&gt;&gt;</a>&nbsp;&nbsp;&nbsp;ETH_Start
</UL>

<P><STRONG><a name="[ab]"></a>ETH_DMARxDescChainInit</STRONG> (Thumb, 72 bytes, Stack size 12 bytes, ch32f20x_eth.o(i.ETH_DMARxDescChainInit))
<BR><BR>[Stack]<UL><LI>Max Depth = 12<LI>Call Chain = ETH_DMARxDescChainInit
</UL>
<BR>[Called By]<UL><LI><a href="#[cb]">&gt;&gt;</a>&nbsp;&nbsp;&nbsp;ReInitMACReg
<LI><a href="#[a6]">&gt;&gt;</a>&nbsp;&nbsp;&nbsp;ETH_Init
</UL>

<P><STRONG><a name="[c0]"></a>ETH_DMATransmissionCmd</STRONG> (Thumb, 30 bytes, Stack size 0 bytes, ch32f20x_eth.o(i.ETH_DMATransmissionCmd))
<BR><BR>[Called By]<UL><LI><a href="#[b7]">&gt;&gt;</a>&nbsp;&nbsp;&nbsp;ETH_Start
</UL>

<P><STRONG><a name="[aa]"></a>ETH_DMATxDescChainInit</STRONG> (Thumb, 66 bytes, Stack size 12 bytes, ch32f20x_eth.o(i.ETH_DMATxDescChainInit))
<BR><BR>[Stack]<UL><LI>Max Depth = 12<LI>Call Chain = ETH_DMATxDescChainInit
</UL>
<BR>[Called By]<UL><LI><a href="#[cb]">&gt;&gt;</a>&nbsp;&nbsp;&nbsp;ReInitMACReg
<LI><a href="#[a6]">&gt;&gt;</a>&nbsp;&nbsp;&nbsp;ETH_Init
</UL>

<P><STRONG><a name="[9e]"></a>ETH_DeInit</STRONG> (Thumb, 22 bytes, Stack size 8 bytes, ch32f20x_eth.o(i.ETH_DeInit))
<BR><BR>[Stack]<UL><LI>Max Depth = 8<LI>Call Chain = ETH_DeInit
</UL>
<BR>[Calls]<UL><LI><a href="#[a4]">&gt;&gt;</a>&nbsp;&nbsp;&nbsp;RCC_AHBPeriphResetCmd
</UL>
<BR>[Called By]<UL><LI><a href="#[9b]">&gt;&gt;</a>&nbsp;&nbsp;&nbsp;ETH_Configuration
</UL>

<P><STRONG><a name="[be]"></a>ETH_FlushTransmitFIFO</STRONG> (Thumb, 14 bytes, Stack size 0 bytes, ch32f20x_eth.o(i.ETH_FlushTransmitFIFO))
<BR><BR>[Called By]<UL><LI><a href="#[b7]">&gt;&gt;</a>&nbsp;&nbsp;&nbsp;ETH_Start
</UL>

<P><STRONG><a name="[49]"></a>ETH_IRQHandler</STRONG> (Thumb, 8 bytes, Stack size 8 bytes, ch32f20x_it.o(i.ETH_IRQHandler))
<BR><BR>[Stack]<UL><LI>Max Depth = 44<LI>Call Chain = ETH_IRQHandler &rArr; WCHNET_ETHIsr &rArr; ETH_PHYLink &rArr; ETH_ReadPHYRegister
</UL>
<BR>[Calls]<UL><LI><a href="#[a5]">&gt;&gt;</a>&nbsp;&nbsp;&nbsp;WCHNET_ETHIsr
</UL>
<BR>[Address Reference Count : 1]<UL><LI> startup_ch32f20x_d8c.o(RESET)
</UL>
<P><STRONG><a name="[a6]"></a>ETH_Init</STRONG> (Thumb, 140 bytes, Stack size 16 bytes, eth_driver_d8c_10m.o(i.ETH_Init))
<BR><BR>[Stack]<UL><LI>Max Depth = 248<LI>Call Chain = ETH_Init &rArr; ETH_Configuration &rArr; ETH_RegInit &rArr; ETH_WritePHYRegister
</UL>
<BR>[Calls]<UL><LI><a href="#[a7]">&gt;&gt;</a>&nbsp;&nbsp;&nbsp;Delay_Ms
<LI><a href="#[a8]">&gt;&gt;</a>&nbsp;&nbsp;&nbsp;DBGMCU_GetCHIPID
<LI><a href="#[aa]">&gt;&gt;</a>&nbsp;&nbsp;&nbsp;ETH_DMATxDescChainInit
<LI><a href="#[ab]">&gt;&gt;</a>&nbsp;&nbsp;&nbsp;ETH_DMARxDescChainInit
<LI><a href="#[a9]">&gt;&gt;</a>&nbsp;&nbsp;&nbsp;ETH_LedConfiguration
<LI><a href="#[9b]">&gt;&gt;</a>&nbsp;&nbsp;&nbsp;ETH_Configuration
</UL>
<BR>[Called By]<UL><LI><a href="#[b0]">&gt;&gt;</a>&nbsp;&nbsp;&nbsp;ETH_LibInit
</UL>

<P><STRONG><a name="[a9]"></a>ETH_LedConfiguration</STRONG> (Thumb, 54 bytes, Stack size 8 bytes, eth_driver_d8c_10m.o(i.ETH_LedConfiguration))
<BR><BR>[Stack]<UL><LI>Max Depth = 32<LI>Call Chain = ETH_LedConfiguration &rArr; GPIO_Init
</UL>
<BR>[Calls]<UL><LI><a href="#[ac]">&gt;&gt;</a>&nbsp;&nbsp;&nbsp;RCC_APB2PeriphClockCmd
<LI><a href="#[ad]">&gt;&gt;</a>&nbsp;&nbsp;&nbsp;GPIO_Init
<LI><a href="#[68]">&gt;&gt;</a>&nbsp;&nbsp;&nbsp;ETH_LedLinkSet
<LI><a href="#[69]">&gt;&gt;</a>&nbsp;&nbsp;&nbsp;ETH_LedDataSet
</UL>
<BR>[Called By]<UL><LI><a href="#[a6]">&gt;&gt;</a>&nbsp;&nbsp;&nbsp;ETH_Init
</UL>

<P><STRONG><a name="[69]"></a>ETH_LedDataSet</STRONG> (Thumb, 28 bytes, Stack size 8 bytes, eth_driver_d8c_10m.o(i.ETH_LedDataSet))
<BR><BR>[Stack]<UL><LI>Max Depth = 8<LI>Call Chain = ETH_LedDataSet
</UL>
<BR>[Calls]<UL><LI><a href="#[ae]">&gt;&gt;</a>&nbsp;&nbsp;&nbsp;GPIO_SetBits
<LI><a href="#[af]">&gt;&gt;</a>&nbsp;&nbsp;&nbsp;GPIO_ResetBits
</UL>
<BR>[Called By]<UL><LI><a href="#[a9]">&gt;&gt;</a>&nbsp;&nbsp;&nbsp;ETH_LedConfiguration
</UL>
<BR>[Address Reference Count : 1]<UL><LI> eth_driver_d8c_10m.o(i.ETH_LibInit)
</UL>
<P><STRONG><a name="[68]"></a>ETH_LedLinkSet</STRONG> (Thumb, 28 bytes, Stack size 8 bytes, eth_driver_d8c_10m.o(i.ETH_LedLinkSet))
<BR><BR>[Stack]<UL><LI>Max Depth = 8<LI>Call Chain = ETH_LedLinkSet
</UL>
<BR>[Calls]<UL><LI><a href="#[ae]">&gt;&gt;</a>&nbsp;&nbsp;&nbsp;GPIO_SetBits
<LI><a href="#[af]">&gt;&gt;</a>&nbsp;&nbsp;&nbsp;GPIO_ResetBits
</UL>
<BR>[Called By]<UL><LI><a href="#[a9]">&gt;&gt;</a>&nbsp;&nbsp;&nbsp;ETH_LedConfiguration
</UL>
<BR>[Address Reference Count : 1]<UL><LI> eth_driver_d8c_10m.o(i.ETH_LibInit)
</UL>
<P><STRONG><a name="[b0]"></a>ETH_LibInit</STRONG> (Thumb, 112 bytes, Stack size 72 bytes, eth_driver_d8c_10m.o(i.ETH_LibInit))
<BR><BR>[Stack]<UL><LI>Max Depth = 588<LI>Call Chain = ETH_LibInit &rArr; WCHNET_Init &rArr; wch_ethernetif_init &rArr; netif_add &rArr; netif_set_addr &rArr; netif_set_ipaddr &rArr; tcp_abandon &rArr; LwipRemoveTcpPcb &rArr; WCHScokedIntHandle &rArr; tcp_close &rArr;  LwipRemoveTcpPcb (Cycle)
</UL>
<BR>[Calls]<UL><LI><a href="#[b3]">&gt;&gt;</a>&nbsp;&nbsp;&nbsp;WCHNET_Init
<LI><a href="#[b2]">&gt;&gt;</a>&nbsp;&nbsp;&nbsp;WCHNET_ConfigLIB
<LI><a href="#[a6]">&gt;&gt;</a>&nbsp;&nbsp;&nbsp;ETH_Init
<LI><a href="#[b1]">&gt;&gt;</a>&nbsp;&nbsp;&nbsp;__aeabi_memclr4
</UL>
<BR>[Called By]<UL><LI><a href="#[85]">&gt;&gt;</a>&nbsp;&nbsp;&nbsp;main
</UL>

<P><STRONG><a name="[bf]"></a>ETH_MACReceptionCmd</STRONG> (Thumb, 30 bytes, Stack size 0 bytes, ch32f20x_eth.o(i.ETH_MACReceptionCmd))
<BR><BR>[Called By]<UL><LI><a href="#[b7]">&gt;&gt;</a>&nbsp;&nbsp;&nbsp;ETH_Start
</UL>

<P><STRONG><a name="[bd]"></a>ETH_MACTransmissionCmd</STRONG> (Thumb, 30 bytes, Stack size 0 bytes, ch32f20x_eth.o(i.ETH_MACTransmissionCmd))
<BR><BR>[Called By]<UL><LI><a href="#[b7]">&gt;&gt;</a>&nbsp;&nbsp;&nbsp;ETH_Start
</UL>

<P><STRONG><a name="[b4]"></a>ETH_PHYLink</STRONG> (Thumb, 268 bytes, Stack size 16 bytes, eth_driver_d8c_10m.o(i.ETH_PHYLink))
<BR><BR>[Stack]<UL><LI>Max Depth = 28<LI>Call Chain = ETH_PHYLink &rArr; ETH_ReadPHYRegister
</UL>
<BR>[Calls]<UL><LI><a href="#[b7]">&gt;&gt;</a>&nbsp;&nbsp;&nbsp;ETH_Start
<LI><a href="#[b5]">&gt;&gt;</a>&nbsp;&nbsp;&nbsp;ETH_ReadPHYRegister
<LI><a href="#[b6]">&gt;&gt;</a>&nbsp;&nbsp;&nbsp;WCHNET_PhyStatus
</UL>
<BR>[Called By]<UL><LI><a href="#[a5]">&gt;&gt;</a>&nbsp;&nbsp;&nbsp;WCHNET_ETHIsr
<LI><a href="#[24]">&gt;&gt;</a>&nbsp;&nbsp;&nbsp;EXTI9_5_IRQHandler
</UL>

<P><STRONG><a name="[b5]"></a>ETH_ReadPHYRegister</STRONG> (Thumb, 98 bytes, Stack size 12 bytes, ch32f20x_eth.o(i.ETH_ReadPHYRegister))
<BR><BR>[Stack]<UL><LI>Max Depth = 12<LI>Call Chain = ETH_ReadPHYRegister
</UL>
<BR>[Called By]<UL><LI><a href="#[b4]">&gt;&gt;</a>&nbsp;&nbsp;&nbsp;ETH_PHYLink
<LI><a href="#[f4]">&gt;&gt;</a>&nbsp;&nbsp;&nbsp;WCHNET_PhyPNProcess
<LI><a href="#[f3]">&gt;&gt;</a>&nbsp;&nbsp;&nbsp;WCHNET_LinkProcess
<LI><a href="#[f2]">&gt;&gt;</a>&nbsp;&nbsp;&nbsp;WCHNET_HandlePhyNegotiation
<LI><a href="#[cb]">&gt;&gt;</a>&nbsp;&nbsp;&nbsp;ReInitMACReg
</UL>

<P><STRONG><a name="[a2]"></a>ETH_RegInit</STRONG> (Thumb, 278 bytes, Stack size 16 bytes, eth_driver_d8c_10m.o(i.ETH_RegInit))
<BR><BR>[Stack]<UL><LI>Max Depth = 32<LI>Call Chain = ETH_RegInit &rArr; ETH_WritePHYRegister
</UL>
<BR>[Calls]<UL><LI><a href="#[b8]">&gt;&gt;</a>&nbsp;&nbsp;&nbsp;ETH_WritePHYRegister
</UL>
<BR>[Called By]<UL><LI><a href="#[9b]">&gt;&gt;</a>&nbsp;&nbsp;&nbsp;ETH_Configuration
</UL>

<P><STRONG><a name="[9d]"></a>ETH_SetClock</STRONG> (Thumb, 42 bytes, Stack size 8 bytes, eth_driver_d8c_10m.o(i.ETH_SetClock))
<BR><BR>[Stack]<UL><LI>Max Depth = 16<LI>Call Chain = ETH_SetClock &rArr; RCC_GetFlagStatus
</UL>
<BR>[Calls]<UL><LI><a href="#[ba]">&gt;&gt;</a>&nbsp;&nbsp;&nbsp;RCC_PREDIV2Config
<LI><a href="#[bb]">&gt;&gt;</a>&nbsp;&nbsp;&nbsp;RCC_PLL3Config
<LI><a href="#[b9]">&gt;&gt;</a>&nbsp;&nbsp;&nbsp;RCC_PLL3Cmd
<LI><a href="#[bc]">&gt;&gt;</a>&nbsp;&nbsp;&nbsp;RCC_GetFlagStatus
</UL>
<BR>[Called By]<UL><LI><a href="#[9b]">&gt;&gt;</a>&nbsp;&nbsp;&nbsp;ETH_Configuration
</UL>

<P><STRONG><a name="[9f]"></a>ETH_SoftwareReset</STRONG> (Thumb, 14 bytes, Stack size 0 bytes, ch32f20x_eth.o(i.ETH_SoftwareReset))
<BR><BR>[Called By]<UL><LI><a href="#[cb]">&gt;&gt;</a>&nbsp;&nbsp;&nbsp;ReInitMACReg
<LI><a href="#[9b]">&gt;&gt;</a>&nbsp;&nbsp;&nbsp;ETH_Configuration
</UL>

<P><STRONG><a name="[b7]"></a>ETH_Start</STRONG> (Thumb, 32 bytes, Stack size 4 bytes, ch32f20x_eth.o(i.ETH_Start))
<BR><BR>[Stack]<UL><LI>Max Depth = 4<LI>Call Chain = ETH_Start
</UL>
<BR>[Calls]<UL><LI><a href="#[bd]">&gt;&gt;</a>&nbsp;&nbsp;&nbsp;ETH_MACTransmissionCmd
<LI><a href="#[bf]">&gt;&gt;</a>&nbsp;&nbsp;&nbsp;ETH_MACReceptionCmd
<LI><a href="#[be]">&gt;&gt;</a>&nbsp;&nbsp;&nbsp;ETH_FlushTransmitFIFO
<LI><a href="#[c0]">&gt;&gt;</a>&nbsp;&nbsp;&nbsp;ETH_DMATransmissionCmd
<LI><a href="#[c1]">&gt;&gt;</a>&nbsp;&nbsp;&nbsp;ETH_DMAReceptionCmd
</UL>
<BR>[Called By]<UL><LI><a href="#[b4]">&gt;&gt;</a>&nbsp;&nbsp;&nbsp;ETH_PHYLink
<LI><a href="#[cb]">&gt;&gt;</a>&nbsp;&nbsp;&nbsp;ReInitMACReg
</UL>

<P><STRONG><a name="[a1]"></a>ETH_StructInit</STRONG> (Thumb, 166 bytes, Stack size 0 bytes, ch32f20x_eth.o(i.ETH_StructInit))
<BR><BR>[Called By]<UL><LI><a href="#[cb]">&gt;&gt;</a>&nbsp;&nbsp;&nbsp;ReInitMACReg
<LI><a href="#[9b]">&gt;&gt;</a>&nbsp;&nbsp;&nbsp;ETH_Configuration
</UL>

<P><STRONG><a name="[6a]"></a>ETH_TxPktChainMode</STRONG> (Thumb, 90 bytes, Stack size 0 bytes, eth_driver_d8c_10m.o(i.ETH_TxPktChainMode))
<BR>[Address Reference Count : 1]<UL><LI> eth_driver_d8c_10m.o(i.ETH_LibInit)
</UL>
<P><STRONG><a name="[b8]"></a>ETH_WritePHYRegister</STRONG> (Thumb, 96 bytes, Stack size 16 bytes, ch32f20x_eth.o(i.ETH_WritePHYRegister))
<BR><BR>[Stack]<UL><LI>Max Depth = 16<LI>Call Chain = ETH_WritePHYRegister
</UL>
<BR>[Called By]<UL><LI><a href="#[f4]">&gt;&gt;</a>&nbsp;&nbsp;&nbsp;WCHNET_PhyPNProcess
<LI><a href="#[f3]">&gt;&gt;</a>&nbsp;&nbsp;&nbsp;WCHNET_LinkProcess
<LI><a href="#[f2]">&gt;&gt;</a>&nbsp;&nbsp;&nbsp;WCHNET_HandlePhyNegotiation
<LI><a href="#[cb]">&gt;&gt;</a>&nbsp;&nbsp;&nbsp;ReInitMACReg
<LI><a href="#[a2]">&gt;&gt;</a>&nbsp;&nbsp;&nbsp;ETH_RegInit
</UL>

<P><STRONG><a name="[24]"></a>EXTI9_5_IRQHandler</STRONG> (Thumb, 14 bytes, Stack size 8 bytes, ch32f20x_it.o(i.EXTI9_5_IRQHandler))
<BR><BR>[Stack]<UL><LI>Max Depth = 36<LI>Call Chain = EXTI9_5_IRQHandler &rArr; ETH_PHYLink &rArr; ETH_ReadPHYRegister
</UL>
<BR>[Calls]<UL><LI><a href="#[c2]">&gt;&gt;</a>&nbsp;&nbsp;&nbsp;EXTI_ClearITPendingBit
<LI><a href="#[b4]">&gt;&gt;</a>&nbsp;&nbsp;&nbsp;ETH_PHYLink
</UL>
<BR>[Address Reference Count : 1]<UL><LI> startup_ch32f20x_d8c.o(RESET)
</UL>
<P><STRONG><a name="[c2]"></a>EXTI_ClearITPendingBit</STRONG> (Thumb, 6 bytes, Stack size 0 bytes, ch32f20x_exti.o(i.EXTI_ClearITPendingBit))
<BR><BR>[Called By]<UL><LI><a href="#[24]">&gt;&gt;</a>&nbsp;&nbsp;&nbsp;EXTI9_5_IRQHandler
</UL>

<P><STRONG><a name="[da]"></a>ErrorEncode</STRONG> (Thumb, 14 bytes, Stack size 0 bytes, socket.o(i.ErrorEncode))
<BR><BR>[Called By]<UL><LI><a href="#[e6]">&gt;&gt;</a>&nbsp;&nbsp;&nbsp;WCHNET_SocketCreat
<LI><a href="#[de]">&gt;&gt;</a>&nbsp;&nbsp;&nbsp;SocketUdpSend
<LI><a href="#[db]">&gt;&gt;</a>&nbsp;&nbsp;&nbsp;SocketTcpSend
<LI><a href="#[d6]">&gt;&gt;</a>&nbsp;&nbsp;&nbsp;SocketIPRawSend
</UL>

<P><STRONG><a name="[ad]"></a>GPIO_Init</STRONG> (Thumb, 278 bytes, Stack size 24 bytes, ch32f20x_gpio.o(i.GPIO_Init))
<BR><BR>[Stack]<UL><LI>Max Depth = 24<LI>Call Chain = GPIO_Init
</UL>
<BR>[Called By]<UL><LI><a href="#[e3]">&gt;&gt;</a>&nbsp;&nbsp;&nbsp;USART_Printf_Init
<LI><a href="#[c3]">&gt;&gt;</a>&nbsp;&nbsp;&nbsp;GPIO_Toggle_INIT
<LI><a href="#[a9]">&gt;&gt;</a>&nbsp;&nbsp;&nbsp;ETH_LedConfiguration
</UL>

<P><STRONG><a name="[af]"></a>GPIO_ResetBits</STRONG> (Thumb, 4 bytes, Stack size 0 bytes, ch32f20x_gpio.o(i.GPIO_ResetBits))
<BR><BR>[Called By]<UL><LI><a href="#[72]">&gt;&gt;</a>&nbsp;&nbsp;&nbsp;task1_task
<LI><a href="#[68]">&gt;&gt;</a>&nbsp;&nbsp;&nbsp;ETH_LedLinkSet
<LI><a href="#[69]">&gt;&gt;</a>&nbsp;&nbsp;&nbsp;ETH_LedDataSet
</UL>

<P><STRONG><a name="[ae]"></a>GPIO_SetBits</STRONG> (Thumb, 4 bytes, Stack size 0 bytes, ch32f20x_gpio.o(i.GPIO_SetBits))
<BR><BR>[Called By]<UL><LI><a href="#[72]">&gt;&gt;</a>&nbsp;&nbsp;&nbsp;task1_task
<LI><a href="#[68]">&gt;&gt;</a>&nbsp;&nbsp;&nbsp;ETH_LedLinkSet
<LI><a href="#[69]">&gt;&gt;</a>&nbsp;&nbsp;&nbsp;ETH_LedDataSet
</UL>

<P><STRONG><a name="[c3]"></a>GPIO_Toggle_INIT</STRONG> (Thumb, 42 bytes, Stack size 8 bytes, main.o(i.GPIO_Toggle_INIT))
<BR><BR>[Stack]<UL><LI>Max Depth = 32<LI>Call Chain = GPIO_Toggle_INIT &rArr; GPIO_Init
</UL>
<BR>[Calls]<UL><LI><a href="#[ac]">&gt;&gt;</a>&nbsp;&nbsp;&nbsp;RCC_APB2PeriphClockCmd
<LI><a href="#[ad]">&gt;&gt;</a>&nbsp;&nbsp;&nbsp;GPIO_Init
</UL>
<BR>[Called By]<UL><LI><a href="#[85]">&gt;&gt;</a>&nbsp;&nbsp;&nbsp;main
</UL>

<P><STRONG><a name="[c5]"></a>IPCheckParaInit</STRONG> (Thumb, 22 bytes, Stack size 0 bytes, ipcheck.o(i.IPCheckParaInit))
<BR><BR>[Called By]<UL><LI><a href="#[c7]">&gt;&gt;</a>&nbsp;&nbsp;&nbsp;IPConflictHandle
<LI><a href="#[c4]">&gt;&gt;</a>&nbsp;&nbsp;&nbsp;IPCheckTmr
<LI><a href="#[b6]">&gt;&gt;</a>&nbsp;&nbsp;&nbsp;WCHNET_PhyStatus
</UL>

<P><STRONG><a name="[c4]"></a>IPCheckTmr</STRONG> (Thumb, 48 bytes, Stack size 0 bytes, ipcheck.o(i.IPCheckTmr))
<BR><BR>[Stack]<UL><LI>Max Depth = 140<LI>Call Chain = IPCheckTmr &rArr; SelIPARPSend &rArr; etharp_request &rArr; etharp_raw &rArr; pbuf_alloc &rArr; pbuf_free &rArr; mem_free &rArr; plug_holes
</UL>
<BR>[Calls]<UL><LI><a href="#[c6]">&gt;&gt;</a>&nbsp;&nbsp;&nbsp;SelIPARPSend
<LI><a href="#[c5]">&gt;&gt;</a>&nbsp;&nbsp;&nbsp;IPCheckParaInit
</UL>
<BR>[Called By]<UL><LI><a href="#[f8]">&gt;&gt;</a>&nbsp;&nbsp;&nbsp;WCHNET_PeriodicHandle
</UL>

<P><STRONG><a name="[c7]"></a>IPConflictHandle</STRONG> (Thumb, 32 bytes, Stack size 4 bytes, ipcheck.o(i.IPConflictHandle))
<BR><BR>[Stack]<UL><LI>Max Depth = 4<LI>Call Chain = IPConflictHandle
</UL>
<BR>[Calls]<UL><LI><a href="#[c5]">&gt;&gt;</a>&nbsp;&nbsp;&nbsp;IPCheckParaInit
</UL>
<BR>[Called By]<UL><LI><a href="#[11e]">&gt;&gt;</a>&nbsp;&nbsp;&nbsp;update_arp_entry
</UL>

<P><STRONG><a name="[123]"></a>LwipArpCheck</STRONG> (Thumb, 8 bytes, Stack size 0 bytes, socket.o(i.LwipArpCheck))
<BR><BR>[Called By]<UL><LI><a href="#[121]">&gt;&gt;</a>&nbsp;&nbsp;&nbsp;etharp_query
</UL>

<P><STRONG><a name="[c8]"></a>LwipRemoveTcpPcb</STRONG> (Thumb, 98 bytes, Stack size 24 bytes, socket.o(i.LwipRemoveTcpPcb))
<BR><BR>[Stack]<UL><LI>Max Depth = 340<LI>Call Chain = LwipRemoveTcpPcb &rArr; WCHScokedIntHandle &rArr; tcp_close &rArr;  LwipRemoveTcpPcb (Cycle)
</UL>
<BR>[Calls]<UL><LI><a href="#[ca]">&gt;&gt;</a>&nbsp;&nbsp;&nbsp;WCHScokedIntHandle
<LI><a href="#[c9]">&gt;&gt;</a>&nbsp;&nbsp;&nbsp;WCHFindCorrectTCBPcb
</UL>
<BR>[Called By]<UL><LI><a href="#[13c]">&gt;&gt;</a>&nbsp;&nbsp;&nbsp;tcp_input
<LI><a href="#[18a]">&gt;&gt;</a>&nbsp;&nbsp;&nbsp;tcp_slowtmr
<LI><a href="#[cc]">&gt;&gt;</a>&nbsp;&nbsp;&nbsp;RemoveTimeWaiTCP
<LI><a href="#[10b]">&gt;&gt;</a>&nbsp;&nbsp;&nbsp;tcp_close
<LI><a href="#[155]">&gt;&gt;</a>&nbsp;&nbsp;&nbsp;tcp_abandon
</UL>

<P><STRONG><a name="[12c]"></a>LwipUnreachPort</STRONG> (Thumb, 18 bytes, Stack size 8 bytes, socket.o(i.LwipUnreachPort))
<BR><BR>[Stack]<UL><LI>Max Depth = 8<LI>Call Chain = LwipUnreachPort
</UL>
<BR>[Called By]<UL><LI><a href="#[12b]">&gt;&gt;</a>&nbsp;&nbsp;&nbsp;icmp_input
</UL>

<P><STRONG><a name="[6]"></a>MemManage_Handler</STRONG> (Thumb, 4 bytes, Stack size 0 bytes, ch32f20x_it.o(i.MemManage_Handler))
<BR>[Address Reference Count : 1]<UL><LI> startup_ch32f20x_d8c.o(RESET)
</UL>
<P><STRONG><a name="[6e]"></a>NET_TCPError</STRONG> (Thumb, 2 bytes, Stack size 0 bytes, socket.o(i.NET_TCPError))
<BR>[Address Reference Count : 1]<UL><LI> socket.o(i.WCHNET_SocketCreat)
</UL>
<P><STRONG><a name="[4]"></a>NMI_Handler</STRONG> (Thumb, 4 bytes, Stack size 0 bytes, ch32f20x_it.o(i.NMI_Handler))
<BR>[Address Reference Count : 1]<UL><LI> startup_ch32f20x_d8c.o(RESET)
</UL>
<P><STRONG><a name="[12d]"></a>QueryPingEnable</STRONG> (Thumb, 10 bytes, Stack size 0 bytes, socket.o(i.QueryPingEnable))
<BR><BR>[Called By]<UL><LI><a href="#[12b]">&gt;&gt;</a>&nbsp;&nbsp;&nbsp;icmp_input
</UL>

<P><STRONG><a name="[9c]"></a>RCC_AHBPeriphClockCmd</STRONG> (Thumb, 26 bytes, Stack size 0 bytes, ch32f20x_rcc.o(i.RCC_AHBPeriphClockCmd))
<BR><BR>[Called By]<UL><LI><a href="#[9b]">&gt;&gt;</a>&nbsp;&nbsp;&nbsp;ETH_Configuration
</UL>

<P><STRONG><a name="[a4]"></a>RCC_AHBPeriphResetCmd</STRONG> (Thumb, 26 bytes, Stack size 0 bytes, ch32f20x_rcc.o(i.RCC_AHBPeriphResetCmd))
<BR><BR>[Called By]<UL><LI><a href="#[9e]">&gt;&gt;</a>&nbsp;&nbsp;&nbsp;ETH_DeInit
</UL>

<P><STRONG><a name="[ac]"></a>RCC_APB2PeriphClockCmd</STRONG> (Thumb, 26 bytes, Stack size 0 bytes, ch32f20x_rcc.o(i.RCC_APB2PeriphClockCmd))
<BR><BR>[Called By]<UL><LI><a href="#[e3]">&gt;&gt;</a>&nbsp;&nbsp;&nbsp;USART_Printf_Init
<LI><a href="#[c3]">&gt;&gt;</a>&nbsp;&nbsp;&nbsp;GPIO_Toggle_INIT
<LI><a href="#[a9]">&gt;&gt;</a>&nbsp;&nbsp;&nbsp;ETH_LedConfiguration
</UL>

<P><STRONG><a name="[e2]"></a>RCC_GetClocksFreq</STRONG> (Thumb, 378 bytes, Stack size 20 bytes, ch32f20x_rcc.o(i.RCC_GetClocksFreq))
<BR><BR>[Stack]<UL><LI>Max Depth = 20<LI>Call Chain = RCC_GetClocksFreq
</UL>
<BR>[Called By]<UL><LI><a href="#[e1]">&gt;&gt;</a>&nbsp;&nbsp;&nbsp;USART_Init
</UL>

<P><STRONG><a name="[bc]"></a>RCC_GetFlagStatus</STRONG> (Thumb, 56 bytes, Stack size 8 bytes, ch32f20x_rcc.o(i.RCC_GetFlagStatus))
<BR><BR>[Stack]<UL><LI>Max Depth = 8<LI>Call Chain = RCC_GetFlagStatus
</UL>
<BR>[Called By]<UL><LI><a href="#[9d]">&gt;&gt;</a>&nbsp;&nbsp;&nbsp;ETH_SetClock
</UL>

<P><STRONG><a name="[b9]"></a>RCC_PLL3Cmd</STRONG> (Thumb, 30 bytes, Stack size 0 bytes, ch32f20x_rcc.o(i.RCC_PLL3Cmd))
<BR><BR>[Called By]<UL><LI><a href="#[9d]">&gt;&gt;</a>&nbsp;&nbsp;&nbsp;ETH_SetClock
</UL>

<P><STRONG><a name="[bb]"></a>RCC_PLL3Config</STRONG> (Thumb, 18 bytes, Stack size 0 bytes, ch32f20x_rcc.o(i.RCC_PLL3Config))
<BR><BR>[Called By]<UL><LI><a href="#[9d]">&gt;&gt;</a>&nbsp;&nbsp;&nbsp;ETH_SetClock
</UL>

<P><STRONG><a name="[ba]"></a>RCC_PREDIV2Config</STRONG> (Thumb, 18 bytes, Stack size 0 bytes, ch32f20x_rcc.o(i.RCC_PREDIV2Config))
<BR><BR>[Called By]<UL><LI><a href="#[9d]">&gt;&gt;</a>&nbsp;&nbsp;&nbsp;ETH_SetClock
</UL>

<P><STRONG><a name="[cb]"></a>ReInitMACReg</STRONG> (Thumb, 714 bytes, Stack size 208 bytes, eth_driver_d8c_10m.o(i.ReInitMACReg))
<BR><BR>[Stack]<UL><LI>Max Depth = 224<LI>Call Chain = ReInitMACReg &rArr; ETH_WritePHYRegister
</UL>
<BR>[Calls]<UL><LI><a href="#[a0]">&gt;&gt;</a>&nbsp;&nbsp;&nbsp;Delay_Us
<LI><a href="#[b8]">&gt;&gt;</a>&nbsp;&nbsp;&nbsp;ETH_WritePHYRegister
<LI><a href="#[a1]">&gt;&gt;</a>&nbsp;&nbsp;&nbsp;ETH_StructInit
<LI><a href="#[b7]">&gt;&gt;</a>&nbsp;&nbsp;&nbsp;ETH_Start
<LI><a href="#[9f]">&gt;&gt;</a>&nbsp;&nbsp;&nbsp;ETH_SoftwareReset
<LI><a href="#[b5]">&gt;&gt;</a>&nbsp;&nbsp;&nbsp;ETH_ReadPHYRegister
<LI><a href="#[aa]">&gt;&gt;</a>&nbsp;&nbsp;&nbsp;ETH_DMATxDescChainInit
<LI><a href="#[ab]">&gt;&gt;</a>&nbsp;&nbsp;&nbsp;ETH_DMARxDescChainInit
<LI><a href="#[a3]">&gt;&gt;</a>&nbsp;&nbsp;&nbsp;ETH_DMAITConfig
</UL>
<BR>[Called By]<UL><LI><a href="#[f9]">&gt;&gt;</a>&nbsp;&nbsp;&nbsp;WCHNET_RecProcess
</UL>

<P><STRONG><a name="[cc]"></a>RemoveTimeWaiTCP</STRONG> (Thumb, 54 bytes, Stack size 24 bytes, tcp.o(i.RemoveTimeWaiTCP))
<BR><BR>[Stack]<UL><LI>Max Depth = 364<LI>Call Chain = RemoveTimeWaiTCP &rArr; LwipRemoveTcpPcb &rArr; WCHScokedIntHandle &rArr; tcp_close &rArr;  LwipRemoveTcpPcb (Cycle)
</UL>
<BR>[Calls]<UL><LI><a href="#[cd]">&gt;&gt;</a>&nbsp;&nbsp;&nbsp;tcp_pcb_purge
<LI><a href="#[ce]">&gt;&gt;</a>&nbsp;&nbsp;&nbsp;memp_free
<LI><a href="#[c8]">&gt;&gt;</a>&nbsp;&nbsp;&nbsp;LwipRemoveTcpPcb
</UL>
<BR>[Called By]<UL><LI><a href="#[f8]">&gt;&gt;</a>&nbsp;&nbsp;&nbsp;WCHNET_PeriodicHandle
</UL>

<P><STRONG><a name="[c6]"></a>SelIPARPSend</STRONG> (Thumb, 38 bytes, Stack size 16 bytes, ipcheck.o(i.SelIPARPSend))
<BR><BR>[Stack]<UL><LI>Max Depth = 140<LI>Call Chain = SelIPARPSend &rArr; etharp_request &rArr; etharp_raw &rArr; pbuf_alloc &rArr; pbuf_free &rArr; mem_free &rArr; plug_holes
</UL>
<BR>[Calls]<UL><LI><a href="#[cf]">&gt;&gt;</a>&nbsp;&nbsp;&nbsp;etharp_request
</UL>
<BR>[Called By]<UL><LI><a href="#[c4]">&gt;&gt;</a>&nbsp;&nbsp;&nbsp;IPCheckTmr
<LI><a href="#[f8]">&gt;&gt;</a>&nbsp;&nbsp;&nbsp;WCHNET_PeriodicHandle
</UL>

<P><STRONG><a name="[6c]"></a>SocketIPRAWReceive</STRONG> (Thumb, 182 bytes, Stack size 40 bytes, socket.o(i.SocketIPRAWReceive))
<BR><BR>[Stack]<UL><LI>Max Depth = 68<LI>Call Chain = SocketIPRAWReceive &rArr; pbuf_free &rArr; mem_free &rArr; plug_holes
</UL>
<BR>[Calls]<UL><LI><a href="#[d3]">&gt;&gt;</a>&nbsp;&nbsp;&nbsp;pbuf_header
<LI><a href="#[d4]">&gt;&gt;</a>&nbsp;&nbsp;&nbsp;pbuf_free
<LI><a href="#[d2]">&gt;&gt;</a>&nbsp;&nbsp;&nbsp;ntohs
<LI><a href="#[d5]">&gt;&gt;</a>&nbsp;&nbsp;&nbsp;__aeabi_memcpy
</UL>
<BR>[Address Reference Count : 1]<UL><LI> socket.o(i.WCHNET_SocketCreat)
</UL>
<P><STRONG><a name="[d6]"></a>SocketIPRawSend</STRONG> (Thumb, 158 bytes, Stack size 48 bytes, socket.o(i.SocketIPRawSend))
<BR><BR>[Stack]<UL><LI>Max Depth = 140<LI>Call Chain = SocketIPRawSend &rArr; WCHNET_NetInput &rArr; ethernetif_input &rArr; low_level_input &rArr; pbuf_alloc &rArr; pbuf_free &rArr; mem_free &rArr; plug_holes
</UL>
<BR>[Calls]<UL><LI><a href="#[d8]">&gt;&gt;</a>&nbsp;&nbsp;&nbsp;raw_send
<LI><a href="#[d4]">&gt;&gt;</a>&nbsp;&nbsp;&nbsp;pbuf_free
<LI><a href="#[d7]">&gt;&gt;</a>&nbsp;&nbsp;&nbsp;pbuf_alloc
<LI><a href="#[da]">&gt;&gt;</a>&nbsp;&nbsp;&nbsp;ErrorEncode
<LI><a href="#[d9]">&gt;&gt;</a>&nbsp;&nbsp;&nbsp;WCHNET_NetInput
<LI><a href="#[d5]">&gt;&gt;</a>&nbsp;&nbsp;&nbsp;__aeabi_memcpy
</UL>
[...]
</UL>
<BR>[Calls]<UL><LI><a href="#[163]">&gt;&gt;</a>&nbsp;&nbsp;&nbsp;vPortFree
</UL>
<BR>[Called By]<UL><LI><a href="#[161]">&gt;&gt;</a>&nbsp;&nbsp;&nbsp;prvCheckTasksWaitingTermination
</UL>

<P><STRONG><a name="[75]"></a>prvIdleTask</STRONG> (Thumb, 32 bytes, Stack size 0 bytes, tasks.o(i.prvIdleTask))
<BR><BR>[Stack]<UL><LI>Max Depth = 72<LI>Call Chain = prvIdleTask &rArr; prvCheckTasksWaitingTermination &rArr; prvDeleteTCB &rArr; vPortFree &rArr; xTaskResumeAll &rArr; xTaskIncrementTick
</UL>
<BR>[Calls]<UL><LI><a href="#[161]">&gt;&gt;</a>&nbsp;&nbsp;&nbsp;prvCheckTasksWaitingTermination
</UL>
<BR>[Address Reference Count : 1]<UL><LI> tasks.o(i.vTaskStartScheduler)
</UL>
<P><STRONG><a name="[164]"></a>prvInitialiseNewTask</STRONG> (Thumb, 138 bytes, Stack size 56 bytes, tasks.o(i.prvInitialiseNewTask))
<BR><BR>[Stack]<UL><LI>Max Depth = 56<LI>Call Chain = prvInitialiseNewTask
</UL>
<BR>[Calls]<UL><LI><a href="#[165]">&gt;&gt;</a>&nbsp;&nbsp;&nbsp;vListInitialiseItem
<LI><a href="#[166]">&gt;&gt;</a>&nbsp;&nbsp;&nbsp;pxPortInitialiseStack
</UL>
<BR>[Called By]<UL><LI><a href="#[14c]">&gt;&gt;</a>&nbsp;&nbsp;&nbsp;xTaskCreate
</UL>

<P><STRONG><a name="[15f]"></a>prvInitialiseTaskLists</STRONG> (Thumb, 70 bytes, Stack size 8 bytes, tasks.o(i.prvInitialiseTaskLists))
<BR><BR>[Stack]<UL><LI>Max Depth = 8<LI>Call Chain = prvInitialiseTaskLists
</UL>
<BR>[Calls]<UL><LI><a href="#[167]">&gt;&gt;</a>&nbsp;&nbsp;&nbsp;vListInitialise
</UL>
<BR>[Called By]<UL><LI><a href="#[15d]">&gt;&gt;</a>&nbsp;&nbsp;&nbsp;prvAddNewTaskToReadyList
</UL>

<P><STRONG><a name="[191]"></a>prvResetNextTaskUnblockTime</STRONG> (Thumb, 40 bytes, Stack size 0 bytes, tasks.o(i.prvResetNextTaskUnblockTime))
<BR><BR>[Called By]<UL><LI><a href="#[16c]">&gt;&gt;</a>&nbsp;&nbsp;&nbsp;xTaskResumeAll
<LI><a href="#[e0]">&gt;&gt;</a>&nbsp;&nbsp;&nbsp;xTaskIncrementTick
</UL>

<P><STRONG><a name="[16a]"></a>prvHeapInit</STRONG> (Thumb, 98 bytes, Stack size 12 bytes, heap_4.o(i.prvHeapInit))
<BR><BR>[Stack]<UL><LI>Max Depth = 12<LI>Call Chain = prvHeapInit
</UL>
<BR>[Called By]<UL><LI><a href="#[168]">&gt;&gt;</a>&nbsp;&nbsp;&nbsp;pvPortMalloc
</UL>

<P><STRONG><a name="[16b]"></a>prvInsertBlockIntoFreeList</STRONG> (Thumb, 96 bytes, Stack size 8 bytes, heap_4.o(i.prvInsertBlockIntoFreeList))
<BR><BR>[Stack]<UL><LI>Max Depth = 8<LI>Call Chain = prvInsertBlockIntoFreeList
</UL>
<BR>[Called By]<UL><LI><a href="#[163]">&gt;&gt;</a>&nbsp;&nbsp;&nbsp;vPortFree
<LI><a href="#[168]">&gt;&gt;</a>&nbsp;&nbsp;&nbsp;pvPortMalloc
</UL>

<P><STRONG><a name="[174]"></a>tcp_new_port</STRONG> (Thumb, 92 bytes, Stack size 20 bytes, tcp.o(i.tcp_new_port))
<BR><BR>[Stack]<UL><LI>Max Depth = 20<LI>Call Chain = tcp_new_port
</UL>
<BR>[Called By]<UL><LI><a href="#[10a]">&gt;&gt;</a>&nbsp;&nbsp;&nbsp;tcp_bind
</UL>

<P><STRONG><a name="[182]"></a>tcp_output_segment</STRONG> (Thumb, 200 bytes, Stack size 24 bytes, tcp_out.o(i.tcp_output_segment))
<BR><BR>[Stack]<UL><LI>Max Depth = 236<LI>Call Chain = tcp_output_segment &rArr; ip_output &rArr; ip_output_if &rArr; ip_frag &rArr; pbuf_alloc &rArr; pbuf_free &rArr; mem_free &rArr; plug_holes
</UL>
<BR>[Calls]<UL><LI><a href="#[132]">&gt;&gt;</a>&nbsp;&nbsp;&nbsp;ip_output
<LI><a href="#[135]">&gt;&gt;</a>&nbsp;&nbsp;&nbsp;inet_chksum_pseudo
<LI><a href="#[11d]">&gt;&gt;</a>&nbsp;&nbsp;&nbsp;htons
<LI><a href="#[112]">&gt;&gt;</a>&nbsp;&nbsp;&nbsp;htonl
<LI><a href="#[13d]">&gt;&gt;</a>&nbsp;&nbsp;&nbsp;ip_route
<LI><a href="#[104]">&gt;&gt;</a>&nbsp;&nbsp;&nbsp;ntohl
</UL>
<BR>[Called By]<UL><LI><a href="#[dd]">&gt;&gt;</a>&nbsp;&nbsp;&nbsp;tcp_output
</UL>

<P><STRONG><a name="[17d]"></a>tcp_output_set_header</STRONG> (Thumb, 128 bytes, Stack size 24 bytes, tcp_out.o(i.tcp_output_set_header))
<BR><BR>[Stack]<UL><LI>Max Depth = 24<LI>Call Chain = tcp_output_set_header
</UL>
<BR>[Calls]<UL><LI><a href="#[11d]">&gt;&gt;</a>&nbsp;&nbsp;&nbsp;htons
<LI><a href="#[112]">&gt;&gt;</a>&nbsp;&nbsp;&nbsp;htonl
<LI><a href="#[d2]">&gt;&gt;</a>&nbsp;&nbsp;&nbsp;ntohs
</UL>
<BR>[Called By]<UL><LI><a href="#[181]">&gt;&gt;</a>&nbsp;&nbsp;&nbsp;tcp_send_empty_ack
<LI><a href="#[18b]">&gt;&gt;</a>&nbsp;&nbsp;&nbsp;tcp_zero_window_probe
<LI><a href="#[17c]">&gt;&gt;</a>&nbsp;&nbsp;&nbsp;tcp_keepalive
</UL>

<P><STRONG><a name="[140]"></a>ip_reass_chain_frag_into_datagram_and_validate</STRONG> (Thumb, 234 bytes, Stack size 32 bytes, ip_frag.o(i.ip_reass_chain_frag_into_datagram_and_validate))
<BR><BR>[Stack]<UL><LI>Max Depth = 60<LI>Call Chain = ip_reass_chain_frag_into_datagram_and_validate &rArr; pbuf_free &rArr; mem_free &rArr; plug_holes
</UL>
<BR>[Calls]<UL><LI><a href="#[13e]">&gt;&gt;</a>&nbsp;&nbsp;&nbsp;pbuf_clen
<LI><a href="#[d4]">&gt;&gt;</a>&nbsp;&nbsp;&nbsp;pbuf_free
<LI><a href="#[d2]">&gt;&gt;</a>&nbsp;&nbsp;&nbsp;ntohs
</UL>
<BR>[Called By]<UL><LI><a href="#[139]">&gt;&gt;</a>&nbsp;&nbsp;&nbsp;ip_reass
</UL>

<P><STRONG><a name="[141]"></a>ip_reass_dequeue_datagram</STRONG> (Thumb, 30 bytes, Stack size 8 bytes, ip_frag.o(i.ip_reass_dequeue_datagram))
<BR><BR>[Stack]<UL><LI>Max Depth = 8<LI>Call Chain = ip_reass_dequeue_datagram
</UL>
<BR>[Calls]<UL><LI><a href="#[ce]">&gt;&gt;</a>&nbsp;&nbsp;&nbsp;memp_free
</UL>
<BR>[Called By]<UL><LI><a href="#[139]">&gt;&gt;</a>&nbsp;&nbsp;&nbsp;ip_reass
<LI><a href="#[142]">&gt;&gt;</a>&nbsp;&nbsp;&nbsp;ip_reass_free_complete_datagram
</UL>

<P><STRONG><a name="[142]"></a>ip_reass_free_complete_datagram</STRONG> (Thumb, 106 bytes, Stack size 24 bytes, ip_frag.o(i.ip_reass_free_complete_datagram))
<BR><BR>[Stack]<UL><LI>Max Depth = 276<LI>Call Chain = ip_reass_free_complete_datagram &rArr; icmp_time_exceeded &rArr; icmp_send_response &rArr; ip_output &rArr; ip_output_if &rArr; ip_frag &rArr; pbuf_alloc &rArr; pbuf_free &rArr; mem_free &rArr; plug_holes
</UL>
<BR>[Calls]<UL><LI><a href="#[133]">&gt;&gt;</a>&nbsp;&nbsp;&nbsp;icmp_time_exceeded
<LI><a href="#[141]">&gt;&gt;</a>&nbsp;&nbsp;&nbsp;ip_reass_dequeue_datagram
<LI><a href="#[13e]">&gt;&gt;</a>&nbsp;&nbsp;&nbsp;pbuf_clen
<LI><a href="#[d4]">&gt;&gt;</a>&nbsp;&nbsp;&nbsp;pbuf_free
<LI><a href="#[d5]">&gt;&gt;</a>&nbsp;&nbsp;&nbsp;__aeabi_memcpy
</UL>
<BR>[Called By]<UL><LI><a href="#[fd]">&gt;&gt;</a>&nbsp;&nbsp;&nbsp;ip_reass_tmr
</UL>

<P><STRONG><a name="[124]"></a>etharp_raw</STRONG> (Thumb, 166 bytes, Stack size 40 bytes, etharp.o(i.etharp_raw))
<BR><BR>[Stack]<UL><LI>Max Depth = 100<LI>Call Chain = etharp_raw &rArr; pbuf_alloc &rArr; pbuf_free &rArr; mem_free &rArr; plug_holes
</UL>
<BR>[Calls]<UL><LI><a href="#[11d]">&gt;&gt;</a>&nbsp;&nbsp;&nbsp;htons
<LI><a href="#[d4]">&gt;&gt;</a>&nbsp;&nbsp;&nbsp;pbuf_free
<LI><a href="#[d7]">&gt;&gt;</a>&nbsp;&nbsp;&nbsp;pbuf_alloc
</UL>
<BR>[Called By]<UL><LI><a href="#[cf]">&gt;&gt;</a>&nbsp;&nbsp;&nbsp;etharp_request
</UL>

<P><STRONG><a name="[120]"></a>etharp_send_ip</STRONG> (Thumb, 54 bytes, Stack size 24 bytes, etharp.o(i.etharp_send_ip))
<BR><BR>[Stack]<UL><LI>Max Depth = 24<LI>Call Chain = etharp_send_ip
</UL>
<BR>[Calls]<UL><LI><a href="#[11d]">&gt;&gt;</a>&nbsp;&nbsp;&nbsp;htons
</UL>
<BR>[Called By]<UL><LI><a href="#[121]">&gt;&gt;</a>&nbsp;&nbsp;&nbsp;etharp_query
<LI><a href="#[6f]">&gt;&gt;</a>&nbsp;&nbsp;&nbsp;etharp_output
</UL>

<P><STRONG><a name="[122]"></a>find_entry</STRONG> (Thumb, 230 bytes, Stack size 36 bytes, etharp.o(i.find_entry))
<BR><BR>[Stack]<UL><LI>Max Depth = 36<LI>Call Chain = find_entry
</UL>
<BR>[Called By]<UL><LI><a href="#[121]">&gt;&gt;</a>&nbsp;&nbsp;&nbsp;etharp_query
<LI><a href="#[11e]">&gt;&gt;</a>&nbsp;&nbsp;&nbsp;update_arp_entry
</UL>

<P><STRONG><a name="[11e]"></a>update_arp_entry</STRONG> (Thumb, 128 bytes, Stack size 32 bytes, etharp.o(i.update_arp_entry))
<BR><BR>[Stack]<UL><LI>Max Depth = 68<LI>Call Chain = update_arp_entry &rArr; find_entry
</UL>
<BR>[Calls]<UL><LI><a href="#[122]">&gt;&gt;</a>&nbsp;&nbsp;&nbsp;find_entry
<LI><a href="#[c7]">&gt;&gt;</a>&nbsp;&nbsp;&nbsp;IPConflictHandle
<LI><a href="#[104]">&gt;&gt;</a>&nbsp;&nbsp;&nbsp;ntohl
<LI><a href="#[105]">&gt;&gt;</a>&nbsp;&nbsp;&nbsp;ip_addr_isbroadcast
</UL>
<BR>[Called By]<UL><LI><a href="#[11f]">&gt;&gt;</a>&nbsp;&nbsp;&nbsp;etharp_ip_input
<LI><a href="#[11c]">&gt;&gt;</a>&nbsp;&nbsp;&nbsp;etharp_arp_input
</UL>

<P><STRONG><a name="[126]"></a>low_level_input</STRONG> (Thumb, 78 bytes, Stack size 16 bytes, ethernetif.o(i.low_level_input))
<BR><BR>[Stack]<UL><LI>Max Depth = 76<LI>Call Chain = low_level_input &rArr; pbuf_alloc &rArr; pbuf_free &rArr; mem_free &rArr; plug_holes
</UL>
<BR>[Calls]<UL><LI><a href="#[143]">&gt;&gt;</a>&nbsp;&nbsp;&nbsp;setRxBuffAddr
<LI><a href="#[d7]">&gt;&gt;</a>&nbsp;&nbsp;&nbsp;pbuf_alloc
<LI><a href="#[d5]">&gt;&gt;</a>&nbsp;&nbsp;&nbsp;__aeabi_memcpy
</UL>
<BR>[Called By]<UL><LI><a href="#[fa]">&gt;&gt;</a>&nbsp;&nbsp;&nbsp;ethernetif_input
</UL>

<P><STRONG><a name="[70]"></a>low_level_output</STRONG> (Thumb, 82 bytes, Stack size 24 bytes, ethernetif.o(i.low_level_output))
<BR><BR>[Stack]<UL><LI>Max Depth = 44<LI>Call Chain = low_level_output &rArr; getTxBuffAddr
</UL>
<BR>[Calls]<UL><LI><a href="#[ef]">&gt;&gt;</a>&nbsp;&nbsp;&nbsp;WCHNET_GetPHYStatus
<LI><a href="#[144]">&gt;&gt;</a>&nbsp;&nbsp;&nbsp;getTxBuffAddr
<LI><a href="#[145]">&gt;&gt;</a>&nbsp;&nbsp;&nbsp;WCHNET_Tx
<LI><a href="#[d5]">&gt;&gt;</a>&nbsp;&nbsp;&nbsp;__aeabi_memcpy
</UL>
<BR>[Address Reference Count : 1]<UL><LI> ethernetif.o(i.ethernetif_init)
</UL>
<P><STRONG><a name="[111]"></a>dhcp_create_request</STRONG> (Thumb, 248 bytes, Stack size 16 bytes, dhcp.o(i.dhcp_create_request))
<BR><BR>[Stack]<UL><LI>Max Depth = 76<LI>Call Chain = dhcp_create_request &rArr; pbuf_alloc &rArr; pbuf_free &rArr; mem_free &rArr; plug_holes
</UL>
<BR>[Calls]<UL><LI><a href="#[112]">&gt;&gt;</a>&nbsp;&nbsp;&nbsp;htonl
<LI><a href="#[d7]">&gt;&gt;</a>&nbsp;&nbsp;&nbsp;pbuf_alloc
</UL>
<BR>[Called By]<UL><LI><a href="#[110]">&gt;&gt;</a>&nbsp;&nbsp;&nbsp;dhcp_decline
</UL>

<P><STRONG><a name="[110]"></a>dhcp_decline</STRONG> (Thumb, 194 bytes, Stack size 32 bytes, dhcp.o(i.dhcp_decline))
<BR><BR>[Stack]<UL><LI>Max Depth = 252<LI>Call Chain = dhcp_decline &rArr; udp_sendto_if &rArr; ip_output_if &rArr; ip_frag &rArr; pbuf_alloc &rArr; pbuf_free &rArr; mem_free &rArr; plug_holes
</UL>
<BR>[Calls]<UL><LI><a href="#[113]">&gt;&gt;</a>&nbsp;&nbsp;&nbsp;dhcp_set_state
<LI><a href="#[118]">&gt;&gt;</a>&nbsp;&nbsp;&nbsp;dhcp_option_trailer
<LI><a href="#[117]">&gt;&gt;</a>&nbsp;&nbsp;&nbsp;dhcp_option_mac
<LI><a href="#[116]">&gt;&gt;</a>&nbsp;&nbsp;&nbsp;dhcp_option_long
<LI><a href="#[115]">&gt;&gt;</a>&nbsp;&nbsp;&nbsp;dhcp_option_byte
<LI><a href="#[114]">&gt;&gt;</a>&nbsp;&nbsp;&nbsp;dhcp_option
<LI><a href="#[11b]">&gt;&gt;</a>&nbsp;&nbsp;&nbsp;dhcp_delete_request
<LI><a href="#[111]">&gt;&gt;</a>&nbsp;&nbsp;&nbsp;dhcp_create_request
<LI><a href="#[11a]">&gt;&gt;</a>&nbsp;&nbsp;&nbsp;udp_sendto_if
<LI><a href="#[119]">&gt;&gt;</a>&nbsp;&nbsp;&nbsp;pbuf_realloc
<LI><a href="#[104]">&gt;&gt;</a>&nbsp;&nbsp;&nbsp;ntohl
</UL>
<BR>[Called By]<UL><LI><a href="#[10f]">&gt;&gt;</a>&nbsp;&nbsp;&nbsp;dhcp_arp_reply
</UL>

<P><STRONG><a name="[11b]"></a>dhcp_delete_request</STRONG> (Thumb, 28 bytes, Stack size 8 bytes, dhcp.o(i.dhcp_delete_request))
<BR><BR>[Stack]<UL><LI>Max Depth = 36<LI>Call Chain = dhcp_delete_request &rArr; pbuf_free &rArr; mem_free &rArr; plug_holes
</UL>
<BR>[Calls]<UL><LI><a href="#[d4]">&gt;&gt;</a>&nbsp;&nbsp;&nbsp;pbuf_free
</UL>
<BR>[Called By]<UL><LI><a href="#[110]">&gt;&gt;</a>&nbsp;&nbsp;&nbsp;dhcp_decline
</UL>

<P><STRONG><a name="[114]"></a>dhcp_option</STRONG> (Thumb, 32 bytes, Stack size 8 bytes, dhcp.o(i.dhcp_option))
<BR><BR>[Stack]<UL><LI>Max Depth = 8<LI>Call Chain = dhcp_option
</UL>
<BR>[Called By]<UL><LI><a href="#[110]">&gt;&gt;</a>&nbsp;&nbsp;&nbsp;dhcp_decline
</UL>

<P><STRONG><a name="[115]"></a>dhcp_option_byte</STRONG> (Thumb, 16 bytes, Stack size 0 bytes, dhcp.o(i.dhcp_option_byte))
<BR><BR>[Called By]<UL><LI><a href="#[110]">&gt;&gt;</a>&nbsp;&nbsp;&nbsp;dhcp_decline
</UL>

<P><STRONG><a name="[116]"></a>dhcp_option_long</STRONG> (Thumb, 66 bytes, Stack size 8 bytes, dhcp.o(i.dhcp_option_long))
<BR><BR>[Stack]<UL><LI>Max Depth = 8<LI>Call Chain = dhcp_option_long
</UL>
<BR>[Called By]<UL><LI><a href="#[110]">&gt;&gt;</a>&nbsp;&nbsp;&nbsp;dhcp_decline
</UL>

<P><STRONG><a name="[117]"></a>dhcp_option_mac</STRONG> (Thumb, 116 bytes, Stack size 8 bytes, dhcp.o(i.dhcp_option_mac))
<BR><BR>[Stack]<UL><LI>Max Depth = 8<LI>Call Chain = dhcp_option_mac
</UL>
<BR>[Called By]<UL><LI><a href="#[110]">&gt;&gt;</a>&nbsp;&nbsp;&nbsp;dhcp_decline
</UL>

<P><STRONG><a name="[118]"></a>dhcp_option_trailer</STRONG> (Thumb, 48 bytes, Stack size 0 bytes, dhcp.o(i.dhcp_option_trailer))
<BR><BR>[Called By]<UL><LI><a href="#[110]">&gt;&gt;</a>&nbsp;&nbsp;&nbsp;dhcp_decline
</UL>

<P><STRONG><a name="[113]"></a>dhcp_set_state</STRONG> (Thumb, 14 bytes, Stack size 0 bytes, dhcp.o(i.dhcp_set_state))
<BR><BR>[Called By]<UL><LI><a href="#[110]">&gt;&gt;</a>&nbsp;&nbsp;&nbsp;dhcp_decline
</UL>

<P><STRONG><a name="[14f]"></a>plug_holes</STRONG> (Thumb, 78 bytes, Stack size 12 bytes, mem.o(i.plug_holes))
<BR><BR>[Stack]<UL><LI>Max Depth = 12<LI>Call Chain = plug_holes
</UL>
<BR>[Called By]<UL><LI><a href="#[14e]">&gt;&gt;</a>&nbsp;&nbsp;&nbsp;mem_free
</UL>

<P><STRONG><a name="[17a]"></a>tcp_listen_input</STRONG> (Thumb, 232 bytes, Stack size 24 bytes, tcp_in.o(i.tcp_listen_input))
<BR><BR>[Stack]<UL><LI>Max Depth = 444<LI>Call Chain = tcp_listen_input &rArr; tcp_alloc &rArr; tcp_abandon &rArr; LwipRemoveTcpPcb &rArr; WCHScokedIntHandle &rArr; tcp_close &rArr;  LwipRemoveTcpPcb (Cycle)
</UL>
<BR>[Calls]<UL><LI><a href="#[17e]">&gt;&gt;</a>&nbsp;&nbsp;&nbsp;tcp_parseopt
<LI><a href="#[171]">&gt;&gt;</a>&nbsp;&nbsp;&nbsp;tcp_rst
<LI><a href="#[177]">&gt;&gt;</a>&nbsp;&nbsp;&nbsp;tcp_enqueue
<LI><a href="#[176]">&gt;&gt;</a>&nbsp;&nbsp;&nbsp;tcp_eff_send_mss
<LI><a href="#[172]">&gt;&gt;</a>&nbsp;&nbsp;&nbsp;tcp_alloc
<LI><a href="#[dd]">&gt;&gt;</a>&nbsp;&nbsp;&nbsp;tcp_output
<LI><a href="#[155]">&gt;&gt;</a>&nbsp;&nbsp;&nbsp;tcp_abandon
</UL>
<BR>[Called By]<UL><LI><a href="#[13c]">&gt;&gt;</a>&nbsp;&nbsp;&nbsp;tcp_input
</UL>

<P><STRONG><a name="[17f]"></a>tcp_oos_insert_segment</STRONG> (Thumb, 140 bytes, Stack size 24 bytes, tcp_in.o(i.tcp_oos_insert_segment))
<BR><BR>[Stack]<UL><LI>Max Depth = 84<LI>Call Chain = tcp_oos_insert_segment &rArr; tcp_segs_free &rArr; tcp_seg_free &rArr; pbuf_free &rArr; mem_free &rArr; plug_holes
</UL>
<BR>[Calls]<UL><LI><a href="#[11d]">&gt;&gt;</a>&nbsp;&nbsp;&nbsp;htons
<LI><a href="#[170]">&gt;&gt;</a>&nbsp;&nbsp;&nbsp;tcp_segs_free
<LI><a href="#[180]">&gt;&gt;</a>&nbsp;&nbsp;&nbsp;tcp_seg_free
<LI><a href="#[119]">&gt;&gt;</a>&nbsp;&nbsp;&nbsp;pbuf_realloc
<LI><a href="#[d2]">&gt;&gt;</a>&nbsp;&nbsp;&nbsp;ntohs
</UL>
<BR>[Called By]<UL><LI><a href="#[183]">&gt;&gt;</a>&nbsp;&nbsp;&nbsp;tcp_receive
</UL>

<P><STRONG><a name="[17e]"></a>tcp_parseopt</STRONG> (Thumb, 124 bytes, Stack size 16 bytes, tcp_in.o(i.tcp_parseopt))
<BR><BR>[Stack]<UL><LI>Max Depth = 16<LI>Call Chain = tcp_parseopt
</UL>
<BR>[Calls]<UL><LI><a href="#[d2]">&gt;&gt;</a>&nbsp;&nbsp;&nbsp;ntohs
</UL>
<BR>[Called By]<UL><LI><a href="#[17b]">&gt;&gt;</a>&nbsp;&nbsp;&nbsp;tcp_process
<LI><a href="#[17a]">&gt;&gt;</a>&nbsp;&nbsp;&nbsp;tcp_listen_input
</UL>

<P><STRONG><a name="[17b]"></a>tcp_process</STRONG> (Thumb, 822 bytes, Stack size 48 bytes, tcp_in.o(i.tcp_process))
<BR><BR>[Stack]<UL><LI>Max Depth = 444<LI>Call Chain = tcp_process &rArr; tcp_abandon &rArr; LwipRemoveTcpPcb &rArr; WCHScokedIntHandle &rArr; tcp_close &rArr;  LwipRemoveTcpPcb (Cycle)
</UL>
<BR>[Calls]<UL><LI><a href="#[183]">&gt;&gt;</a>&nbsp;&nbsp;&nbsp;tcp_receive
<LI><a href="#[17e]">&gt;&gt;</a>&nbsp;&nbsp;&nbsp;tcp_parseopt
<LI><a href="#[184]">&gt;&gt;</a>&nbsp;&nbsp;&nbsp;tcp_rexmit
<LI><a href="#[171]">&gt;&gt;</a>&nbsp;&nbsp;&nbsp;tcp_rst
<LI><a href="#[180]">&gt;&gt;</a>&nbsp;&nbsp;&nbsp;tcp_seg_free
<LI><a href="#[cd]">&gt;&gt;</a>&nbsp;&nbsp;&nbsp;tcp_pcb_purge
<LI><a href="#[176]">&gt;&gt;</a>&nbsp;&nbsp;&nbsp;tcp_eff_send_mss
<LI><a href="#[dd]">&gt;&gt;</a>&nbsp;&nbsp;&nbsp;tcp_output
<LI><a href="#[155]">&gt;&gt;</a>&nbsp;&nbsp;&nbsp;tcp_abandon
<LI><a href="#[104]">&gt;&gt;</a>&nbsp;&nbsp;&nbsp;ntohl
</UL>
<BR>[Called By]<UL><LI><a href="#[13c]">&gt;&gt;</a>&nbsp;&nbsp;&nbsp;tcp_input
</UL>

<P><STRONG><a name="[183]"></a>tcp_receive</STRONG> (Thumb, 1694 bytes, Stack size 32 bytes, tcp_in.o(i.tcp_receive))
<BR><BR>[Stack]<UL><LI>Max Depth = 300<LI>Call Chain = tcp_receive &rArr; tcp_output &rArr; tcp_send_empty_ack &rArr; ip_output &rArr; ip_output_if &rArr; ip_frag &rArr; pbuf_alloc &rArr; pbuf_free &rArr; mem_free &rArr; plug_holes
</UL>
<BR>[Calls]<UL><LI><a href="#[17f]">&gt;&gt;</a>&nbsp;&nbsp;&nbsp;tcp_oos_insert_segment
<LI><a href="#[11d]">&gt;&gt;</a>&nbsp;&nbsp;&nbsp;htons
<LI><a href="#[181]">&gt;&gt;</a>&nbsp;&nbsp;&nbsp;tcp_send_empty_ack
<LI><a href="#[185]">&gt;&gt;</a>&nbsp;&nbsp;&nbsp;tcp_rexmit_fast
<LI><a href="#[180]">&gt;&gt;</a>&nbsp;&nbsp;&nbsp;tcp_seg_free
<LI><a href="#[187]">&gt;&gt;</a>&nbsp;&nbsp;&nbsp;tcp_seg_copy
<LI><a href="#[119]">&gt;&gt;</a>&nbsp;&nbsp;&nbsp;pbuf_realloc
<LI><a href="#[13e]">&gt;&gt;</a>&nbsp;&nbsp;&nbsp;pbuf_clen
<LI><a href="#[137]">&gt;&gt;</a>&nbsp;&nbsp;&nbsp;pbuf_cat
<LI><a href="#[186]">&gt;&gt;</a>&nbsp;&nbsp;&nbsp;tcp_update_rcv_ann_wnd
<LI><a href="#[dd]">&gt;&gt;</a>&nbsp;&nbsp;&nbsp;tcp_output
<LI><a href="#[d3]">&gt;&gt;</a>&nbsp;&nbsp;&nbsp;pbuf_header
<LI><a href="#[d2]">&gt;&gt;</a>&nbsp;&nbsp;&nbsp;ntohs
<LI><a href="#[104]">&gt;&gt;</a>&nbsp;&nbsp;&nbsp;ntohl
</UL>
<BR>[Called By]<UL><LI><a href="#[17b]">&gt;&gt;</a>&nbsp;&nbsp;&nbsp;tcp_process
</UL>

<P><STRONG><a name="[179]"></a>tcp_timewait_input</STRONG> (Thumb, 100 bytes, Stack size 24 bytes, tcp_in.o(i.tcp_timewait_input))
<BR><BR>[Stack]<UL><LI>Max Depth = 292<LI>Call Chain = tcp_timewait_input &rArr; tcp_output &rArr; tcp_send_empty_ack &rArr; ip_output &rArr; ip_output_if &rArr; ip_frag &rArr; pbuf_alloc &rArr; pbuf_free &rArr; mem_free &rArr; plug_holes
</UL>
<BR>[Calls]<UL><LI><a href="#[171]">&gt;&gt;</a>&nbsp;&nbsp;&nbsp;tcp_rst
<LI><a href="#[dd]">&gt;&gt;</a>&nbsp;&nbsp;&nbsp;tcp_output
</UL>
<BR>[Called By]<UL><LI><a href="#[13c]">&gt;&gt;</a>&nbsp;&nbsp;&nbsp;tcp_input
</UL>

<P><STRONG><a name="[12a]"></a>icmp_send_response</STRONG> (Thumb, 102 bytes, Stack size 40 bytes, icmp.o(i.icmp_send_response))
<BR><BR>[Stack]<UL><LI>Max Depth = 252<LI>Call Chain = icmp_send_response &rArr; ip_output &rArr; ip_output_if &rArr; ip_frag &rArr; pbuf_alloc &rArr; pbuf_free &rArr; mem_free &rArr; plug_holes
</UL>
<BR>[Calls]<UL><LI><a href="#[130]">&gt;&gt;</a>&nbsp;&nbsp;&nbsp;inet_chksum
<LI><a href="#[132]">&gt;&gt;</a>&nbsp;&nbsp;&nbsp;ip_output
<LI><a href="#[d4]">&gt;&gt;</a>&nbsp;&nbsp;&nbsp;pbuf_free
<LI><a href="#[d7]">&gt;&gt;</a>&nbsp;&nbsp;&nbsp;pbuf_alloc
<LI><a href="#[d5]">&gt;&gt;</a>&nbsp;&nbsp;&nbsp;__aeabi_memcpy
</UL>
<BR>[Called By]<UL><LI><a href="#[133]">&gt;&gt;</a>&nbsp;&nbsp;&nbsp;icmp_time_exceeded
<LI><a href="#[129]">&gt;&gt;</a>&nbsp;&nbsp;&nbsp;icmp_dest_unreach
</UL>

<P><STRONG><a name="[134]"></a>lwip_standard_chksum</STRONG> (Thumb, 60 bytes, Stack size 8 bytes, inet_chksum.o(i.lwip_standard_chksum))
<BR><BR>[Stack]<UL><LI>Max Depth = 8<LI>Call Chain = lwip_standard_chksum
</UL>
<BR>[Calls]<UL><LI><a href="#[11d]">&gt;&gt;</a>&nbsp;&nbsp;&nbsp;htons
</UL>
<BR>[Called By]<UL><LI><a href="#[12e]">&gt;&gt;</a>&nbsp;&nbsp;&nbsp;inet_chksum_pbuf
<LI><a href="#[130]">&gt;&gt;</a>&nbsp;&nbsp;&nbsp;inet_chksum
<LI><a href="#[135]">&gt;&gt;</a>&nbsp;&nbsp;&nbsp;inet_chksum_pseudo
</UL>

<P><STRONG><a name="[67]"></a>_printf_input_char</STRONG> (Thumb, 10 bytes, Stack size 0 bytes, _printf_char_common.o(.text))
<BR>[Address Reference Count : 1]<UL><LI> _printf_char_common.o(.text)
</UL><P>
<H3>
Undefined Global Symbols
</H3><HR></body></html>
