Component: ARM Compiler 5.06 update 2 (build 183) Tool: armlink [4d35b7]

==============================================================================

Section Cross References

    ch32f20x_it.o(i.ETH_IRQHandler) refers to eth_driver_d8c_10m.o(i.WCHNET_ETHIsr) for WCHNET_ETHIsr
    ch32f20x_it.o(i.EXTI9_5_IRQHandler) refers to eth_driver_d8c_10m.o(i.ETH_PHYLink) for ETH_PHYLink
    ch32f20x_it.o(i.EXTI9_5_IRQHandler) refers to ch32f20x_exti.o(i.EXTI_ClearITPendingBit) for EXTI_ClearITPendingBit
    main.o(i.GPIO_Toggle_INIT) refers to ch32f20x_rcc.o(i.RCC_APB2PeriphClockCmd) for RCC_APB2PeriphClockCmd
    main.o(i.GPIO_Toggle_INIT) refers to ch32f20x_gpio.o(i.GPIO_Init) for GPIO_Init
    main.o(i.TIM2_Init) refers to ch32f20x_rcc.o(i.RCC_APB1PeriphClockCmd) for RCC_APB1PeriphClockCmd
    main.o(i.TIM2_Init) refers to ch32f20x_tim.o(i.TIM_TimeBaseInit) for TIM_TimeBaseInit
    main.o(i.TIM2_Init) refers to ch32f20x_tim.o(i.TIM_ITConfig) for TIM_ITConfig
    main.o(i.TIM2_Init) refers to ch32f20x_tim.o(i.TIM_Cmd) for TIM_Cmd
    main.o(i.TIM2_Init) refers to ch32f20x_tim.o(i.TIM_ClearITPendingBit) for TIM_ClearITPendingBit
    main.o(i.TIM2_Init) refers to system_ch32f20x.o(.data) for SystemCoreClock
    main.o(i.WCHNET_CreateUdpSocket) refers to _printf_percent.o(.ARM.Collect$$_printf_percent$$00000000) for _printf_percent
    main.o(i.WCHNET_CreateUdpSocket) refers to _printf_d.o(.ARM.Collect$$_printf_percent$$00000009) for _printf_d
    main.o(i.WCHNET_CreateUdpSocket) refers to _printf_dec.o(.text) for _printf_int_dec
    main.o(i.WCHNET_CreateUdpSocket) refers to rt_memclr_w.o(.text) for __aeabi_memclr4
    main.o(i.WCHNET_CreateUdpSocket) refers to socket.o(i.WCHNET_SocketCreat) for WCHNET_SocketCreat
    main.o(i.WCHNET_CreateUdpSocket) refers to noretval__2printf.o(.text) for __2printf
    main.o(i.WCHNET_CreateUdpSocket) refers to main.o(i.mStopIfError) for mStopIfError
    main.o(i.WCHNET_CreateUdpSocket) refers to main.o(.data) for DESIP
    main.o(i.WCHNET_CreateUdpSocket) refers to main.o(.bss) for SocketRecvBuf
    main.o(i.WCHNET_DataLoopback) refers to socket.o(i.WCHNET_SocketSend) for WCHNET_SocketSend
    main.o(i.WCHNET_DataLoopback) refers to socket.o(i.WCHNET_SocketRecv) for WCHNET_SocketRecv
    main.o(i.WCHNET_DataLoopback) refers to eth_driver_d8c_10m.o(.bss) for SocketInf
    main.o(i.WCHNET_HandleGlobalInt) refers to socket.o(i.WCHNET_GetGlobalInt) for WCHNET_GetGlobalInt
    main.o(i.WCHNET_HandleGlobalInt) refers to noretval__2printf.o(.text) for __2printf
    main.o(i.WCHNET_HandleGlobalInt) refers to socket.o(i.WCHNET_GetPHYStatus) for WCHNET_GetPHYStatus
    main.o(i.WCHNET_HandleGlobalInt) refers to socket.o(i.WCHNET_GetSocketInt) for WCHNET_GetSocketInt
    main.o(i.WCHNET_HandleGlobalInt) refers to main.o(i.WCHNET_HandleSockInt) for WCHNET_HandleSockInt
    main.o(i.WCHNET_HandleSockInt) refers to main.o(i.WCHNET_DataLoopback) for WCHNET_DataLoopback
    main.o(i.WCHNET_HandleSockInt) refers to noretval__2printf.o(.text) for __2printf
    main.o(i.mStopIfError) refers to _printf_pad.o(.text) for _printf_pre_padding
    main.o(i.mStopIfError) refers to _printf_percent.o(.ARM.Collect$$_printf_percent$$00000000) for _printf_percent
    main.o(i.mStopIfError) refers to _printf_x.o(.ARM.Collect$$_printf_percent$$0000000C) for _printf_x
    main.o(i.mStopIfError) refers to _printf_hex_int.o(.text) for _printf_longlong_hex
    main.o(i.mStopIfError) refers to noretval__2printf.o(.text) for __2printf
    main.o(i.main) refers to _printf_percent.o(.ARM.Collect$$_printf_percent$$00000000) for _printf_percent
    main.o(i.main) refers to _printf_x.o(.ARM.Collect$$_printf_percent$$0000000C) for _printf_x
    main.o(i.main) refers to _printf_hex_int.o(.text) for _printf_longlong_hex
    main.o(i.main) refers to system_ch32f20x.o(i.SystemCoreClockUpdate) for SystemCoreClockUpdate
    main.o(i.main) refers to debug.o(i.USART_Printf_Init) for USART_Printf_Init
    main.o(i.main) refers to socket.o(i.WCHNET_GetVer) for WCHNET_GetVer
    main.o(i.main) refers to noretval__2printf.o(.text) for __2printf
    main.o(i.main) refers to eth_driver_d8c_10m.o(i.WCHNET_GetMacAddr) for WCHNET_GetMacAddr
    main.o(i.main) refers to eth_driver_d8c_10m.o(i.ETH_LibInit) for ETH_LibInit
    main.o(i.main) refers to main.o(i.mStopIfError) for mStopIfError
    main.o(i.main) refers to main.o(i.WCHNET_CreateUdpSocket) for WCHNET_CreateUdpSocket
    main.o(i.main) refers to main.o(i.GPIO_Toggle_INIT) for GPIO_Toggle_INIT
    main.o(i.main) refers to tasks.o(i.xTaskCreate) for xTaskCreate
    main.o(i.main) refers to tasks.o(i.vTaskStartScheduler) for vTaskStartScheduler
    main.o(i.main) refers to main.o(.data) for MACAddr
    main.o(i.main) refers to main.o(i.task2_task) for task2_task
    main.o(i.main) refers to main.o(i.task1_task) for task1_task
    main.o(i.task1_task) refers to noretval__2printf.o(.text) for __2printf
[...]
    __rt_exit_ls                             0x08000281   Thumb Code     0  rtexit2.o(.ARM.Collect$$rtexit$$00000003)
    __rt_exit_prels_1                        0x08000281   Thumb Code     0  rtexit2.o(.ARM.Collect$$rtexit$$00000002)
    __rt_exit_exit                           0x08000285   Thumb Code     0  rtexit2.o(.ARM.Collect$$rtexit$$00000004)
    SVC_Handler                              0x0800028d   Thumb Code    32  port.o(.emb_text)
    __asm___6_port_c_39a90d8d__prvStartFirstTask 0x080002b1   Thumb Code    28  port.o(.emb_text)
    PendSV_Handler                           0x080002d1   Thumb Code    72  port.o(.emb_text)
    vPortGetIPSR                             0x0800031d   Thumb Code     6  port.o(.emb_text)
    Reset_Handler                            0x08000325   Thumb Code     8  startup_ch32f20x_d8c.o(.text)
    HardFault_Handler                        0x0800032f   Thumb Code     2  startup_ch32f20x_d8c.o(.text)
    ADC1_2_IRQHandler                        0x0800033f   Thumb Code     0  startup_ch32f20x_d8c.o(.text)
    CAN1_RX1_IRQHandler                      0x0800033f   Thumb Code     0  startup_ch32f20x_d8c.o(.text)
    CAN1_SCE_IRQHandler                      0x0800033f   Thumb Code     0  startup_ch32f20x_d8c.o(.text)
    CAN2_RX0_IRQHandler                      0x0800033f   Thumb Code     0  startup_ch32f20x_d8c.o(.text)
    CAN2_RX1_IRQHandler                      0x0800033f   Thumb Code     0  startup_ch32f20x_d8c.o(.text)
    CAN2_SCE_IRQHandler                      0x0800033f   Thumb Code     0  startup_ch32f20x_d8c.o(.text)
    CAN2_TX_IRQHandler                       0x0800033f   Thumb Code     0  startup_ch32f20x_d8c.o(.text)
    DMA1_Channel1_IRQHandler                 0x0800033f   Thumb Code     0  startup_ch32f20x_d8c.o(.text)
    DMA1_Channel2_IRQHandler                 0x0800033f   Thumb Code     0  startup_ch32f20x_d8c.o(.text)
    DMA1_Channel3_IRQHandler                 0x0800033f   Thumb Code     0  startup_ch32f20x_d8c.o(.text)
    DMA1_Channel4_IRQHandler                 0x0800033f   Thumb Code     0  startup_ch32f20x_d8c.o(.text)
    DMA1_Channel5_IRQHandler                 0x0800033f   Thumb Code     0  startup_ch32f20x_d8c.o(.text)
    DMA1_Channel6_IRQHandler                 0x0800033f   Thumb Code     0  startup_ch32f20x_d8c.o(.text)
    DMA1_Channel7_IRQHandler                 0x0800033f   Thumb Code     0  startup_ch32f20x_d8c.o(.text)
    DMA2_Channel10_IRQHandler                0x0800033f   Thumb Code     0  startup_ch32f20x_d8c.o(.text)
    DMA2_Channel11_IRQHandler                0x0800033f   Thumb Code     0  startup_ch32f20x_d8c.o(.text)
    DMA2_Channel1_IRQHandler                 0x0800033f   Thumb Code     0  startup_ch32f20x_d8c.o(.text)
    DMA2_Channel2_IRQHandler                 0x0800033f   Thumb Code     0  startup_ch32f20x_d8c.o(.text)
    DMA2_Channel3_IRQHandler                 0x0800033f   Thumb Code     0  startup_ch32f20x_d8c.o(.text)
    DMA2_Channel4_IRQHandler                 0x0800033f   Thumb Code     0  startup_ch32f20x_d8c.o(.text)
    DMA2_Channel5_IRQHandler                 0x0800033f   Thumb Code     0  startup_ch32f20x_d8c.o(.text)
    DMA2_Channel6_IRQHandler                 0x0800033f   Thumb Code     0  startup_ch32f20x_d8c.o(.text)
    DMA2_Channel7_IRQHandler                 0x0800033f   Thumb Code     0  startup_ch32f20x_d8c.o(.text)
    DMA2_Channel8_IRQHandler                 0x0800033f   Thumb Code     0  startup_ch32f20x_d8c.o(.text)
    DMA2_Channel9_IRQHandler                 0x0800033f   Thumb Code     0  startup_ch32f20x_d8c.o(.text)
    DVP_IRQHandler                           0x0800033f   Thumb Code     0  startup_ch32f20x_d8c.o(.text)
    ETH_WKUP_IRQHandler                      0x0800033f   Thumb Code     0  startup_ch32f20x_d8c.o(.text)
    EXTI0_IRQHandler                         0x0800033f   Thumb Code     0  startup_ch32f20x_d8c.o(.text)
    EXTI15_10_IRQHandler                     0x0800033f   Thumb Code     0  startup_ch32f20x_d8c.o(.text)
    EXTI1_IRQHandler                         0x0800033f   Thumb Code     0  startup_ch32f20x_d8c.o(.text)
    EXTI2_IRQHandler                         0x0800033f   Thumb Code     0  startup_ch32f20x_d8c.o(.text)
    EXTI3_IRQHandler                         0x0800033f   Thumb Code     0  startup_ch32f20x_d8c.o(.text)
    EXTI4_IRQHandler                         0x0800033f   Thumb Code     0  startup_ch32f20x_d8c.o(.text)
    FLASH_IRQHandler                         0x0800033f   Thumb Code     0  startup_ch32f20x_d8c.o(.text)
    FSMC_IRQHandler                          0x0800033f   Thumb Code     0  startup_ch32f20x_d8c.o(.text)
    I2C1_ER_IRQHandler                       0x0800033f   Thumb Code     0  startup_ch32f20x_d8c.o(.text)
    I2C1_EV_IRQHandler                       0x0800033f   Thumb Code     0  startup_ch32f20x_d8c.o(.text)
    I2C2_ER_IRQHandler                       0x0800033f   Thumb Code     0  startup_ch32f20x_d8c.o(.text)
    I2C2_EV_IRQHandler                       0x0800033f   Thumb Code     0  startup_ch32f20x_d8c.o(.text)
    OTG_FS_IRQHandler                        0x0800033f   Thumb Code     0  startup_ch32f20x_d8c.o(.text)
    PVD_IRQHandler                           0x0800033f   Thumb Code     0  startup_ch32f20x_d8c.o(.text)
    RCC_IRQHandler                           0x0800033f   Thumb Code     0  startup_ch32f20x_d8c.o(.text)
    RNG_IRQHandler                           0x0800033f   Thumb Code     0  startup_ch32f20x_d8c.o(.text)
    RTCAlarm_IRQHandler                      0x0800033f   Thumb Code     0  startup_ch32f20x_d8c.o(.text)
    RTC_IRQHandler                           0x0800033f   Thumb Code     0  startup_ch32f20x_d8c.o(.text)
    SDIO_IRQHandler                          0x0800033f   Thumb Code     0  startup_ch32f20x_d8c.o(.text)
    SPI1_IRQHandler                          0x0800033f   Thumb Code     0  startup_ch32f20x_d8c.o(.text)
    SPI2_IRQHandler                          0x0800033f   Thumb Code     0  startup_ch32f20x_d8c.o(.text)
    SPI3_IRQHandler                          0x0800033f   Thumb Code     0  startup_ch32f20x_d8c.o(.text)
    TAMPER_IRQHandler                        0x0800033f   Thumb Code     0  startup_ch32f20x_d8c.o(.text)
    TIM10_BRK_IRQHandler                     0x0800033f   Thumb Code     0  startup_ch32f20x_d8c.o(.text)
    TIM10_CC_IRQHandler                      0x0800033f   Thumb Code     0  startup_ch32f20x_d8c.o(.text)
    TIM10_TRG_COM_IRQHandler                 0x0800033f   Thumb Code     0  startup_ch32f20x_d8c.o(.text)
    TIM10_UP_IRQHandler                      0x0800033f   Thumb Code     0  startup_ch32f20x_d8c.o(.text)
    TIM1_BRK_IRQHandler                      0x0800033f   Thumb Code     0  startup_ch32f20x_d8c.o(.text)
    TIM1_CC_IRQHandler                       0x0800033f   Thumb Code     0  startup_ch32f20x_d8c.o(.text)
    TIM1_TRG_COM_IRQHandler                  0x0800033f   Thumb Code     0  startup_ch32f20x_d8c.o(.text)
    TIM1_UP_IRQHandler                       0x0800033f   Thumb Code     0  startup_ch32f20x_d8c.o(.text)
    TIM2_IRQHandler                          0x0800033f   Thumb Code     0  startup_ch32f20x_d8c.o(.text)
    TIM3_IRQHandler                          0x0800033f   Thumb Code     0  startup_ch32f20x_d8c.o(.text)
    TIM4_IRQHandler                          0x0800033f   Thumb Code     0  startup_ch32f20x_d8c.o(.text)
    TIM5_IRQHandler                          0x0800033f   Thumb Code     0  startup_ch32f20x_d8c.o(.text)
    TIM6_IRQHandler                          0x0800033f   Thumb Code     0  startup_ch32f20x_d8c.o(.text)
    TIM7_IRQHandler                          0x0800033f   Thumb Code     0  startup_ch32f20x_d8c.o(.text)
    TIM8_BRK_IRQHandler                      0x0800033f   Thumb Code     0  startup_ch32f20x_d8c.o(.text)
    TIM8_CC_IRQHandler                       0x0800033f   Thumb Code     0  startup_ch32f20x_d8c.o(.text)
    TIM8_TRG_COM_IRQHandler                  0x0800033f   Thumb Code     0  startup_ch32f20x_d8c.o(.text)
    TIM8_UP_IRQHandler                       0x0800033f   Thumb Code     0  startup_ch32f20x_d8c.o(.text)
    TIM9_BRK_IRQHandler                      0x0800033f   Thumb Code     0  startup_ch32f20x_d8c.o(.text)
    TIM9_CC_IRQHandler                       0x0800033f   Thumb Code     0  startup_ch32f20x_d8c.o(.text)
    TIM9_TRG_COM_IRQHandler                  0x0800033f   Thumb Code     0  startup_ch32f20x_d8c.o(.text)
    TIM9_UP_IRQHandler                       0x0800033f   Thumb Code     0  startup_ch32f20x_d8c.o(.text)
    UART4_IRQHandler                         0x0800033f   Thumb Code     0  startup_ch32f20x_d8c.o(.text)
    UART5_IRQHandler                         0x0800033f   Thumb Code     0  startup_ch32f20x_d8c.o(.text)
    UART6_IRQHandler                         0x0800033f   Thumb Code     0  startup_ch32f20x_d8c.o(.text)
    UART7_IRQHandler                         0x0800033f   Thumb Code     0  startup_ch32f20x_d8c.o(.text)
    UART8_IRQHandler                         0x0800033f   Thumb Code     0  startup_ch32f20x_d8c.o(.text)
    USART1_IRQHandler                        0x0800033f   Thumb Code     0  startup_ch32f20x_d8c.o(.text)
    USART2_IRQHandler                        0x0800033f   Thumb Code     0  startup_ch32f20x_d8c.o(.text)
    USART3_IRQHandler                        0x0800033f   Thumb Code     0  startup_ch32f20x_d8c.o(.text)
    USBHSWakeup_IRQHandler                   0x0800033f   Thumb Code     0  startup_ch32f20x_d8c.o(.text)
    USBHS_IRQHandler                         0x0800033f   Thumb Code     0  startup_ch32f20x_d8c.o(.text)
    USB_HP_CAN1_TX_IRQHandler                0x0800033f   Thumb Code     0  startup_ch32f20x_d8c.o(.text)
    USB_LP_CAN1_RX0_IRQHandler               0x0800033f   Thumb Code     0  startup_ch32f20x_d8c.o(.text)
    WWDG_IRQHandler                          0x0800033f   Thumb Code     0  startup_ch32f20x_d8c.o(.text)
    __user_initial_stackheap                 0x08000341   Thumb Code     0  startup_ch32f20x_d8c.o(.text)
    __2printf                                0x08000365   Thumb Code    20  noretval__2printf.o(.text)
    _printf_pre_padding                      0x0800037d   Thumb Code    44  _printf_pad.o(.text)
    _printf_post_padding                     0x080003a9   Thumb Code    34  _printf_pad.o(.text)
    _printf_int_dec                          0x080003cd   Thumb Code   104  _printf_dec.o(.text)
    _printf_int_hex                          0x08000445   Thumb Code    84  _printf_hex_int.o(.text)
    _printf_longlong_hex                     0x08000445   Thumb Code     0  _printf_hex_int.o(.text)
    __printf                                 0x0800049d   Thumb Code   308  __printf_flags_wp.o(.text)
    __aeabi_memcpy                           0x080005d5   Thumb Code     0  rt_memcpy_v6.o(.text)
    __rt_memcpy                              0x080005d5   Thumb Code   138  rt_memcpy_v6.o(.text)
    _memcpy_lastbytes                        0x0800063b   Thumb Code     0  rt_memcpy_v6.o(.text)
    __aeabi_memcpy4                          0x0800065f   Thumb Code     0  rt_memcpy_w.o(.text)
    __aeabi_memcpy8                          0x0800065f   Thumb Code     0  rt_memcpy_w.o(.text)
    __rt_memcpy_w                            0x0800065f   Thumb Code   100  rt_memcpy_w.o(.text)
    _memcpy_lastbytes_aligned                0x080006a7   Thumb Code     0  rt_memcpy_w.o(.text)
    __aeabi_memclr4                          0x080006c3   Thumb Code     0  rt_memclr_w.o(.text)
    __aeabi_memclr8                          0x080006c3   Thumb Code     0  rt_memclr_w.o(.text)
    __rt_memclr_w                            0x080006c3   Thumb Code    78  rt_memclr_w.o(.text)
    _memset_w                                0x080006c7   Thumb Code     0  rt_memclr_w.o(.text)
    __use_two_region_memory                  0x08000711   Thumb Code     2  heapauxi.o(.text)
    __rt_heap_escrow$2region                 0x08000713   Thumb Code     2  heapauxi.o(.text)
    __rt_heap_expand$2region                 0x08000715   Thumb Code     2  heapauxi.o(.text)
    _printf_int_common                       0x08000717   Thumb Code   178  _printf_intcommon.o(.text)
    _printf_char_file                        0x080007c9   Thumb Code    32  _printf_char_file.o(.text)
    _printf_char_common                      0x080007f7   Thumb Code    32  _printf_char_common.o(.text)
    ferror                                   0x0800081d   Thumb Code     8  ferror.o(.text)
    __user_setup_stackheap                   0x08000825   Thumb Code    74  sys_stackheap_outer.o(.text)
    exit                                     0x0800086f   Thumb Code    18  exit.o(.text)
    __user_libspace                          0x08000881   Thumb Code     8  libspace.o(.text)
    __user_perproc_libspace                  0x08000881   Thumb Code     0  libspace.o(.text)
    __user_perthread_libspace                0x08000881   Thumb Code     0  libspace.o(.text)
    _sys_exit                                0x08000889   Thumb Code     8  sys_exit.o(.text)
    __I$use$semihosting                      0x08000895   Thumb Code     0  use_no_semi.o(.text)
    __use_no_semihosting_swi                 0x08000895   Thumb Code     2  use_no_semi.o(.text)
    BusFault_Handler                         0x08000897   Thumb Code     4  ch32f20x_it.o(i.BusFault_Handler)
    __semihosting_library_function           0x08000897   Thumb Code     0  indicate_semi.o(.text)
    DBGMCU_GetCHIPID                         0x0800089d   Thumb Code     6  ch32f20x_dbgmcu.o(i.DBGMCU_GetCHIPID)
    DebugMon_Handler                         0x080008a9   Thumb Code     4  ch32f20x_it.o(i.DebugMon_Handler)
    Delay_Ms                                 0x080008ad   Thumb Code    12  debug.o(i.Delay_Ms)
    Delay_Us                                 0x080008b9   Thumb Code    12  debug.o(i.Delay_Us)
    ETH_Configuration                        0x080008c5   Thumb Code   224  eth_driver_d8c_10m.o(i.ETH_Configuration)
    ETH_DMAClearITPendingBit                 0x080009c1   Thumb Code     6  ch32f20x_eth.o(i.ETH_DMAClearITPendingBit)
    ETH_DMAITConfig                          0x080009cd   Thumb Code    26  ch32f20x_eth.o(i.ETH_DMAITConfig)
    ETH_DMAReceptionCmd                      0x080009ed   Thumb Code    30  ch32f20x_eth.o(i.ETH_DMAReceptionCmd)
    ETH_DMARxDescChainInit                   0x08000a11   Thumb Code    72  ch32f20x_eth.o(i.ETH_DMARxDescChainInit)
    ETH_DMATransmissionCmd                   0x08000a61   Thumb Code    30  ch32f20x_eth.o(i.ETH_DMATransmissionCmd)
    ETH_DMATxDescChainInit                   0x08000a85   Thumb Code    66  ch32f20x_eth.o(i.ETH_DMATxDescChainInit)
    ETH_DeInit                               0x08000ad1   Thumb Code    22  ch32f20x_eth.o(i.ETH_DeInit)
    ETH_FlushTransmitFIFO                    0x08000ae9   Thumb Code    14  ch32f20x_eth.o(i.ETH_FlushTransmitFIFO)
    ETH_IRQHandler                           0x08000afd   Thumb Code     8  ch32f20x_it.o(i.ETH_IRQHandler)
    ETH_Init                                 0x08000b05   Thumb Code   140  eth_driver_d8c_10m.o(i.ETH_Init)
    ETH_LedConfiguration                     0x08000bc1   Thumb Code    54  eth_driver_d8c_10m.o(i.ETH_LedConfiguration)
    ETH_LedDataSet                           0x08000bfd   Thumb Code    28  eth_driver_d8c_10m.o(i.ETH_LedDataSet)
    ETH_LedLinkSet                           0x08000c1d   Thumb Code    28  eth_driver_d8c_10m.o(i.ETH_LedLinkSet)
    ETH_LibInit                              0x08000c3d   Thumb Code   112  eth_driver_d8c_10m.o(i.ETH_LibInit)
    ETH_MACReceptionCmd                      0x08000cc1   Thumb Code    30  ch32f20x_eth.o(i.ETH_MACReceptionCmd)
    ETH_MACTransmissionCmd                   0x08000ce5   Thumb Code    30  ch32f20x_eth.o(i.ETH_MACTransmissionCmd)
    ETH_PHYLink                              0x08000d09   Thumb Code   268  eth_driver_d8c_10m.o(i.ETH_PHYLink)
    ETH_ReadPHYRegister                      0x08000e45   Thumb Code    98  ch32f20x_eth.o(i.ETH_ReadPHYRegister)
    ETH_RegInit                              0x08000eb1   Thumb Code   278  eth_driver_d8c_10m.o(i.ETH_RegInit)
    ETH_SetClock                             0x08000fd9   Thumb Code    42  eth_driver_d8c_10m.o(i.ETH_SetClock)
    ETH_SoftwareReset                        0x08001005   Thumb Code    14  ch32f20x_eth.o(i.ETH_SoftwareReset)
    ETH_Start                                0x08001019   Thumb Code    32  ch32f20x_eth.o(i.ETH_Start)
    ETH_StructInit                           0x08001039   Thumb Code   166  ch32f20x_eth.o(i.ETH_StructInit)
    ETH_TxPktChainMode                       0x080010e1   Thumb Code    90  eth_driver_d8c_10m.o(i.ETH_TxPktChainMode)
    ETH_WritePHYRegister                     0x08001145   Thumb Code    96  ch32f20x_eth.o(i.ETH_WritePHYRegister)
    EXTI9_5_IRQHandler                       0x080011ad   Thumb Code    14  ch32f20x_it.o(i.EXTI9_5_IRQHandler)
    EXTI_ClearITPendingBit                   0x080011bd   Thumb Code     6  ch32f20x_exti.o(i.EXTI_ClearITPendingBit)
    ErrorEncode                              0x080011c9   Thumb Code    14  socket.o(i.ErrorEncode)
    GPIO_Init                                0x080011dd   Thumb Code   278  ch32f20x_gpio.o(i.GPIO_Init)
    GPIO_ResetBits                           0x080012f3   Thumb Code     4  ch32f20x_gpio.o(i.GPIO_ResetBits)
    GPIO_SetBits                             0x080012f7   Thumb Code     4  ch32f20x_gpio.o(i.GPIO_SetBits)
    GPIO_Toggle_INIT                         0x080012fd   Thumb Code    42  main.o(i.GPIO_Toggle_INIT)
    IPCheckParaInit                          0x0800132d   Thumb Code    22  ipcheck.o(i.IPCheckParaInit)
    IPCheckTmr                               0x0800134d   Thumb Code    48  ipcheck.o(i.IPCheckTmr)
    IPConflictHandle                         0x08001381   Thumb Code    32  ipcheck.o(i.IPConflictHandle)
    LwipArpCheck                             0x080013a9   Thumb Code     8  socket.o(i.LwipArpCheck)
    LwipRemoveTcpPcb                         0x080013b5   Thumb Code    98  socket.o(i.LwipRemoveTcpPcb)
    LwipUnreachPort                          0x08001421   Thumb Code    18  socket.o(i.LwipUnreachPort)
    MemManage_Handler                        0x08001439   Thumb Code     4  ch32f20x_it.o(i.MemManage_Handler)
    NET_TCPError                             0x0800143d   Thumb Code     2  socket.o(i.NET_TCPError)
    NMI_Handler                              0x0800143f   Thumb Code     4  ch32f20x_it.o(i.NMI_Handler)
    QueryPingEnable                          0x08001445   Thumb Code    10  socket.o(i.QueryPingEnable)
    RCC_AHBPeriphClockCmd                    0x08001455   Thumb Code    26  ch32f20x_rcc.o(i.RCC_AHBPeriphClockCmd)
    RCC_AHBPeriphResetCmd                    0x08001475   Thumb Code    26  ch32f20x_rcc.o(i.RCC_AHBPeriphResetCmd)
    RCC_APB2PeriphClockCmd                   0x08001495   Thumb Code    26  ch32f20x_rcc.o(i.RCC_APB2PeriphClockCmd)
    RCC_GetClocksFreq                        0x080014b5   Thumb Code   378  ch32f20x_rcc.o(i.RCC_GetClocksFreq)
    RCC_GetFlagStatus                        0x08001649   Thumb Code    56  ch32f20x_rcc.o(i.RCC_GetFlagStatus)
    RCC_PLL3Cmd                              0x08001685   Thumb Code    30  ch32f20x_rcc.o(i.RCC_PLL3Cmd)
    RCC_PLL3Config                           0x080016a9   Thumb Code    18  ch32f20x_rcc.o(i.RCC_PLL3Config)
    RCC_PREDIV2Config                        0x080016c1   Thumb Code    18  ch32f20x_rcc.o(i.RCC_PREDIV2Config)
    ReInitMACReg                             0x080016d9   Thumb Code   714  eth_driver_d8c_10m.o(i.ReInitMACReg)
    RemoveTimeWaiTCP                         0x08001a0d   Thumb Code    54  tcp.o(i.RemoveTimeWaiTCP)
    SelIPARPSend                             0x08001a49   Thumb Code    38  ipcheck.o(i.SelIPARPSend)
    SocketIPRAWReceive                       0x08001b39   Thumb Code   182  socket.o(i.SocketIPRAWReceive)
    SocketIPRawSend                          0x08001bf1   Thumb Code   158  socket.o(i.SocketIPRawSend)
    SocketTcpSend                            0x08001c99   Thumb Code   208  socket.o(i.SocketTcpSend)
    SocketUdpReceive                         0x08001d71   Thumb Code   184  socket.o(i.SocketUdpReceive)
    SocketUdpSend                            0x08001e29   Thumb Code   158  socket.o(i.SocketUdpSend)
    SysTick_Handler                          0x08001ed1   Thumb Code    46  port.o(i.SysTick_Handler)
    SystemCoreClockUpdate                    0x08001f05   Thumb Code   346  system_ch32f20x.o(i.SystemCoreClockUpdate)
    SystemInit                               0x08002079   Thumb Code    92  system_ch32f20x.o(i.SystemInit)
    USART_Cmd                                0x080020e5   Thumb Code    24  ch32f20x_usart.o(i.USART_Cmd)
    USART_GetFlagStatus                      0x080020fd   Thumb Code    18  ch32f20x_usart.o(i.USART_GetFlagStatus)
    USART_Init                               0x08002111   Thumb Code   204  ch32f20x_usart.o(i.USART_Init)
    USART_Printf_Init                        0x080021e1   Thumb Code    90  debug.o(i.USART_Printf_Init)
    USART_SendData                           0x08002245   Thumb Code     8  ch32f20x_usart.o(i.USART_SendData)
    UsageFault_Handler                       0x0800224d   Thumb Code     4  ch32f20x_it.o(i.UsageFault_Handler)
    WCHFindCorrectTCBPcb                     0x08002251   Thumb Code    86  socket.o(i.WCHFindCorrectTCBPcb)
    WCHNET_ConfigLIB                         0x080022b1   Thumb Code   206  socket.o(i.WCHNET_ConfigLIB)
    WCHNET_CreateUdpSocket                   0x08002395   Thumb Code   100  main.o(i.WCHNET_CreateUdpSocket)
    WCHNET_DataLoopback                      0x08002425   Thumb Code   126  main.o(i.WCHNET_DataLoopback)
    WCHNET_ETHIsr                            0x080024a9   Thumb Code   118  eth_driver_d8c_10m.o(i.WCHNET_ETHIsr)
    WCHNET_GetGlobalInt                      0x08002529   Thumb Code    14  socket.o(i.WCHNET_GetGlobalInt)
    WCHNET_GetMacAddr                        0x0800253d   Thumb Code    24  eth_driver_d8c_10m.o(i.WCHNET_GetMacAddr)
    WCHNET_GetPHYStatus                      0x08002559   Thumb Code     8  socket.o(i.WCHNET_GetPHYStatus)
    WCHNET_GetSocketInt                      0x08002565   Thumb Code    34  socket.o(i.WCHNET_GetSocketInt)
    WCHNET_GetVer                            0x08002591   Thumb Code     4  socket.o(i.WCHNET_GetVer)
    WCHNET_HandleGlobalInt                   0x08002595   Thumb Code    94  main.o(i.WCHNET_HandleGlobalInt)
    WCHNET_HandlePhyNegotiation              0x08002635   Thumb Code   402  eth_driver_d8c_10m.o(i.WCHNET_HandlePhyNegotiation)
    WCHNET_HandleSockInt                     0x08002811   Thumb Code    56  main.o(i.WCHNET_HandleSockInt)
    WCHNET_Init                              0x08002885   Thumb Code   116  socket.o(i.WCHNET_Init)
    WCHNET_LinkProcess                       0x08002905   Thumb Code  1342  eth_driver_d8c_10m.o(i.WCHNET_LinkProcess)
    WCHNET_MainTask                          0x08002e65   Thumb Code    20  eth_driver_d8c_10m.o(i.WCHNET_MainTask)
    WCHNET_NetInput                          0x08002e79   Thumb Code     6  eth_api.o(i.WCHNET_NetInput)
    WCHNET_PeriodicHandle                    0x08002e85   Thumb Code   316  eth_api.o(i.WCHNET_PeriodicHandle)
    WCHNET_PhyPNProcess                      0x08002fe1   Thumb Code   124  eth_driver_d8c_10m.o(i.WCHNET_PhyPNProcess)
    WCHNET_PhyStatus                         0x08003079   Thumb Code    68  eth_api.o(i.WCHNET_PhyStatus)
    WCHNET_QueryGlobalInt                    0x080030c5   Thumb Code    48  socket.o(i.WCHNET_QueryGlobalInt)
    WCHNET_RecProcess                        0x08003101   Thumb Code    30  eth_driver_d8c_10m.o(i.WCHNET_RecProcess)
    WCHNET_Rx                                0x0800312d   Thumb Code   122  eth_api.o(i.WCHNET_Rx)
    WCHNET_SocketCreat                       0x080031ad   Thumb Code   390  socket.o(i.WCHNET_SocketCreat)
    WCHNET_SocketRecv                        0x08003355   Thumb Code   174  socket.o(i.WCHNET_SocketRecv)
    WCHNET_SocketSend                        0x08003409   Thumb Code    62  socket.o(i.WCHNET_SocketSend)
    WCHNET_Tx                                0x0800344d   Thumb Code    32  eth_api.o(i.WCHNET_Tx)
    WCHScokedIntHandle                       0x0800347d   Thumb Code    70  socket.o(i.WCHScokedIntHandle)
    WCHSocketInit                            0x080034c5   Thumb Code    42  socket.o(i.WCHSocketInit)
    _is_digit                                0x080034f5   Thumb Code    14  __printf_wp.o(i._is_digit)
    dhcp_arp_reply                           0x08003503   Thumb Code    30  dhcp.o(i.dhcp_arp_reply)
    etharp_arp_input                         0x08003829   Thumb Code   246  etharp.o(i.etharp_arp_input)
    etharp_ip_input                          0x08003925   Thumb Code    60  etharp.o(i.etharp_ip_input)
    etharp_output                            0x08003961   Thumb Code   178  etharp.o(i.etharp_output)
    etharp_query                             0x08003a19   Thumb Code   150  etharp.o(i.etharp_query)
    etharp_request                           0x08003b5d   Thumb Code    32  etharp.o(i.etharp_request)
    etharp_tmr                               0x08003bb9   Thumb Code    62  etharp.o(i.etharp_tmr)
    ethernet_input                           0x08003c01   Thumb Code   114  etharp.o(i.ethernet_input)
    ethernetif_init                          0x08003c75   Thumb Code    60  ethernetif.o(i.ethernetif_init)
    ethernetif_input                         0x08003cc1   Thumb Code    34  ethernetif.o(i.ethernetif_input)
    fputc                                    0x08003dd5   Thumb Code    32  debug.o(i.fputc)
    getTxBuffAddr                            0x08003df9   Thumb Code    76  eth_api.o(i.getTxBuffAddr)
    htonl                                    0x08003e55   Thumb Code     4  inet.o(i.htonl)
    htons                                    0x08003e59   Thumb Code     4  inet.o(i.htons)
    icmp_dest_unreach                        0x08003e5d   Thumb Code     8  icmp.o(i.icmp_dest_unreach)
    icmp_input                               0x08003e65   Thumb Code   376  icmp.o(i.icmp_input)
    icmp_time_exceeded                       0x08004043   Thumb Code     8  icmp.o(i.icmp_time_exceeded)
    inet_chksum                              0x0800404b   Thumb Code    12  inet_chksum.o(i.inet_chksum)
    inet_chksum_pbuf                         0x08004057   Thumb Code    72  inet_chksum.o(i.inet_chksum_pbuf)
    inet_chksum_pseudo                       0x080040a1   Thumb Code   148  inet_chksum.o(i.inet_chksum_pseudo)
    ip_addr_isbroadcast                      0x08004139   Thumb Code    48  ip_addr.o(i.ip_addr_isbroadcast)
    ip_frag                                  0x08004169   Thumb Code   312  ip_frag.o(i.ip_frag)
    ip_input                                 0x080042a1   Thumb Code   476  ip.o(i.ip_input)
    ip_output                                0x08004481   Thumb Code    52  ip.o(i.ip_output)
    ip_output_if                             0x080044b5   Thumb Code   210  ip.o(i.ip_output_if)
    ip_reass                                 0x0800458d   Thumb Code   394  ip_frag.o(i.ip_reass)
    ip_reass_tmr                             0x080048a5   Thumb Code    50  ip_frag.o(i.ip_reass_tmr)
    ip_route                                 0x080048dd   Thumb Code    62  ip.o(i.ip_route)
    lwip_init                                0x080049d5   Thumb Code    26  init.o(i.lwip_init)
    mStopIfError                             0x08004a31   Thumb Code    20  main.o(i.mStopIfError)
    main                                     0x08004a55   Thumb Code   186  main.o(i.main)
    mem_free                                 0x08004bad   Thumb Code    40  mem.o(i.mem_free)
    mem_init                                 0x08004bd9   Thumb Code    70  mem.o(i.mem_init)
    mem_malloc                               0x08004c29   Thumb Code   180  mem.o(i.mem_malloc)
    mem_realloc                              0x08004ce5   Thumb Code   218  mem.o(i.mem_realloc)
    memp_free                                0x08004dc9   Thumb Code    18  memp.o(i.memp_free)
    memp_init                                0x08004de1   Thumb Code    78  memp.o(i.memp_init)
    memp_malloc                              0x08004e39   Thumb Code    28  memp.o(i.memp_malloc)
    netif_add                                0x08004e59   Thumb Code    70  netif.o(i.netif_add)
    netif_is_up                              0x08004ea5   Thumb Code    10  netif.o(i.netif_is_up)
    netif_set_addr                           0x08004eaf   Thumb Code    32  netif.o(i.netif_set_addr)
    netif_set_default                        0x08004ed1   Thumb Code     6  netif.o(i.netif_set_default)
    netif_set_gw                             0x08004edd   Thumb Code     8  netif.o(i.netif_set_gw)
    netif_set_ipaddr                         0x08004ee5   Thumb Code   112  netif.o(i.netif_set_ipaddr)
    netif_set_netmask                        0x08004f5d   Thumb Code     8  netif.o(i.netif_set_netmask)
    ntohl                                    0x08004f65   Thumb Code     4  inet.o(i.ntohl)
    ntohs                                    0x08004f69   Thumb Code     4  inet.o(i.ntohs)
    pbuf_alloc                               0x08004f6d   Thumb Code   288  pbuf.o(i.pbuf_alloc)
    pbuf_cat                                 0x08005091   Thumb Code    40  pbuf.o(i.pbuf_cat)
    pbuf_chain                               0x080050b9   Thumb Code    18  pbuf.o(i.pbuf_chain)
    pbuf_clen                                0x080050cb   Thumb Code    18  pbuf.o(i.pbuf_clen)
    pbuf_copy                                0x080050dd   Thumb Code   144  pbuf.o(i.pbuf_copy)
    pbuf_free                                0x0800516d   Thumb Code    68  pbuf.o(i.pbuf_free)
    pbuf_header                              0x080051b1   Thumb Code    96  pbuf.o(i.pbuf_header)
    pbuf_realloc                             0x08005211   Thumb Code    78  pbuf.o(i.pbuf_realloc)
    pbuf_ref                                 0x0800525f   Thumb Code    12  pbuf.o(i.pbuf_ref)
    pvPortMalloc                             0x08005709   Thumb Code   228  heap_4.o(i.pvPortMalloc)
    pxPortInitialiseStack                    0x08005805   Thumb Code    30  port.o(i.pxPortInitialiseStack)
    raw_bind                                 0x08005829   Thumb Code    10  raw.o(i.raw_bind)
    raw_connect                              0x08005833   Thumb Code    10  raw.o(i.raw_connect)
    raw_input                                0x0800583d   Thumb Code   100  raw.o(i.raw_input)
    raw_new                                  0x080058a5   Thumb Code    38  raw.o(i.raw_new)
    raw_recv                                 0x080058d1   Thumb Code     6  raw.o(i.raw_recv)
    raw_send                                 0x080058d7   Thumb Code     6  raw.o(i.raw_send)
    raw_sendto                               0x080058dd   Thumb Code   138  raw.o(i.raw_sendto)
    setRxBuffAddr                            0x08005969   Thumb Code    16  eth_api.o(i.setRxBuffAddr)
    task1_task                               0x0800597d   Thumb Code    44  main.o(i.task1_task)
    task2_task                               0x080059bd   Thumb Code    28  main.o(i.task2_task)
    tcp_abandon                              0x080059d9   Thumb Code   158  tcp.o(i.tcp_abandon)
    tcp_alloc                                0x08005a7d   Thumb Code   264  tcp.o(i.tcp_alloc)
    tcp_arg                                  0x08005b95   Thumb Code     4  tcp.o(i.tcp_arg)
    tcp_bind                                 0x08005b99   Thumb Code   182  tcp.o(i.tcp_bind)
    tcp_close                                0x08005c55   Thumb Code   170  tcp.o(i.tcp_close)
    tcp_eff_send_mss                         0x08005d05   Thumb Code    32  tcp.o(i.tcp_eff_send_mss)
    tcp_enqueue                              0x08005d25   Thumb Code   874  tcp_out.o(i.tcp_enqueue)
    tcp_err                                  0x08006095   Thumb Code     6  tcp.o(i.tcp_err)
    tcp_fastsendack                          0x0800609d   Thumb Code   130  tcp.o(i.tcp_fastsendack)
    tcp_fasttmr                              0x08006125   Thumb Code   100  tcp.o(i.tcp_fasttmr)
    tcp_input                                0x0800618d   Thumb Code   818  tcp_in.o(i.tcp_input)
    tcp_keepalive                            0x080064d5   Thumb Code    90  tcp_out.o(i.tcp_keepalive)
    tcp_new                                  0x08006625   Thumb Code     6  tcp.o(i.tcp_new)
    tcp_next_iss                             0x0800668d   Thumb Code    12  tcp.o(i.tcp_next_iss)
    tcp_output                               0x0800672d   Thumb Code   422  tcp_out.o(i.tcp_output)
    tcp_pcb_purge                            0x08006aad   Thumb Code    70  tcp.o(i.tcp_pcb_purge)
    tcp_pcb_remove                           0x08006af5   Thumb Code    88  tcp.o(i.tcp_pcb_remove)
    tcp_recv_null                            0x08007541   Thumb Code    36  tcp.o(i.tcp_recv_null)
    tcp_recved                               0x08007565   Thumb Code    58  tcp.o(i.tcp_recved)
    tcp_recved_socket                        0x080075a1   Thumb Code    66  socket.o(i.tcp_recved_socket)
    tcp_rexmit                               0x080075ed   Thumb Code    74  tcp_out.o(i.tcp_rexmit)
    tcp_rexmit_fast                          0x08007637   Thumb Code    92  tcp_out.o(i.tcp_rexmit_fast)
    tcp_rexmit_rto                           0x08007693   Thumb Code    46  tcp_out.o(i.tcp_rexmit_rto)
    tcp_rst                                  0x080076c1   Thumb Code   176  tcp_out.o(i.tcp_rst)
    tcp_seg_copy                             0x08007775   Thumb Code    36  tcp.o(i.tcp_seg_copy)
    tcp_seg_free                             0x08007799   Thumb Code    32  tcp.o(i.tcp_seg_free)
    tcp_segs_free                            0x080077b9   Thumb Code    26  tcp.o(i.tcp_segs_free)
    tcp_send_ctrl                            0x080077d3   Thumb Code    22  tcp_out.o(i.tcp_send_ctrl)
    tcp_send_empty_ack                       0x080077e9   Thumb Code   110  tcp_out.o(i.tcp_send_empty_ack)
    tcp_slowtmr                              0x08007859   Thumb Code   614  tcp.o(i.tcp_slowtmr)
    tcp_tmr                                  0x08007b3d   Thumb Code    28  tcp.o(i.tcp_tmr)
    tcp_update_rcv_ann_wnd                   0x08007b5d   Thumb Code    52  tcp.o(i.tcp_update_rcv_ann_wnd)
    tcp_write                                0x08007b91   Thumb Code    46  tcp_out.o(i.tcp_write)
    tcp_zero_window_probe                    0x08007bbf   Thumb Code   170  tcp_out.o(i.tcp_zero_window_probe)
    udp_bind                                 0x08007c69   Thumb Code   112  udp.o(i.udp_bind)
    udp_connect                              0x08007cdd   Thumb Code   112  udp.o(i.udp_connect)
    udp_input                                0x08007d51   Thumb Code   458  udp.o(i.udp_input)
    udp_new                                  0x08007f21   Thumb Code    26  udp.o(i.udp_new)
    udp_recv                                 0x08007f3b   Thumb Code     6  udp.o(i.udp_recv)
    udp_send                                 0x08007f41   Thumb Code     8  udp.o(i.udp_send)
    udp_sendto                               0x08007f49   Thumb Code    40  udp.o(i.udp_sendto)
    udp_sendto_if                            0x08007f71   Thumb Code   208  udp.o(i.udp_sendto_if)
    uxListRemove                             0x080080c5   Thumb Code    40  list.o(i.uxListRemove)
    vListInitialise                          0x080080ed   Thumb Code    26  list.o(i.vListInitialise)
    vListInitialiseItem                      0x08008107   Thumb Code     6  list.o(i.vListInitialiseItem)
    vListInsert                              0x0800810d   Thumb Code    52  list.o(i.vListInsert)
    vPortEnterCritical                       0x08008141   Thumb Code    30  port.o(i.vPortEnterCritical)
    vPortExitCritical                        0x08008165   Thumb Code    28  port.o(i.vPortExitCritical)
    vPortFree                                0x08008185   Thumb Code    74  heap_4.o(i.vPortFree)
    vPortSetupTimerInterrupt                 0x080081dd   Thumb Code    20  port.o(i.vPortSetupTimerInterrupt)
    vTaskDelay                               0x080081f5   Thumb Code    46  tasks.o(i.vTaskDelay)
    vTaskStartScheduler                      0x08008229   Thumb Code    76  tasks.o(i.vTaskStartScheduler)
    vTaskSuspendAll                          0x08008295   Thumb Code    12  tasks.o(i.vTaskSuspendAll)
    vTaskSwitchContext                       0x080082a5   Thumb Code    76  tasks.o(i.vTaskSwitchContext)
    wch_ethernetif_init                      0x08008305   Thumb Code    82  ethernetif.o(i.wch_ethernetif_init)
    xPortStartScheduler                      0x08008371   Thumb Code    42  port.o(i.xPortStartScheduler)
    xTaskCreate                              0x080083a5   Thumb Code    96  tasks.o(i.xTaskCreate)
    xTaskIncrementTick                       0x08008405   Thumb Code   356  tasks.o(i.xTaskIncrementTick)
    xTaskResumeAll                           0x08008595   Thumb Code   310  tasks.o(i.xTaskResumeAll)
    MemNum                                   0x080086f0   Data          16  eth_driver_d8c_10m.o(.constdata)
    MemSize                                  0x08008700   Data          16  eth_driver_d8c_10m.o(.constdata)
    ErrTable                                 0x08008710   Data          16  socket.o(.constdata)
    tcp_persist_backoff                      0x08008720   Data           7  tcp.o(.constdata)
    tcp_backoff                              0x08008727   Data          13  tcp.o(.constdata)
    ip_addr_any                              0x08008734   Data           4  ip_addr.o(.constdata)
    ip_addr_broadcast                        0x08008738   Data           4  ip_addr.o(.constdata)
    ethbroadcast                             0x0800873c   Data           6  etharp.o(.constdata)
    ethzero                                  0x08008742   Data           6  etharp.o(.constdata)
    Region$$Table$$Base                      0x080087fc   Number         0  anon$$obj.o(Region$$Table)
    Region$$Table$$Limit                     0x0800881c   Number         0  anon$$obj.o(Region$$Table)
    MACAddr                                  0x20000000   Data           6  main.o(.data)
    IPAddr                                   0x20000006   Data           4  main.o(.data)
    GWIPAddr                                 0x2000000a   Data           4  main.o(.data)
    IPMask                                   0x2000000e   Data           4  main.o(.data)
    DESIP                                    0x20000012   Data           4  main.o(.data)
    desport                                  0x20000016   Data           2  main.o(.data)
    srcport                                  0x20000018   Data           2  main.o(.data)
    SocketId                                 0x2000001a   Data           1  main.o(.data)
    Task1Task_Handler                        0x2000001c   Data           4  main.o(.data)
    Task2Task_Handler                        0x20000020   Data           4  main.o(.data)
    SystemCoreClock                          0x20000024   Data           4  system_ch32f20x.o(.data)
    AHBPrescTable                            0x20000028   Data          16  system_ch32f20x.o(.data)
    __stdout                                 0x20000038   Data           4  debug.o(.data)
    DMATxDescToSet                           0x20000054   Data           4  ch32f20x_eth.o(.data)
    DMARxDescToGet                           0x20000058   Data           4  ch32f20x_eth.o(.data)
    DMAPTPTxDescToSet                        0x2000005c   Data           4  ch32f20x_eth.o(.data)
    DMAPTPRxDescToGet                        0x20000060   Data           4  ch32f20x_eth.o(.data)
    pxCurrentTCB                             0x20000068   Data           4  tasks.o(.data)
    uxTopUsedPriority                        0x200000a0   Data           4  tasks.o(.data)
    gPHYAddress                              0x200000c8   Data           2  eth_driver_d8c_10m.o(.data)
    LocalTime                                0x200000cc   Data           4  eth_driver_d8c_10m.o(.data)
    ChipId                                   0x200000d0   Data           4  eth_driver_d8c_10m.o(.data)
    pDMARxSet                                0x200000d4   Data           4  eth_driver_d8c_10m.o(.data)
    pDMATxSet                                0x200000d8   Data           4  eth_driver_d8c_10m.o(.data)
    phyLinkStatus                            0x200000dc   Data           1  eth_driver_d8c_10m.o(.data)
    phyStatus                                0x200000dd   Data           1  eth_driver_d8c_10m.o(.data)
    phyLinkCnt                               0x200000de   Data           1  eth_driver_d8c_10m.o(.data)
    phySucCnt                                0x200000df   Data           1  eth_driver_d8c_10m.o(.data)
    phyPN                                    0x200000e0   Data           1  eth_driver_d8c_10m.o(.data)
    TRDetectStep                             0x200000e1   Data           1  eth_driver_d8c_10m.o(.data)
    TRDetectCnt                              0x200000e2   Data           1  eth_driver_d8c_10m.o(.data)
    LinkTaskPeriod                           0x200000e3   Data           1  eth_driver_d8c_10m.o(.data)
    RandVal                                  0x200000e4   Data           4  eth_driver_d8c_10m.o(.data)
    phyLinkReset                             0x200000e8   Data           1  eth_driver_d8c_10m.o(.data)
    phyLinkTime                              0x200000ec   Data           4  eth_driver_d8c_10m.o(.data)
    ReInitMACFlag                            0x200000f0   Data           1  eth_driver_d8c_10m.o(.data)
    DuplexMode                               0x200000f1   Data           1  eth_driver_d8c_10m.o(.data)
    PhyPolarityDetect                        0x200000f2   Data           1  eth_driver_d8c_10m.o(.data)
    LinkSuccTime                             0x200000f4   Data           4  eth_driver_d8c_10m.o(.data)
    phydata                                  0x200000f8   Data           1  socket.o(.data)
    SockNumber                               0x200000fc   Data           1  socket.o(.data)
    tcpSendAckFlag                           0x20000100   Data           4  socket.o(.data)
    TCPTimer                                 0x20000104   Data           4  eth_api.o(.data)
    ARPTimer                                 0x20000108   Data           4  eth_api.o(.data)
    IPFragTimer                              0x2000010c   Data           4  eth_api.o(.data)
    phydatatime                              0x20000110   Data           4  eth_api.o(.data)
    DHCPfineTimer                            0x20000114   Data           4  eth_api.o(.data)
    DHCPcoarseTimer                          0x20000118   Data           4  eth_api.o(.data)
    DNSTimer                                 0x2000011c   Data           4  eth_api.o(.data)
    ArpCheckTime                             0x20000120   Data           4  eth_api.o(.data)
    TxTimer                                  0x20000124   Data           4  eth_api.o(.data)
    tcp_ticks                                0x20000134   Data           4  tcp.o(.data)
    tcp_bound_pcbs                           0x20000138   Data           4  tcp.o(.data)
    tcp_listen_pcbs                          0x2000013c   Data           4  tcp.o(.data)
    tcp_active_pcbs                          0x20000140   Data           4  tcp.o(.data)
    tcp_tw_pcbs                              0x20000144   Data           4  tcp.o(.data)
    tcp_tmp_pcb                              0x20000148   Data           4  tcp.o(.data)
    tcp_state_str                            0x2000014c   Data          44  tcp.o(.data)
    udp_pcbs                                 0x20000178   Data           4  udp.o(.data)
    arp_table                                0x20000188   Data           4  etharp.o(.data)
    frame                                    0x2000018c   Data           8  ethernetif.o(.data)
    memp_sizes                               0x200001a8   Data           4  memp.o(.data)
    memp_num                                 0x200001ac   Data           4  memp.o(.data)
    netif_list                               0x200001b8   Data           4  netif.o(.data)
    netif_default                            0x200001bc   Data           4  netif.o(.data)
    tcp_input_pcb                            0x200001d8   Data           4  tcp_in.o(.data)
    SocketRecvBuf                            0x200001e0   Data        1472  main.o(.bss)
    MyBuf                                    0x200007a0   Data        1472  main.o(.bss)
    DMARxDscrTab                             0x20003e28   Data         112  eth_driver_d8c_10m.o(.bss)
    DMATxDscrTab                             0x20003e98   Data          32  eth_driver_d8c_10m.o(.bss)
    MACRxBuf                                 0x20003eb8   Data       10752  eth_driver_d8c_10m.o(.bss)
    MACTxBuf                                 0x200068b8   Data        3072  eth_driver_d8c_10m.o(.bss)
    SocketInf                                0x200074b8   Data          60  eth_driver_d8c_10m.o(.bss)
    Memp_Memory                              0x200074f4   Data        3139  eth_driver_d8c_10m.o(.bss)
    Mem_Heap_Memory                          0x20008138   Data        1656  eth_driver_d8c_10m.o(.bss)
    Mem_ArpTable                             0x200087b0   Data        1200  eth_driver_d8c_10m.o(.bss)
    NetInf                                   0x20008c60   Data          68  socket.o(.bss)
    WCHCfg                                   0x20008ca4   Data          44  socket.o(.bss)
    KeepLiveCfg                              0x20008cd0   Data          12  socket.o(.bss)
    SelARP                                   0x20008cdc   Data          10  ipcheck.o(.bss)
    dhcp_host_name                           0x20008ce8   Data          64  net_dhcp.o(.bss)
    DHCPCtrl                                 0x20008d28   Data          24  net_dhcp.o(.bss)
    DNSInf                                   0x20008d40   Data          20  net_dns.o(.bss)
    WCHNetIf                                 0x20008d54   Data          56  ethernetif.o(.bss)
    __libspace_start                         0x20008dc0   Data          96  libspace.o(.bss)
    __temporary_stack_top$libspace           0x20008e20   Data           0  libspace.o(.bss)



==============================================================================

Memory Map of the image

  Image Entry point : 0x080001a1

  Load Region LR_IROM1 (Base: 0x08000000, Size: 0x000089fc, Max: 0x00040000, ABSOLUTE, COMPRESSED[0x00008894])

    Execution Region ER_IROM1 (Base: 0x08000000, Size: 0x0000881c, Max: 0x00040000, ABSOLUTE)

    Base Addr    Size         Type   Attr      Idx    E Section Name        Object

    0x08000000   0x000001a0   Data   RO          318    RESET               startup_ch32f20x_d8c.o
    0x080001a0   0x00000008   Code   RO         5594  * !!!main             c_w.l(__main.o)
    0x080001a8   0x00000034   Code   RO         5766    !!!scatter          c_w.l(__scatter.o)
    0x080001dc   0x0000005a   Code   RO         5764    !!dczerorl2         c_w.l(__dczerorl2.o)
    0x08000236   0x00000002   PAD
    0x08000238   0x0000001c   Code   RO         5768    !!handler_zi        c_w.l(__scatter_zi.o)
    0x08000254   0x00000000   Code   RO         5577    .ARM.Collect$$_printf_percent$$00000000  c_w.l(_printf_percent.o)
    0x08000254   0x00000006   Code   RO         5576    .ARM.Collect$$_printf_percent$$00000009  c_w.l(_printf_d.o)
    0x0800025a   0x00000006   Code   RO         5575    .ARM.Collect$$_printf_percent$$0000000C  c_w.l(_printf_x.o)
    0x08000260   0x00000004   Code   RO         5601    .ARM.Collect$$_printf_percent$$00000017  c_w.l(_printf_percent_end.o)
    0x08000264   0x00000002   Code   RO         5634    .ARM.Collect$$libinit$$00000000  c_w.l(libinit.o)
    0x08000266   0x00000000   Code   RO         5641    .ARM.Collect$$libinit$$00000002  c_w.l(libinit2.o)
    0x08000266   0x00000000   Code   RO         5643    .ARM.Collect$$libinit$$00000004  c_w.l(libinit2.o)
    0x08000266   0x00000000   Code   RO         5646    .ARM.Collect$$libinit$$0000000A  c_w.l(libinit2.o)
    0x08000266   0x00000000   Code   RO         5648    .ARM.Collect$$libinit$$0000000C  c_w.l(libinit2.o)
    0x08000266   0x00000000   Code   RO         5650    .ARM.Collect$$libinit$$0000000E  c_w.l(libinit2.o)
    0x08000266   0x00000000   Code   RO         5653    .ARM.Collect$$libinit$$00000011  c_w.l(libinit2.o)
    0x08000266   0x00000000   Code   RO         5655    .ARM.Collect$$libinit$$00000013  c_w.l(libinit2.o)
    0x08000266   0x00000000   Code   RO         5657    .ARM.Collect$$libinit$$00000015  c_w.l(libinit2.o)
    0x08000266   0x00000000   Code   RO         5659    .ARM.Collect$$libinit$$00000017  c_w.l(libinit2.o)
    0x08000266   0x00000000   Code   RO         5661    .ARM.Collect$$libinit$$00000019  c_w.l(libinit2.o)
    0x08000266   0x00000000   Code   RO         5663    .ARM.Collect$$libinit$$0000001B  c_w.l(libinit2.o)
    0x08000266   0x00000000   Code   RO         5665    .ARM.Collect$$libinit$$0000001D  c_w.l(libinit2.o)
    0x08000266   0x00000000   Code   RO         5667    .ARM.Collect$$libinit$$0000001F  c_w.l(libinit2.o)
    0x08000266   0x00000000   Code   RO         5669    .ARM.Collect$$libinit$$00000021  c_w.l(libinit2.o)
    0x08000266   0x00000000   Code   RO         5671    .ARM.Collect$$libinit$$00000023  c_w.l(libinit2.o)
    0x08000266   0x00000000   Code   RO         5673    .ARM.Collect$$libinit$$00000025  c_w.l(libinit2.o)
    0x08000266   0x00000000   Code   RO         5677    .ARM.Collect$$libinit$$0000002C  c_w.l(libinit2.o)
    0x08000266   0x00000000   Code   RO         5679    .ARM.Collect$$libinit$$0000002E  c_w.l(libinit2.o)
    0x08000266   0x00000000   Code   RO         5681    .ARM.Collect$$libinit$$00000030  c_w.l(libinit2.o)
    0x08000266   0x00000000   Code   RO         5683    .ARM.Collect$$libinit$$00000032  c_w.l(libinit2.o)
    0x08000266   0x00000002   Code   RO         5684    .ARM.Collect$$libinit$$00000033  c_w.l(libinit2.o)
    0x08000268   0x00000002   Code   RO         5704    .ARM.Collect$$libshutdown$$00000000  c_w.l(libshutdown.o)
    0x0800026a   0x00000000   Code   RO         5717    .ARM.Collect$$libshutdown$$00000002  c_w.l(libshutdown2.o)
    0x0800026a   0x00000000   Code   RO         5719    .ARM.Collect$$libshutdown$$00000004  c_w.l(libshutdown2.o)
    0x0800026a   0x00000000   Code   RO         5722    .ARM.Collect$$libshutdown$$00000007  c_w.l(libshutdown2.o)
    0x0800026a   0x00000000   Code   RO         5725    .ARM.Collect$$libshutdown$$0000000A  c_w.l(libshutdown2.o)
    0x0800026a   0x00000000   Code   RO         5727    .ARM.Collect$$libshutdown$$0000000C  c_w.l(libshutdown2.o)
    0x0800026a   0x00000000   Code   RO         5730    .ARM.Collect$$libshutdown$$0000000F  c_w.l(libshutdown2.o)
    0x0800026a   0x00000002   Code   RO         5731    .ARM.Collect$$libshutdown$$00000010  c_w.l(libshutdown2.o)
    0x0800026c   0x00000000   Code   RO         5596    .ARM.Collect$$rtentry$$00000000  c_w.l(__rtentry.o)
    0x0800026c   0x00000000   Code   RO         5603    .ARM.Collect$$rtentry$$00000002  c_w.l(__rtentry2.o)
    0x0800026c   0x00000006   Code   RO         5615    .ARM.Collect$$rtentry$$00000004  c_w.l(__rtentry4.o)
    0x08000272   0x00000000   Code   RO         5605    .ARM.Collect$$rtentry$$00000009  c_w.l(__rtentry2.o)
    0x08000272   0x00000004   Code   RO         5606    .ARM.Collect$$rtentry$$0000000A  c_w.l(__rtentry2.o)
    0x08000276   0x00000000   Code   RO         5608    .ARM.Collect$$rtentry$$0000000C  c_w.l(__rtentry2.o)
    0x08000276   0x00000008   Code   RO         5609    .ARM.Collect$$rtentry$$0000000D  c_w.l(__rtentry2.o)
    0x0800027e   0x00000002   Code   RO         5638    .ARM.Collect$$rtexit$$00000000  c_w.l(rtexit.o)
    0x08000280   0x00000000   Code   RO         5686    .ARM.Collect$$rtexit$$00000002  c_w.l(rtexit2.o)
    0x08000280   0x00000004   Code   RO         5687    .ARM.Collect$$rtexit$$00000003  c_w.l(rtexit2.o)
    0x08000284   0x00000006   Code   RO         5688    .ARM.Collect$$rtexit$$00000004  c_w.l(rtexit2.o)
    0x0800028a   0x00000002   PAD
    0x0800028c   0x00000096   Code   RO         4199    .emb_text           port.o
    0x08000322   0x00000002   PAD
    0x08000324   0x00000040   Code   RO          319    .text               startup_ch32f20x_d8c.o
    0x08000364   0x00000018   Code   RO         5526    .text               c_w.l(noretval__2printf.o)
    0x0800037c   0x0000004e   Code   RO         5530    .text               c_w.l(_printf_pad.o)
    0x080003ca   0x00000002   PAD
    0x080003cc   0x00000078   Code   RO         5532    .text               c_w.l(_printf_dec.o)
    0x08000444   0x00000058   Code   RO         5537    .text               c_w.l(_printf_hex_int.o)
    0x0800049c   0x00000138   Code   RO         5567    .text               c_w.l(__printf_flags_wp.o)
    0x080005d4   0x0000008a   Code   RO         5582    .text               c_w.l(rt_memcpy_v6.o)
    0x0800065e   0x00000064   Code   RO         5584    .text               c_w.l(rt_memcpy_w.o)
    0x080006c2   0x0000004e   Code   RO         5588    .text               c_w.l(rt_memclr_w.o)
    0x08000710   0x00000006   Code   RO         5592    .text               c_w.l(heapauxi.o)
    0x08000716   0x000000b2   Code   RO         5597    .text               c_w.l(_printf_intcommon.o)
    0x080007c8   0x00000024   Code   RO         5599    .text               c_w.l(_printf_char_file.o)
    0x080007ec   0x00000030   Code   RO         5617    .text               c_w.l(_printf_char_common.o)
    0x0800081c   0x00000008   Code   RO         5619    .text               c_w.l(ferror.o)
    0x08000824   0x0000004a   Code   RO         5623    .text               c_w.l(sys_stackheap_outer.o)
    0x0800086e   0x00000012   Code   RO         5627    .text               c_w.l(exit.o)
    0x08000880   0x00000008   Code   RO         5635    .text               c_w.l(libspace.o)
    0x08000888   0x0000000c   Code   RO         5696    .text               c_w.l(sys_exit.o)
    0x08000894   0x00000002   Code   RO         5707    .text               c_w.l(use_no_semi.o)
    0x08000896   0x00000000   Code   RO         5709    .text               c_w.l(indicate_semi.o)
    0x08000896   0x00000004   Code   RO            1    i.BusFault_Handler  ch32f20x_it.o
    0x0800089a   0x00000002   PAD
    0x0800089c   0x0000000c   Code   RO          971    i.DBGMCU_GetCHIPID  ch32f20x_dbgmcu.o
    0x080008a8   0x00000004   Code   RO            2    i.DebugMon_Handler  ch32f20x_it.o
    0x080008ac   0x0000000c   Code   RO          335    i.Delay_Ms          debug.o
    0x080008b8   0x0000000c   Code   RO          336    i.Delay_Us          debug.o
    0x080008c4   0x000000fc   Code   RO         4833    i.ETH_Configuration  eth_driver_d8c_10m.o
    0x080009c0   0x0000000c   Code   RO         3589    i.ETH_DMAClearITPendingBit  ch32f20x_eth.o
    0x080009cc   0x00000020   Code   RO         3590    i.ETH_DMAITConfig   ch32f20x_eth.o
    0x080009ec   0x00000024   Code   RO         3593    i.ETH_DMAReceptionCmd  ch32f20x_eth.o
    0x08000a10   0x00000050   Code   RO         3594    i.ETH_DMARxDescChainInit  ch32f20x_eth.o
    0x08000a60   0x00000024   Code   RO         3599    i.ETH_DMATransmissionCmd  ch32f20x_eth.o
    0x08000a84   0x0000004c   Code   RO         3602    i.ETH_DMATxDescChainInit  ch32f20x_eth.o
    0x08000ad0   0x00000016   Code   RO         3611    i.ETH_DeInit        ch32f20x_eth.o
    0x08000ae6   0x00000002   PAD
    0x08000ae8   0x00000014   Code   RO         3616    i.ETH_FlushTransmitFIFO  ch32f20x_eth.o
    0x08000afc   0x00000008   Code   RO            3    i.ETH_IRQHandler    ch32f20x_it.o
    0x08000b04   0x000000bc   Code   RO         4834    i.ETH_Init          eth_driver_d8c_10m.o
    0x08000bc0   0x0000003c   Code   RO         4835    i.ETH_LedConfiguration  eth_driver_d8c_10m.o
    0x08000bfc   0x00000020   Code   RO         4836    i.ETH_LedDataSet    eth_driver_d8c_10m.o
    0x08000c1c   0x00000020   Code   RO         4837    i.ETH_LedLinkSet    eth_driver_d8c_10m.o
    0x08000c3c   0x00000084   Code   RO         4838    i.ETH_LibInit       eth_driver_d8c_10m.o
    0x08000cc0   0x00000024   Code   RO         3658    i.ETH_MACReceptionCmd  ch32f20x_eth.o
    0x08000ce4   0x00000024   Code   RO         3659    i.ETH_MACTransmissionCmd  ch32f20x_eth.o
    0x08000d08   0x0000013c   Code   RO         4839    i.ETH_PHYLink       eth_driver_d8c_10m.o
    0x08000e44   0x0000006c   Code   RO         3670    i.ETH_ReadPHYRegister  ch32f20x_eth.o
    0x08000eb0   0x00000128   Code   RO         4840    i.ETH_RegInit       eth_driver_d8c_10m.o
    0x08000fd8   0x0000002a   Code   RO         4841    i.ETH_SetClock      eth_driver_d8c_10m.o
    0x08001002   0x00000002   PAD
    0x08001004   0x00000014   Code   RO         3681    i.ETH_SoftwareReset  ch32f20x_eth.o
    0x08001018   0x00000020   Code   RO         3682    i.ETH_Start         ch32f20x_eth.o
    0x08001038   0x000000a6   Code   RO         3683    i.ETH_StructInit    ch32f20x_eth.o
    0x080010de   0x00000002   PAD
    0x080010e0   0x00000064   Code   RO         4842    i.ETH_TxPktChainMode  eth_driver_d8c_10m.o
    0x08001144   0x00000068   Code   RO         3685    i.ETH_WritePHYRegister  ch32f20x_eth.o
    0x080011ac   0x0000000e   Code   RO            4    i.EXTI9_5_IRQHandler  ch32f20x_it.o
    0x080011ba   0x00000002   PAD
    0x080011bc   0x0000000c   Code   RO         1100    i.EXTI_ClearITPendingBit  ch32f20x_exti.o
    0x080011c8   0x00000014   Code   RO         4972    i.ErrorEncode       wchnet.lib(socket.o)
    0x080011dc   0x00000116   Code   RO         1477    i.GPIO_Init         ch32f20x_gpio.o
    0x080012f2   0x00000004   Code   RO         1484    i.GPIO_ResetBits    ch32f20x_gpio.o
    0x080012f6   0x00000004   Code   RO         1485    i.GPIO_SetBits      ch32f20x_gpio.o
    0x080012fa   0x00000002   PAD
    0x080012fc   0x00000030   Code   RO          161    i.GPIO_Toggle_INIT  main.o
    0x0800132c   0x00000020   Code   RO         5087    i.IPCheckParaInit   wchnet.lib(ipcheck.o)
    0x0800134c   0x00000034   Code   RO         5088    i.IPCheckTmr        wchnet.lib(ipcheck.o)
    0x08001380   0x00000028   Code   RO         5089    i.IPConflictHandle  wchnet.lib(ipcheck.o)
    0x080013a8   0x0000000c   Code   RO         4973    i.LwipArpCheck      wchnet.lib(socket.o)
    0x080013b4   0x0000006c   Code   RO         4974    i.LwipRemoveTcpPcb  wchnet.lib(socket.o)
    0x08001420   0x00000018   Code   RO         4978    i.LwipUnreachPort   wchnet.lib(socket.o)
    0x08001438   0x00000004   Code   RO            5    i.MemManage_Handler  ch32f20x_it.o
    0x0800143c   0x00000002   Code   RO         4980    i.NET_TCPError      wchnet.lib(socket.o)
    0x0800143e   0x00000004   Code   RO            6    i.NMI_Handler       ch32f20x_it.o
    0x08001442   0x00000002   PAD
    0x08001444   0x00000010   Code   RO         4981    i.QueryPingEnable   wchnet.lib(socket.o)
    0x08001454   0x00000020   Code   RO         2016    i.RCC_AHBPeriphClockCmd  ch32f20x_rcc.o
    0x08001474   0x00000020   Code   RO         2017    i.RCC_AHBPeriphResetCmd  ch32f20x_rcc.o
    0x08001494   0x00000020   Code   RO         2020    i.RCC_APB2PeriphClockCmd  ch32f20x_rcc.o
    0x080014b4   0x00000194   Code   RO         2031    i.RCC_GetClocksFreq  ch32f20x_rcc.o
    0x08001648   0x0000003c   Code   RO         2032    i.RCC_GetFlagStatus  ch32f20x_rcc.o
    0x08001684   0x00000024   Code   RO         2049    i.RCC_PLL3Cmd       ch32f20x_rcc.o
    0x080016a8   0x00000018   Code   RO         2050    i.RCC_PLL3Config    ch32f20x_rcc.o
    0x080016c0   0x00000018   Code   RO         2054    i.RCC_PREDIV2Config  ch32f20x_rcc.o
    0x080016d8   0x00000334   Code   RO         4843    i.ReInitMACReg      eth_driver_d8c_10m.o
    0x08001a0c   0x0000003c   Code   RO         5156    i.RemoveTimeWaiTCP  wchnet.lib(tcp.o)
    0x08001a48   0x0000002c   Code   RO         5090    i.SelIPARPSend      wchnet.lib(ipcheck.o)
    0x08001a74   0x00000008   Code   RO          282    i.SetSysClock       system_ch32f20x.o
    0x08001a7c   0x000000bc   Code   RO          283    i.SetSysClockTo120_HSE  system_ch32f20x.o
    0x08001b38   0x000000b6   Code   RO         4982    i.SocketIPRAWReceive  wchnet.lib(socket.o)
    0x08001bee   0x00000002   PAD
    0x08001bf0   0x000000a8   Code   RO         4983    i.SocketIPRawSend   wchnet.lib(socket.o)
    0x08001c98   0x000000d8   Code   RO         4984    i.SocketTcpSend     wchnet.lib(socket.o)
    0x08001d70   0x000000b8   Code   RO         4985    i.SocketUdpReceive  wchnet.lib(socket.o)
    0x08001e28   0x000000a8   Code   RO         4986    i.SocketUdpSend     wchnet.lib(socket.o)
    0x08001ed0   0x00000034   Code   RO         4200    i.SysTick_Handler   port.o
    0x08001f04   0x00000174   Code   RO          284    i.SystemCoreClockUpdate  system_ch32f20x.o
    0x08002078   0x0000006c   Code   RO          285    i.SystemInit        system_ch32f20x.o
    0x080020e4   0x00000018   Code   RO         3357    i.USART_Cmd         ch32f20x_usart.o
    0x080020fc   0x00000012   Code   RO         3360    i.USART_GetFlagStatus  ch32f20x_usart.o
    0x0800210e   0x00000002   PAD
    0x08002110   0x000000d0   Code   RO         3364    i.USART_Init        ch32f20x_usart.o
    0x080021e0   0x00000064   Code   RO          337    i.USART_Printf_Init  debug.o
    0x08002244   0x00000008   Code   RO         3374    i.USART_SendData    ch32f20x_usart.o
    0x0800224c   0x00000004   Code   RO            7    i.UsageFault_Handler  ch32f20x_it.o
    0x08002250   0x00000060   Code   RO         4987    i.WCHFindCorrectTCBPcb  wchnet.lib(socket.o)
    0x080022b0   0x000000e4   Code   RO         4990    i.WCHNET_ConfigLIB  wchnet.lib(socket.o)
    0x08002394   0x00000090   Code   RO          163    i.WCHNET_CreateUdpSocket  main.o
    0x08002424   0x00000084   Code   RO          164    i.WCHNET_DataLoopback  main.o
    0x080024a8   0x00000080   Code   RO         4844    i.WCHNET_ETHIsr     eth_driver_d8c_10m.o
    0x08002528   0x00000014   Code   RO         4991    i.WCHNET_GetGlobalInt  wchnet.lib(socket.o)
    0x0800253c   0x0000001c   Code   RO         4845    i.WCHNET_GetMacAddr  eth_driver_d8c_10m.o
    0x08002558   0x0000000c   Code   RO         4992    i.WCHNET_GetPHYStatus  wchnet.lib(socket.o)
    0x08002564   0x0000002c   Code   RO         4993    i.WCHNET_GetSocketInt  wchnet.lib(socket.o)
    0x08002590   0x00000004   Code   RO         4994    i.WCHNET_GetVer     wchnet.lib(socket.o)
    0x08002594   0x000000a0   Code   RO          165    i.WCHNET_HandleGlobalInt  main.o
    0x08002634   0x000001dc   Code   RO         4846    i.WCHNET_HandlePhyNegotiation  eth_driver_d8c_10m.o
    0x08002810   0x00000074   Code   RO          166    i.WCHNET_HandleSockInt  main.o
    0x08002884   0x00000080   Code   RO         4995    i.WCHNET_Init       wchnet.lib(socket.o)
    0x08002904   0x00000560   Code   RO         4847    i.WCHNET_LinkProcess  eth_driver_d8c_10m.o
    0x08002e64   0x00000014   Code   RO         4848    i.WCHNET_MainTask   eth_driver_d8c_10m.o
    0x08002e78   0x0000000c   Code   RO         5072    i.WCHNET_NetInput   wchnet.lib(eth_api.o)
    0x08002e84   0x0000015c   Code   RO         5073    i.WCHNET_PeriodicHandle  wchnet.lib(eth_api.o)
    0x08002fe0   0x00000098   Code   RO         4849    i.WCHNET_PhyPNProcess  eth_driver_d8c_10m.o
    0x08003078   0x0000004c   Code   RO         5074    i.WCHNET_PhyStatus  wchnet.lib(eth_api.o)
    0x080030c4   0x0000003c   Code   RO         4999    i.WCHNET_QueryGlobalInt  wchnet.lib(socket.o)
    0x08003100   0x0000002c   Code   RO         4850    i.WCHNET_RecProcess  eth_driver_d8c_10m.o
    0x0800312c   0x00000080   Code   RO         5075    i.WCHNET_Rx         wchnet.lib(eth_api.o)
    0x080031ac   0x000001a8   Code   RO         5005    i.WCHNET_SocketCreat  wchnet.lib(socket.o)
    0x08003354   0x000000b4   Code   RO         5007    i.WCHNET_SocketRecv  wchnet.lib(socket.o)
    0x08003408   0x00000044   Code   RO         5009    i.WCHNET_SocketSend  wchnet.lib(socket.o)
    0x0800344c   0x00000030   Code   RO         5076    i.WCHNET_Tx         wchnet.lib(eth_api.o)
    0x0800347c   0x00000046   Code   RO         5012    i.WCHScokedIntHandle  wchnet.lib(socket.o)
    0x080034c2   0x00000002   PAD
    0x080034c4   0x00000030   Code   RO         5013    i.WCHSocketInit     wchnet.lib(socket.o)
    0x080034f4   0x0000000e   Code   RO         5565    i._is_digit         c_w.l(__printf_wp.o)
    0x08003502   0x0000001e   Code   RO         5342    i.dhcp_arp_reply    wchnet.lib(dhcp.o)
    0x08003520   0x00000100   Code   RO         5346    i.dhcp_create_request  wchnet.lib(dhcp.o)
    0x08003620   0x000000c8   Code   RO         5347    i.dhcp_decline      wchnet.lib(dhcp.o)
    0x080036e8   0x0000001c   Code   RO         5348    i.dhcp_delete_request  wchnet.lib(dhcp.o)
    0x08003704   0x00000020   Code   RO         5357    i.dhcp_option       wchnet.lib(dhcp.o)
    0x08003724   0x00000010   Code   RO         5358    i.dhcp_option_byte  wchnet.lib(dhcp.o)
    0x08003734   0x00000042   Code   RO         5359    i.dhcp_option_long  wchnet.lib(dhcp.o)
    0x08003776   0x00000074   Code   RO         5360    i.dhcp_option_mac   wchnet.lib(dhcp.o)
    0x080037ea   0x00000030   Code   RO         5362    i.dhcp_option_trailer  wchnet.lib(dhcp.o)
    0x0800381a   0x0000000e   Code   RO         5369    i.dhcp_set_state    wchnet.lib(dhcp.o)
    0x08003828   0x000000fc   Code   RO         5303    i.etharp_arp_input  wchnet.lib(etharp.o)
    0x08003924   0x0000003c   Code   RO         5305    i.etharp_ip_input   wchnet.lib(etharp.o)
    0x08003960   0x000000b8   Code   RO         5306    i.etharp_output     wchnet.lib(etharp.o)
    0x08003a18   0x0000009c   Code   RO         5307    i.etharp_query      wchnet.lib(etharp.o)
    0x08003ab4   0x000000a6   Code   RO         5308    i.etharp_raw        wchnet.lib(etharp.o)
    0x08003b5a   0x00000002   PAD
    0x08003b5c   0x00000024   Code   RO         5309    i.etharp_request    wchnet.lib(etharp.o)
    0x08003b80   0x00000036   Code   RO         5310    i.etharp_send_ip    wchnet.lib(etharp.o)
    0x08003bb6   0x00000002   PAD
    0x08003bb8   0x00000048   Code   RO         5311    i.etharp_tmr        wchnet.lib(etharp.o)
    0x08003c00   0x00000072   Code   RO         5312    i.ethernet_input    wchnet.lib(etharp.o)
    0x08003c72   0x00000002   PAD
    0x08003c74   0x0000004c   Code   RO         5330    i.ethernetif_init   wchnet.lib(ethernetif.o)
    0x08003cc0   0x00000022   Code   RO         5331    i.ethernetif_input  wchnet.lib(ethernetif.o)
    0x08003ce2   0x00000002   PAD
    0x08003ce4   0x000000f0   Code   RO         5313    i.find_entry        wchnet.lib(etharp.o)
    0x08003dd4   0x00000024   Code   RO          338    i.fputc             debug.o
    0x08003df8   0x0000005c   Code   RO         5077    i.getTxBuffAddr     wchnet.lib(eth_api.o)
    0x08003e54   0x00000004   Code   RO         5270    i.htonl             wchnet.lib(inet.o)
    0x08003e58   0x00000004   Code   RO         5271    i.htons             wchnet.lib(inet.o)
    0x08003e5c   0x00000008   Code   RO         5497    i.icmp_dest_unreach  wchnet.lib(icmp.o)
    0x08003e64   0x00000178   Code   RO         5498    i.icmp_input        wchnet.lib(icmp.o)
    0x08003fdc   0x00000066   Code   RO         5499    i.icmp_send_response  wchnet.lib(icmp.o)
    0x08004042   0x00000008   Code   RO         5500    i.icmp_time_exceeded  wchnet.lib(icmp.o)
    0x0800404a   0x0000000c   Code   RO         5505    i.inet_chksum       wchnet.lib(inet_chksum.o)
    0x08004056   0x00000048   Code   RO         5506    i.inet_chksum_pbuf  wchnet.lib(inet_chksum.o)
    0x0800409e   0x00000002   PAD
    0x080040a0   0x00000098   Code   RO         5507    i.inet_chksum_pseudo  wchnet.lib(inet_chksum.o)
    0x08004138   0x00000030   Code   RO         5285    i.ip_addr_isbroadcast  wchnet.lib(ip_addr.o)
    0x08004168   0x00000138   Code   RO         5289    i.ip_frag           wchnet.lib(ip_frag.o)
    0x080042a0   0x000001e0   Code   RO         5513    i.ip_input          wchnet.lib(ip.o)
    0x08004480   0x00000034   Code   RO         5514    i.ip_output         wchnet.lib(ip.o)
    0x080044b4   0x000000d8   Code   RO         5515    i.ip_output_if      wchnet.lib(ip.o)
    0x0800458c   0x00000194   Code   RO         5290    i.ip_reass          wchnet.lib(ip_frag.o)
    0x08004720   0x000000f0   Code   RO         5291    i.ip_reass_chain_frag_into_datagram_and_validate  wchnet.lib(ip_frag.o)
    0x08004810   0x00000024   Code   RO         5292    i.ip_reass_dequeue_datagram  wchnet.lib(ip_frag.o)
    0x08004834   0x00000070   Code   RO         5293    i.ip_reass_free_complete_datagram  wchnet.lib(ip_frag.o)
    0x080048a4   0x00000038   Code   RO         5294    i.ip_reass_tmr      wchnet.lib(ip_frag.o)
    0x080048dc   0x00000048   Code   RO         5516    i.ip_route          wchnet.lib(ip.o)
    0x08004924   0x0000005c   Code   RO         5332    i.low_level_input   wchnet.lib(ethernetif.o)
    0x08004980   0x00000052   Code   RO         5333    i.low_level_output  wchnet.lib(ethernetif.o)
    0x080049d2   0x00000002   PAD
    0x080049d4   0x00000020   Code   RO         5433    i.lwip_init         wchnet.lib(init.o)
    0x080049f4   0x0000003c   Code   RO         5508    i.lwip_standard_chksum  wchnet.lib(inet_chksum.o)
    0x08004a30   0x00000024   Code   RO          167    i.mStopIfError      main.o
    0x08004a54   0x00000158   Code   RO          168    i.main              main.o
    0x08004bac   0x0000002c   Code   RO         5437    i.mem_free          wchnet.lib(mem.o)
    0x08004bd8   0x00000050   Code   RO         5438    i.mem_init          wchnet.lib(mem.o)
    0x08004c28   0x000000bc   Code   RO         5439    i.mem_malloc        wchnet.lib(mem.o)
    0x08004ce4   0x000000e4   Code   RO         5440    i.mem_realloc       wchnet.lib(mem.o)
    0x08004dc8   0x00000018   Code   RO         5450    i.memp_free         wchnet.lib(memp.o)
    0x08004de0   0x00000058   Code   RO         5451    i.memp_init         wchnet.lib(memp.o)
    0x08004e38   0x00000020   Code   RO         5452    i.memp_malloc       wchnet.lib(memp.o)
    0x08004e58   0x0000004c   Code   RO         5458    i.netif_add         wchnet.lib(netif.o)
    0x08004ea4   0x0000000a   Code   RO         5460    i.netif_is_up       wchnet.lib(netif.o)
    0x08004eae   0x00000020   Code   RO         5462    i.netif_set_addr    wchnet.lib(netif.o)
    0x08004ece   0x00000002   PAD
    0x08004ed0   0x0000000c   Code   RO         5463    i.netif_set_default  wchnet.lib(netif.o)
    0x08004edc   0x00000008   Code   RO         5465    i.netif_set_gw      wchnet.lib(netif.o)
    0x08004ee4   0x00000078   Code   RO         5466    i.netif_set_ipaddr  wchnet.lib(netif.o)
    0x08004f5c   0x00000008   Code   RO         5467    i.netif_set_netmask  wchnet.lib(netif.o)
    0x08004f64   0x00000004   Code   RO         5275    i.ntohl             wchnet.lib(inet.o)
    0x08004f68   0x00000004   Code   RO         5276    i.ntohs             wchnet.lib(inet.o)
    0x08004f6c   0x00000124   Code   RO         5113    i.pbuf_alloc        wchnet.lib(pbuf.o)
    0x08005090   0x00000028   Code   RO         5114    i.pbuf_cat          wchnet.lib(pbuf.o)
    0x080050b8   0x00000012   Code   RO         5115    i.pbuf_chain        wchnet.lib(pbuf.o)
    0x080050ca   0x00000012   Code   RO         5116    i.pbuf_clen         wchnet.lib(pbuf.o)
    0x080050dc   0x00000090   Code   RO         5118    i.pbuf_copy         wchnet.lib(pbuf.o)
    0x0800516c   0x00000044   Code   RO         5121    i.pbuf_free         wchnet.lib(pbuf.o)
    0x080051b0   0x00000060   Code   RO         5122    i.pbuf_header       wchnet.lib(pbuf.o)
    0x08005210   0x0000004e   Code   RO         5123    i.pbuf_realloc      wchnet.lib(pbuf.o)
    0x0800525e   0x0000000c   Code   RO         5124    i.pbuf_ref          wchnet.lib(pbuf.o)
    0x0800526a   0x00000002   PAD
    0x0800526c   0x00000054   Code   RO         5441    i.plug_holes        wchnet.lib(mem.o)
    0x080052c0   0x000000c0   Code   RO         4301    i.prvAddCurrentTaskToDelayedList  tasks.o
    0x08005380   0x000000e4   Code   RO         4302    i.prvAddNewTaskToReadyList  tasks.o
    0x08005464   0x00000048   Code   RO         4303    i.prvCheckTasksWaitingTermination  tasks.o
    0x080054ac   0x00000012   Code   RO         4304    i.prvDeleteTCB      tasks.o
    0x080054be   0x00000002   PAD
    0x080054c0   0x0000007c   Code   RO         4778    i.prvHeapInit       heap_4.o
    0x0800553c   0x00000028   Code   RO         4305    i.prvIdleTask       tasks.o
    0x08005564   0x0000008a   Code   RO         4306    i.prvInitialiseNewTask  tasks.o
    0x080055ee   0x00000002   PAD
    0x080055f0   0x00000068   Code   RO         4307    i.prvInitialiseTaskLists  tasks.o
    0x08005658   0x00000068   Code   RO         4779    i.prvInsertBlockIntoFreeList  heap_4.o
    0x080056c0   0x00000030   Code   RO         4308    i.prvResetNextTaskUnblockTime  tasks.o
    0x080056f0   0x00000016   Code   RO         4201    i.prvTaskExitError  port.o
    0x08005706   0x00000002   PAD
    0x08005708   0x000000fc   Code   RO         4780    i.pvPortMalloc      heap_4.o
    0x08005804   0x00000024   Code   RO         4202    i.pxPortInitialiseStack  port.o
    0x08005828   0x0000000a   Code   RO         5139    i.raw_bind          wchnet.lib(raw.o)
    0x08005832   0x0000000a   Code   RO         5140    i.raw_connect       wchnet.lib(raw.o)
    0x0800583c   0x00000068   Code   RO         5141    i.raw_input         wchnet.lib(raw.o)
    0x080058a4   0x0000002c   Code   RO         5142    i.raw_new           wchnet.lib(raw.o)
    0x080058d0   0x00000006   Code   RO         5143    i.raw_recv          wchnet.lib(raw.o)
    0x080058d6   0x00000006   Code   RO         5145    i.raw_send          wchnet.lib(raw.o)
    0x080058dc   0x0000008a   Code   RO         5146    i.raw_sendto        wchnet.lib(raw.o)
    0x08005966   0x00000002   PAD
    0x08005968   0x00000014   Code   RO         5078    i.setRxBuffAddr     wchnet.lib(eth_api.o)
    0x0800597c   0x00000040   Code   RO          169    i.task1_task        main.o
    0x080059bc   0x0000001c   Code   RO          170    i.task2_task        main.o
    0x080059d8   0x000000a4   Code   RO         5157    i.tcp_abandon       wchnet.lib(tcp.o)
    0x08005a7c   0x00000118   Code   RO         5160    i.tcp_alloc         wchnet.lib(tcp.o)
    0x08005b94   0x00000004   Code   RO         5161    i.tcp_arg           wchnet.lib(tcp.o)
    0x08005b98   0x000000bc   Code   RO         5162    i.tcp_bind          wchnet.lib(tcp.o)
    0x08005c54   0x000000b0   Code   RO         5163    i.tcp_close         wchnet.lib(tcp.o)
    0x08005d04   0x00000020   Code   RO         5166    i.tcp_eff_send_mss  wchnet.lib(tcp.o)
    0x08005d24   0x00000370   Code   RO         5223    i.tcp_enqueue       wchnet.lib(tcp_out.o)
    0x08006094   0x00000006   Code   RO         5167    i.tcp_err           wchnet.lib(tcp.o)
    0x0800609a   0x00000002   PAD
    0x0800609c   0x00000088   Code   RO         5168    i.tcp_fastsendack   wchnet.lib(tcp.o)
    0x08006124   0x00000068   Code   RO         5169    i.tcp_fasttmr       wchnet.lib(tcp.o)
    0x0800618c   0x00000348   Code   RO         5481    i.tcp_input         wchnet.lib(tcp_in.o)
    0x080064d4   0x0000005a   Code   RO         5224    i.tcp_keepalive     wchnet.lib(tcp_out.o)
    0x0800652e   0x00000002   PAD
    0x08006530   0x000000f4   Code   RO         5482    i.tcp_listen_input  wchnet.lib(tcp_in.o)
    0x08006624   0x00000006   Code   RO         5171    i.tcp_new           wchnet.lib(tcp.o)
    0x0800662a   0x00000002   PAD
    0x0800662c   0x00000060   Code   RO         5172    i.tcp_new_port      wchnet.lib(tcp.o)
    0x0800668c   0x00000010   Code   RO         5173    i.tcp_next_iss      wchnet.lib(tcp.o)
    0x0800669c   0x00000090   Code   RO         5483    i.tcp_oos_insert_segment  wchnet.lib(tcp_in.o)
    0x0800672c   0x000001ac   Code   RO         5225    i.tcp_output        wchnet.lib(tcp_out.o)
    0x080068d8   0x000000d0   Code   RO         5226    i.tcp_output_segment  wchnet.lib(tcp_out.o)
    0x080069a8   0x00000080   Code   RO         5227    i.tcp_output_set_header  wchnet.lib(tcp_out.o)
    0x08006a28   0x00000084   Code   RO         5484    i.tcp_parseopt      wchnet.lib(tcp_in.o)
    0x08006aac   0x00000046   Code   RO         5174    i.tcp_pcb_purge     wchnet.lib(tcp.o)
    0x08006af2   0x00000002   PAD
    0x08006af4   0x0000005c   Code   RO         5175    i.tcp_pcb_remove    wchnet.lib(tcp.o)
    0x08006b50   0x0000034c   Code   RO         5485    i.tcp_process       wchnet.lib(tcp_in.o)
    0x08006e9c   0x000006a4   Code   RO         5486    i.tcp_receive       wchnet.lib(tcp_in.o)
    0x08007540   0x00000024   Code   RO         5178    i.tcp_recv_null     wchnet.lib(tcp.o)
    0x08007564   0x0000003a   Code   RO         5179    i.tcp_recved        wchnet.lib(tcp.o)
    0x0800759e   0x00000002   PAD
    0x080075a0   0x0000004c   Code   RO         5017    i.tcp_recved_socket  wchnet.lib(socket.o)
    0x080075ec   0x0000004a   Code   RO         5228    i.tcp_rexmit        wchnet.lib(tcp_out.o)
    0x08007636   0x0000005c   Code   RO         5229    i.tcp_rexmit_fast   wchnet.lib(tcp_out.o)
    0x08007692   0x0000002e   Code   RO         5230    i.tcp_rexmit_rto    wchnet.lib(tcp_out.o)
    0x080076c0   0x000000b4   Code   RO         5231    i.tcp_rst           wchnet.lib(tcp_out.o)
    0x08007774   0x00000024   Code   RO         5180    i.tcp_seg_copy      wchnet.lib(tcp.o)
    0x08007798   0x00000020   Code   RO         5181    i.tcp_seg_free      wchnet.lib(tcp.o)
    0x080077b8   0x0000001a   Code   RO         5182    i.tcp_segs_free     wchnet.lib(tcp.o)
    0x080077d2   0x00000016   Code   RO         5232    i.tcp_send_ctrl     wchnet.lib(tcp_out.o)
    0x080077e8   0x0000006e   Code   RO         5233    i.tcp_send_empty_ack  wchnet.lib(tcp_out.o)
    0x08007856   0x00000002   PAD
    0x08007858   0x00000278   Code   RO         5185    i.tcp_slowtmr       wchnet.lib(tcp.o)
    0x08007ad0   0x0000006c   Code   RO         5487    i.tcp_timewait_input  wchnet.lib(tcp_in.o)
    0x08007b3c   0x00000020   Code   RO         5186    i.tcp_tmr           wchnet.lib(tcp.o)
    0x08007b5c   0x00000034   Code   RO         5187    i.tcp_update_rcv_ann_wnd  wchnet.lib(tcp.o)
    0x08007b90   0x0000002e   Code   RO         5234    i.tcp_write         wchnet.lib(tcp_out.o)
    0x08007bbe   0x000000aa   Code   RO         5235    i.tcp_zero_window_probe  wchnet.lib(tcp_out.o)
    0x08007c68   0x00000074   Code   RO         5249    i.udp_bind          wchnet.lib(udp.o)
    0x08007cdc   0x00000074   Code   RO         5250    i.udp_connect       wchnet.lib(udp.o)
    0x08007d50   0x000001d0   Code   RO         5252    i.udp_input         wchnet.lib(udp.o)
    0x08007f20   0x0000001a   Code   RO         5253    i.udp_new           wchnet.lib(udp.o)
    0x08007f3a   0x00000006   Code   RO         5254    i.udp_recv          wchnet.lib(udp.o)
    0x08007f40   0x00000008   Code   RO         5256    i.udp_send          wchnet.lib(udp.o)
    0x08007f48   0x00000028   Code   RO         5257    i.udp_sendto        wchnet.lib(udp.o)
    0x08007f70   0x000000d0   Code   RO         5258    i.udp_sendto_if     wchnet.lib(udp.o)
    0x08008040   0x00000084   Code   RO         5314    i.update_arp_entry  wchnet.lib(etharp.o)
    0x080080c4   0x00000028   Code   RO         4742    i.uxListRemove      list.o
    0x080080ec   0x0000001a   Code   RO         4743    i.vListInitialise   list.o
    0x08008106   0x00000006   Code   RO         4744    i.vListInitialiseItem  list.o
    0x0800810c   0x00000034   Code   RO         4745    i.vListInsert       list.o
    0x08008140   0x00000024   Code   RO         4204    i.vPortEnterCritical  port.o
    0x08008164   0x00000020   Code   RO         4205    i.vPortExitCritical  port.o
    0x08008184   0x00000058   Code   RO         4781    i.vPortFree         heap_4.o
    0x080081dc   0x00000018   Code   RO         4206    i.vPortSetupTimerInterrupt  port.o
    0x080081f4   0x00000034   Code   RO         4316    i.vTaskDelay        tasks.o
    0x08008228   0x0000006c   Code   RO         4328    i.vTaskStartScheduler  tasks.o
    0x08008294   0x00000010   Code   RO         4330    i.vTaskSuspendAll   tasks.o
    0x080082a4   0x00000060   Code   RO         4331    i.vTaskSwitchContext  tasks.o
    0x08008304   0x0000006c   Code   RO         5334    i.wch_ethernetif_init  wchnet.lib(ethernetif.o)
    0x08008370   0x00000034   Code   RO         4207    i.xPortStartScheduler  port.o
    0x080083a4   0x00000060   Code   RO         4334    i.xTaskCreate       tasks.o
    0x08008404   0x00000190   Code   RO         4342    i.xTaskIncrementTick  tasks.o
    0x08008594   0x0000015c   Code   RO         4344    i.xTaskResumeAll    tasks.o
    0x080086f0   0x00000020   Data   RO         4853    .constdata          eth_driver_d8c_10m.o
    0x08008710   0x00000010   Data   RO         5019    .constdata          wchnet.lib(socket.o)
    0x08008720   0x00000014   Data   RO         5188    .constdata          wchnet.lib(tcp.o)
    0x08008734   0x00000004   Data   RO         5286    .constdata          wchnet.lib(ip_addr.o)
    0x08008738   0x00000004   Data   RO         5287    .constdata          wchnet.lib(ip_addr.o)
    0x0800873c   0x0000000c   Data   RO         5315    .constdata          wchnet.lib(etharp.o)
    0x08008748   0x00000028   Data   RO         5538    .constdata          c_w.l(_printf_hex_int.o)
    0x08008770   0x00000011   Data   RO         5568    .constdata          c_w.l(__printf_flags_wp.o)
    0x08008781   0x00000003   PAD
    0x08008784   0x00000075   Data   RO         5189    .conststring        wchnet.lib(tcp.o)
    0x080087f9   0x00000003   PAD
    0x080087fc   0x00000020   Data   RO         5762    Region$$Table       anon$$obj.o


    Execution Region RW_IRAM1 (Base: 0x20000000, Size: 0x00009420, Max: 0x00010000, ABSOLUTE, COMPRESSED[0x00000078])

    Base Addr    Size         Type   Attr      Idx    E Section Name        Object

    0x20000000   0x00000024   Data   RW          172    .data               main.o
    0x20000024   0x00000014   Data   RW          286    .data               system_ch32f20x.o
    0x20000038   0x00000008   Data   RW          339    .data               debug.o
    0x20000040   0x00000014   Data   RW         2066    .data               ch32f20x_rcc.o
    0x20000054   0x00000010   Data   RW         3687    .data               ch32f20x_eth.o
    0x20000064   0x00000004   Data   RW         4208    .data               port.o
    0x20000068   0x00000040   Data   RW         4347    .data               tasks.o
    0x200000a8   0x00000020   Data   RW         4787    .data               heap_4.o
    0x200000c8   0x00000030   Data   RW         4854    .data               eth_driver_d8c_10m.o
    0x200000f8   0x00000001   Data   RW         5020    .data               wchnet.lib(socket.o)
    0x200000f9   0x00000003   PAD
    0x200000fc   0x00000008   Data   RW         5021    .data               wchnet.lib(socket.o)
    0x20000104   0x00000024   Data   RW         5079    .data               wchnet.lib(eth_api.o)
    0x20000128   0x00000004   Data   RW         5147    .data               wchnet.lib(raw.o)
    0x2000012c   0x0000004c   Data   RW         5190    .data               wchnet.lib(tcp.o)
    0x20000178   0x00000004   Data   RW         5259    .data               wchnet.lib(udp.o)
    0x2000017c   0x00000008   Data   RW         5295    .data               wchnet.lib(ip_frag.o)
    0x20000184   0x00000008   Data   RW         5316    .data               wchnet.lib(etharp.o)
    0x2000018c   0x00000008   Data   RW         5336    .data               wchnet.lib(ethernetif.o)
    0x20000194   0x00000004   Data   RW         5374    .data               wchnet.lib(dhcp.o)
    0x20000198   0x00000010   Data   RW         5442    .data               wchnet.lib(mem.o)
    0x200001a8   0x0000000c   Data   RW         5454    .data               wchnet.lib(memp.o)
    0x200001b4   0x0000000c   Data   RW         5469    .data               wchnet.lib(netif.o)
    0x200001c0   0x0000001c   Data   RW         5489    .data               wchnet.lib(tcp_in.o)
    0x200001dc   0x00000002   Data   RW         5517    .data               wchnet.lib(ip.o)
    0x200001de   0x00000002   PAD
    0x200001e0   0x00000b80   Zero   RW          171    .bss                main.o
    0x20000d60   0x000000c8   Zero   RW         4346    .bss                tasks.o
    0x20000e28   0x00003000   Zero   RW         4786    .bss                heap_4.o
    0x20003e28   0x00004e38   Zero   RW         4852    .bss                eth_driver_d8c_10m.o
    0x20008c60   0x0000007c   Zero   RW         5018    .bss                wchnet.lib(socket.o)
    0x20008cdc   0x0000000a   Zero   RW         5091    .bss                wchnet.lib(ipcheck.o)
    0x20008ce6   0x00000002   PAD
    0x20008ce8   0x00000058   Zero   RW         5100    .bss                wchnet.lib(net_dhcp.o)
    0x20008d40   0x00000014   Zero   RW         5109    .bss                wchnet.lib(net_dns.o)
    0x20008d54   0x00000038   Zero   RW         5335    .bss                wchnet.lib(ethernetif.o)
    0x20008d8c   0x00000020   Zero   RW         5453    .bss                wchnet.lib(memp.o)
    0x20008dac   0x00000014   Zero   RW         5488    .bss                wchnet.lib(tcp_in.o)
    0x20008dc0   0x00000060   Zero   RW         5636    .bss                c_w.l(libspace.o)
    0x20008e20   0x00000200   Zero   RW          317    HEAP                startup_ch32f20x_d8c.o
    0x20009020   0x00000400   Zero   RW          316    STACK               startup_ch32f20x_d8c.o


==============================================================================

Image component sizes


      Code (inc. data)   RO Data    RW Data    ZI Data      Debug   Object Name

        12          6          0          0          0        499   ch32f20x_dbgmcu.o
       816         84          0         16          0      49280   ch32f20x_eth.o
        12          6          0          0          0        521   ch32f20x_exti.o
       286          0          0          0          0       2684   ch32f20x_gpio.o
        42          0          0          0          0     218027   ch32f20x_it.o
         0          0          0          0          0     153560   ch32f20x_opa.o
       644         66          0         20          0       7040   ch32f20x_rcc.o
       258          4          0          0          0       4072   ch32f20x_usart.o
       160         14          0          8          0       3884   debug.o
      4494        492         32         48      20024      33294   eth_driver_d8c_10m.o
       568         72          0         32      12288       3887   heap_4.o
       124          0          0          0          0       2561   list.o
      1072        376          0         36       2944      24702   main.o
       404         48          0          4          0       9248   port.o
        64         26        416          0       1536        844   startup_ch32f20x_d8c.o
       676         48          0         20          0       2793   system_ch32f20x.o
      1956        262          0         64        200      25735   tasks.o
         0          0          0          0          0       2500   timers.o

    ----------------------------------------------------------------------
     11612       1504        480        248      36992     545131   Object Totals
         0          0         32          0          0          0   (incl. Generated)
        24          0          0          0          0          0   (incl. Padding)

    ----------------------------------------------------------------------

      Code (inc. data)   RO Data    RW Data    ZI Data      Debug   Library Member Name

        90          0          0          0          0          0   __dczerorl2.o
         8          0          0          0          0         68   __main.o
       312          4         17          0          0         92   __printf_flags_wp.o
        14          0          0          0          0         68   __printf_wp.o
         0          0          0          0          0          0   __rtentry.o
        12          0          0          0          0          0   __rtentry2.o
         6          0          0          0          0          0   __rtentry4.o
        52          8          0          0          0          0   __scatter.o
        28          0          0          0          0          0   __scatter_zi.o
        48          6          0          0          0         96   _printf_char_common.o
        36          4          0          0          0         80   _printf_char_file.o
         6          0          0          0          0          0   _printf_d.o
       120         16          0          0          0         92   _printf_dec.o
        88          4         40          0          0         88   _printf_hex_int.o
       178          0          0          0          0         88   _printf_intcommon.o
        78          0          0          0          0        108   _printf_pad.o
         0          0          0          0          0          0   _printf_percent.o
         4          0          0          0          0          0   _printf_percent_end.o
         6          0          0          0          0          0   _printf_x.o
        18          0          0          0          0         80   exit.o
         8          0          0          0          0         68   ferror.o
         6          0          0          0          0        152   heapauxi.o
         0          0          0          0          0          0   indicate_semi.o
         2          0          0          0          0          0   libinit.o
         2          0          0          0          0          0   libinit2.o
         2          0          0          0          0          0   libshutdown.o
         2          0          0          0          0          0   libshutdown2.o
         8          4          0          0         96         68   libspace.o
        24          4          0          0          0         84   noretval__2printf.o
        78          0          0          0          0         80   rt_memclr_w.o
       138          0          0          0          0         68   rt_memcpy_v6.o
       100          0          0          0          0         80   rt_memcpy_w.o
         2          0          0          0          0          0   rtexit.o
        10          0          0          0          0          0   rtexit2.o
        12          4          0          0          0         68   sys_exit.o
        74          0          0          0          0         80   sys_stackheap_outer.o
         2          0          0          0          0         68   use_no_semi.o
       806         14          0          4          0        744   dhcp.o
       724         88          0         36          0        560   eth_api.o
      1466         46         12          8          0        960   etharp.o
       392         56          0          8         56        416   ethernetif.o
       494          0          0          0          0        344   icmp.o
        16          0          0          0          0        272   inet.o
       296          4          0          0          0        324   inet_chksum.o
        32          6          0          0          0         84   init.o
       820         20          0          2          0        380   ip.o
        48          0          8          0          0         68   ip_addr.o
      1160         34          0          8          0        524   ip_frag.o
       168         28          0          0         10        292   ipcheck.o
       624         38          0         16          0        404   mem.o
       144         20          0         12         32        216   memp.o
         0          0          0          0         88          0   net_dhcp.o
         0          0          0          0         20          0   net_dns.o
       266         20          0         12          0        528   netif.o
       766          4          0          0          0        704   pbuf.o
       318         10          0          4          0        528   raw.o
      2558        198         16          9        124       2080   socket.o
      2334         92        137         76          0       1852   tcp.o
      4012        104          0         28         20        692   tcp_in.o
      2474         24          0          0          0       1124   tcp_out.o
       984         14          0          4          0        668   udp.o

    ----------------------------------------------------------------------
     22516        874        236        232        448      15440   Library Totals
        40          0          6          5          2          0   (incl. Padding)

    ----------------------------------------------------------------------

      Code (inc. data)   RO Data    RW Data    ZI Data      Debug   Library Name

      1574         54         57          0         96       1676   c_w.l
     20902        820        173        227        350      13764   wchnet.lib

    ----------------------------------------------------------------------
     22516        874        236        232        448      15440   Library Totals

    ----------------------------------------------------------------------

==============================================================================


      Code (inc. data)   RO Data    RW Data    ZI Data      Debug   

     34128       2378        716        480      37440     546007   Grand Totals
     34128       2378        716        120      37440     546007   ELF Image Totals (compressed)
     34128       2378        716        120          0          0   ROM Totals

==============================================================================

    Total RO  Size (Code + RO Data)                34844 (  34.03kB)
    Total RW  Size (RW Data + ZI Data)             37920 (  37.03kB)
    Total ROM Size (Code + RO Data + RW Data)      34964 (  34.14kB)

==============================================================================

